Component: ARM Compiler 5.06 update 4 (build 422) Tool: armlink [4d35d2]

==============================================================================

Section Cross References

    system_stm32f4xx.o(i.SystemCoreClockUpdate) refers to system_stm32f4xx.o(.data) for .data
    system_stm32f4xx.o(i.SystemCoreClockUpdate) refers to system_stm32f4xx.o(.constdata) for .constdata
    usb_device.o(i.MX_USB_DEVICE_Init) refers to usbd_core.o(i.USBD_Init) for USBD_Init
    usb_device.o(i.MX_USB_DEVICE_Init) refers to usbd_core.o(i.USBD_RegisterClass) for USBD_RegisterClass
    usb_device.o(i.MX_USB_DEVICE_Init) refers to usbd_cdc.o(i.USBD_CDC_RegisterInterface) for USBD_CDC_RegisterInterface
    usb_device.o(i.MX_USB_DEVICE_Init) refers to usbd_core.o(i.USBD_Start) for USBD_Start
    usb_device.o(i.MX_USB_DEVICE_Init) refers to usbd_desc.o(.data) for FS_Desc
    usb_device.o(i.MX_USB_DEVICE_Init) refers to usb_device.o(.bss) for .bss
    usb_device.o(i.MX_USB_DEVICE_Init) refers to usbd_cdc.o(.data) for USBD_CDC
    usb_device.o(i.MX_USB_DEVICE_Init) refers to usbd_cdc_if.o(.data) for USBD_Interface_fops_FS
    usbd_cdc_if.o(i.CDC_Init_FS) refers to usbd_cdc.o(i.USBD_CDC_SetTxBuffer) for USBD_CDC_SetTxBuffer
    usbd_cdc_if.o(i.CDC_Init_FS) refers to usbd_cdc.o(i.USBD_CDC_SetRxBuffer) for USBD_CDC_SetRxBuffer
    usbd_cdc_if.o(i.CDC_Init_FS) refers to usbd_cdc_if.o(.bss) for .bss
    usbd_cdc_if.o(i.CDC_Init_FS) refers to usb_device.o(.bss) for hUsbDeviceFS
    usbd_cdc_if.o(i.CDC_Receive_FS) refers to memmove.o(.text) for __aeabi_memcpy
    usbd_cdc_if.o(i.CDC_Receive_FS) refers to peripherals.o(i.onUSBReceived) for onUSBReceived
    usbd_cdc_if.o(i.CDC_Receive_FS) refers to memseta.o(.text) for __aeabi_memclr
    usbd_cdc_if.o(i.CDC_Receive_FS) refers to usbd_cdc.o(i.USBD_CDC_SetRxBuffer) for USBD_CDC_SetRxBuffer
    usbd_cdc_if.o(i.CDC_Receive_FS) refers to usbd_cdc.o(i.USBD_CDC_ReceivePacket) for USBD_CDC_ReceivePacket
    usbd_cdc_if.o(i.CDC_Receive_FS) refers to usbd_cdc_if.o(.bss) for .bss
    usbd_cdc_if.o(i.CDC_Receive_FS) refers to usb_device.o(.bss) for hUsbDeviceFS
    usbd_cdc_if.o(i.CDC_Transmit_FS) refers to usbd_cdc.o(i.USBD_CDC_SetTxBuffer) for USBD_CDC_SetTxBuffer
    usbd_cdc_if.o(i.CDC_Transmit_FS) refers to usbd_cdc.o(i.USBD_CDC_TransmitPacket) for USBD_CDC_TransmitPacket
    usbd_cdc_if.o(i.CDC_Transmit_FS) refers to usb_device.o(.bss) for hUsbDeviceFS
    usbd_cdc_if.o(.data) refers to usbd_cdc_if.o(i.CDC_Init_FS) for CDC_Init_FS
    usbd_cdc_if.o(.data) refers to usbd_cdc_if.o(i.CDC_DeInit_FS) for CDC_DeInit_FS
    usbd_cdc_if.o(.data) refers to usbd_cdc_if.o(i.CDC_Control_FS) for CDC_Control_FS
    usbd_cdc_if.o(.data) refers to usbd_cdc_if.o(i.CDC_Receive_FS) for CDC_Receive_FS
    usbd_conf.o(i.HAL_PCDEx_LPM_Callback) refers to usbd_core.o(i.USBD_LL_Suspend) for USBD_LL_Suspend
    usbd_conf.o(i.HAL_PCDEx_LPM_Callback) refers to main.o(i.SystemClock_Config) for SystemClock_Config
    usbd_conf.o(i.HAL_PCDEx_LPM_Callback) refers to usbd_core.o(i.USBD_LL_Resume) for USBD_LL_Resume
    usbd_conf.o(i.HAL_PCD_ConnectCallback) refers to usbd_core.o(i.USBD_LL_DevConnected) for USBD_LL_DevConnected
    usbd_conf.o(i.HAL_PCD_DataInStageCallback) refers to usbd_core.o(i.USBD_LL_DataInStage) for USBD_LL_DataInStage
    usbd_conf.o(i.HAL_PCD_DataOutStageCallback) refers to usbd_core.o(i.USBD_LL_DataOutStage) for USBD_LL_DataOutStage
    usbd_conf.o(i.HAL_PCD_DisconnectCallback) refers to usbd_core.o(i.USBD_LL_DevDisconnected) for USBD_LL_DevDisconnected
    usbd_conf.o(i.HAL_PCD_ISOINIncompleteCallback) refers to usbd_core.o(i.USBD_LL_IsoINIncomplete) for USBD_LL_IsoINIncomplete
    usbd_conf.o(i.HAL_PCD_ISOOUTIncompleteCallback) refers to usbd_core.o(i.USBD_LL_IsoOUTIncomplete) for USBD_LL_IsoOUTIncomplete
    usbd_conf.o(i.HAL_PCD_MspDeInit) refers to stm32f4xx_hal_gpio.o(i.HAL_GPIO_DeInit) for HAL_GPIO_DeInit
    usbd_conf.o(i.HAL_PCD_MspDeInit) refers to stm32f4xx_hal_cortex.o(i.HAL_NVIC_DisableIRQ) for HAL_NVIC_DisableIRQ
    usbd_conf.o(i.HAL_PCD_MspInit) refers to stm32f4xx_hal_gpio.o(i.HAL_GPIO_Init) for HAL_GPIO_Init
    usbd_conf.o(i.HAL_PCD_MspInit) refers to stm32f4xx_hal_cortex.o(i.HAL_NVIC_SetPriority) for HAL_NVIC_SetPriority
    usbd_conf.o(i.HAL_PCD_MspInit) refers to stm32f4xx_hal_cortex.o(i.HAL_NVIC_EnableIRQ) for HAL_NVIC_EnableIRQ
    usbd_conf.o(i.HAL_PCD_ResetCallback) refers to usbd_core.o(i.USBD_LL_SetSpeed) for USBD_LL_SetSpeed
    usbd_conf.o(i.HAL_PCD_ResetCallback) refers to usbd_core.o(i.USBD_LL_Reset) for USBD_LL_Reset
    usbd_conf.o(i.HAL_PCD_ResumeCallback) refers to usbd_core.o(i.USBD_LL_Resume) for USBD_LL_Resume
    usbd_conf.o(i.HAL_PCD_SOFCallback) refers to usbd_core.o(i.USBD_LL_SOF) for USBD_LL_SOF
    usbd_conf.o(i.HAL_PCD_SetupStageCallback) refers to usbd_core.o(i.USBD_LL_SetupStage) for USBD_LL_SetupStage
    usbd_conf.o(i.HAL_PCD_SuspendCallback) refers to usbd_core.o(i.USBD_LL_Suspend) for USBD_LL_Suspend
[...]
    __rw::__rb_tree<char, std::pair<const char, USBData>, __rw::__select1st<std::pair<const char, USBData>, char>, std::less<char>, std::allocator<std::pair<const char, USBData>>>::erase(__rw::__rw_tree_iter<std::pair<const char, USBData>, int, std::pair<const char, USBData>*, std::pair<const char, USBData>&, __rw::__rw_rb_tree_node<std::allocator<std::pair<const char, USBData>>, std::pair<const char, USBData>, char, __rw::__select1st<std::pair<const char, USBData>, char>>>, __rw::__rw_tree_iter<std::pair<const char, USBData>, int, std::pair<const char, USBData>*, std::pair<const char, USBData>&, __rw::__rw_rb_tree_node<std::allocator<std::pair<const char, USBData>>, std::pair<const char, USBData>, char, __rw::__select1st<std::pair<const char, USBData>, char>>>) 0x0800d51d   Thumb Code  1392  event_horizon.o(t._ZN4__rw9__rb_treeIcSt4pairIKc7USBDataENS_11__select1stIS4_cEESt4lessIcESaIS4_EE5eraseENS_14__rw_tree_iterIS4_iPS4_RS4_NS_17__rw_rb_tree_nodeIS9_S4_cS6_EEEESG_)
    __rw::__rb_tree<char, std::pair<const char, USBData>, __rw::__select1st<std::pair<const char, USBData>, char>, std::less<char>, std::allocator<std::pair<const char, USBData>>>::_C_copy(__rw::__rw_rb_tree_node<std::allocator<std::pair<const char, USBData>>, std::pair<const char, USBData>, char, __rw::__select1st<std::pair<const char, USBData>, char>>*, __rw::__rw_rb_tree_node<std::allocator<std::pair<const char, USBData>>, std::pair<const char, USBData>, char, __rw::__select1st<std::pair<const char, USBData>, char>>*) 0x0800da8d   Thumb Code   226  screen_apps.o(t._ZN4__rw9__rb_treeIcSt4pairIKc7USBDataENS_11__select1stIS4_cEESt4lessIcESaIS4_EE7_C_copyEPNS_17__rw_rb_tree_nodeIS9_S4_cS6_EESD_)
    __rw::__rb_tree<char, std::pair<const char, USBData>, __rw::__select1st<std::pair<const char, USBData>, char>, std::less<char>, std::allocator<std::pair<const char, USBData>>>::_C_erase(__rw::__rw_rb_tree_node<std::allocator<std::pair<const char, USBData>>, std::pair<const char, USBData>, char, __rw::__select1st<std::pair<const char, USBData>, char>>*) 0x0800db6f   Thumb Code    34  event_horizon.o(t._ZN4__rw9__rb_treeIcSt4pairIKc7USBDataENS_11__select1stIS4_cEESt4lessIcESaIS4_EE8_C_eraseEPNS_17__rw_rb_tree_nodeIS9_S4_cS6_EE)
    __rw::__rb_tree<char, std::pair<const char, USBData>, __rw::__select1st<std::pair<const char, USBData>, char>, std::less<char>, std::allocator<std::pair<const char, USBData>>>::_C_insert(__rw::__rw_rb_tree_node<std::allocator<std::pair<const char, USBData>>, std::pair<const char, USBData>, char, __rw::__select1st<std::pair<const char, USBData>, char>>*, __rw::__rw_rb_tree_node<std::allocator<std::pair<const char, USBData>>, std::pair<const char, USBData>, char, __rw::__select1st<std::pair<const char, USBData>, char>>*, const std::pair<const char, USBData>&) 0x0800db91   Thumb Code   584  app.o(t._ZN4__rw9__rb_treeIcSt4pairIKc7USBDataENS_11__select1stIS4_cEESt4lessIcESaIS4_EE9_C_insertEPNS_17__rw_rb_tree_nodeIS9_S4_cS6_EESD_RKS4_)
    std::messages<char>::do_get(int, int, int, const std::basic_string<char, std::char_traits<char>, std::allocator<char>>&) const 0x0800ddd9   Thumb Code   136  rwstdexcept.o(t._ZNKSt8messagesIcE6do_getEiiiRKSs)
    std::messages<char>::do_open(const std::basic_string<char, std::char_traits<char>, std::allocator<char>>&, const std::locale&) const 0x0800de69   Thumb Code     6  rwstdexcept.o(t._ZNKSt8messagesIcE7do_openERKSsRKSt6locale)
    std::basic_string<char, std::char_traits<char>, std::allocator<char>>::_C_allocate(unsigned, unsigned, unsigned) 0x0800de6f   Thumb Code    50  locale.o(t._ZNSs11_C_allocateEjjj)
    std::basic_string<char, std::char_traits<char>, std::allocator<char>>::begin() 0x0800dea1   Thumb Code    84  char.o(t._ZNSs5beginEv)
    std::basic_string<char, std::char_traits<char>, std::allocator<char>>::replace(unsigned, unsigned, const char*, unsigned) 0x0800def9   Thumb Code    24  locale.o(t._ZNSs7replaceEjjPKcj)
    std::basic_string<char, std::char_traits<char>, std::allocator<char>>::replace(unsigned, unsigned, const char*, unsigned, unsigned, unsigned) 0x0800df11   Thumb Code   352  char.o(t._ZNSs7replaceEjjPKcjjj)
    std::basic_string<char, std::char_traits<char>, std::allocator<char>>::_C_getRep(unsigned, unsigned) 0x0800e079   Thumb Code   108  char.o(t._ZNSs9_C_getRepEjj)
    std::basic_string<char, std::char_traits<char>, std::allocator<char>>::_C_unlink() 0x0800e0ed   Thumb Code    66  char.o(t._ZNSs9_C_unlinkEv)
    std::basic_string<char, std::char_traits<char>, std::allocator<char>>::basic_string(const char*, const std::allocator<char>&) 0x0800e135   Thumb Code    52  locale.o(t._ZNSsC1EPKcRKSaIcE)
    std::basic_string<char, std::char_traits<char>, std::allocator<char>>::basic_string__sub_object(const char*, const std::allocator<char>&) 0x0800e135   Thumb Code     0  locale.o(t._ZNSsC1EPKcRKSaIcE)
    std::basic_string<char, std::char_traits<char>, std::allocator<char>>::basic_string(const std::allocator<char>&) 0x0800e16d   Thumb Code    12  locale.o(t._ZNSsC1ERKSaIcE)
    std::basic_string<char, std::char_traits<char>, std::allocator<char>>::basic_string__sub_object(const std::allocator<char>&) 0x0800e16d   Thumb Code     0  locale.o(t._ZNSsC1ERKSaIcE)
    std::basic_string<char, std::char_traits<char>, std::allocator<char>>::basic_string(const std::basic_string<char, std::char_traits<char>, std::allocator<char>>&) 0x0800e17d   Thumb Code    62  char.o(t._ZNSsC1ERKSs)
    std::basic_string<char, std::char_traits<char>, std::allocator<char>>::basic_string__sub_object(const std::basic_string<char, std::char_traits<char>, std::allocator<char>>&) 0x0800e17d   Thumb Code     0  char.o(t._ZNSsC1ERKSs)
    std::basic_string<char, std::char_traits<char>, std::allocator<char>>::~basic_string() 0x0800e1bb   Thumb Code    12  char.o(t._ZNSsD1Ev)
    std::basic_string<char, std::char_traits<char>, std::allocator<char>>::~basic_string__sub_object() 0x0800e1bb   Thumb Code     0  char.o(t._ZNSsD1Ev)
    std::basic_string<char, std::char_traits<char>, std::allocator<char>>::operator =(const char*) 0x0800e1c9   Thumb Code    70  locale.o(t._ZNSsaSEPKc)
    std::basic_string<char, std::char_traits<char>, std::allocator<char>>::operator =(const std::basic_string<char, std::char_traits<char>, std::allocator<char>>&) 0x0800e215   Thumb Code    62  locale.o(t._ZNSsaSERKSs)
    std::map<std::basic_string<char, std::char_traits<char>, std::allocator<char>>, App, std::less<std::basic_string<char, std::char_traits<char>, std::allocator<char>>>, std::allocator<std::pair<const std::basic_string<char, std::char_traits<char>, std::allocator<char>>, App>>>::operator [](const std::basic_string<char, std::char_traits<char>, std::allocator<char>>&) 0x0800e253   Thumb Code   570  screen_apps.o(t._ZNSt3mapISs3AppSt4lessISsESaISt4pairIKSsS0_EEEixERS4_)
    std::map<char, USBData, std::less<char>, std::allocator<std::pair<const char, USBData>>>::operator [](const char&) 0x0800e48d   Thumb Code   244  app.o(t._ZNSt3mapIc7USBDataSt4lessIcESaISt4pairIKcS0_EEEixERS4_)
    std::vector<Notification, std::allocator<Notification>>::~vector() 0x0800e581   Thumb Code    42  notification_center.o(t._ZNSt6vectorI12NotificationSaIS0_EED1Ev)
    std::vector<Notification, std::allocator<Notification>>::~vector__sub_object() 0x0800e581   Thumb Code     0  notification_center.o(t._ZNSt6vectorI12NotificationSaIS0_EED1Ev)
    std::vector<News, std::allocator<News>>::~vector() 0x0800e5ad   Thumb Code    92  notification_center.o(t._ZNSt6vectorI4NewsSaIS0_EED1Ev)
    std::vector<News, std::allocator<News>>::~vector__sub_object() 0x0800e5ad   Thumb Code     0  notification_center.o(t._ZNSt6vectorI4NewsSaIS0_EED1Ev)
    const T1& std::max<unsigned>(const T1&, const T1&) 0x0800e60d   Thumb Code    12  char.o(t._ZSt3maxIjERKT_S2_S2_)
    AHBPrescTable                            0x0800e618   Data          16  system_stm32f4xx.o(.constdata)
    std::ctype<char>::_C_classic_table       0x0800e684   Data         512  char.o(.constdata)
    __ctype_table                            0x0800e9a8   Data         129  ctype_o.o(.constdata)
    vtable for ScreenApps                    0x0800ea30   Data          24  screen_apps.o(.constdata__ZTV10ScreenApps)
    vtable for ScreenBoot                    0x0800ea48   Data          24  screen_boot.o(.constdata__ZTV10ScreenBoot)
    vtable for ScreenHome                    0x0800ea60   Data          24  screen_home.o(.constdata__ZTV10ScreenHome)
    vtable for ScreenError                   0x0800ea78   Data          24  screen_error.o(.constdata__ZTV11ScreenError)
    vtable for Screen                        0x0800ea90   Data          24  screen.o(.constdata__ZTV6Screen)
    vtable for std::locale::facet            0x0800eaa8   Data          20  rwstdexcept.o(.constdata__ZTVNSt6locale5facetE)
    vtable for std::ctype_byname<char>       0x0800eabc   Data          52  char.o(.constdata__ZTVSt12ctype_bynameIcE)
    vtable for std::__rw_exception           0x0800eaf0   Data          20  rwstdexcept.o(.constdata__ZTVSt14__rw_exception)
    vtable for std::ctype<char>              0x0800eb04   Data          52  char.o(.constdata__ZTVSt5ctypeIcE)
    vtable for std::messages<char>           0x0800eb38   Data          32  rwstdexcept.o(.constdata__ZTVSt8messagesIcE)
    vtable for std::exception                0x0800eb58   Data          20  exception_dtor.o(.constdata__ZTVSt9exception)
    __rw::__rw_locale_imp::_C_category_name(int) const::string 0x0800eb6c   Data           1  locale.o(.constdata__ZZNK4__rw15__rw_locale_imp16_C_category_nameEiEs)
    std::basic_string<char, std::char_traits<char>, std::allocator<char>>::append(const std::basic_string<char, std::char_traits<char>, std::allocator<char>>&, unsigned, unsigned)::string 0x0800eb6d   Data           1  screen_home.o(.constdata__ZZNSs6appendERKSsjjEs)
    std::basic_string<char, std::char_traits<char>, std::allocator<char>>::replace(unsigned, unsigned, const char*, unsigned, unsigned, unsigned)::string 0x0800eb6e   Data           1  screen_home.o(.constdata__ZZNSs7replaceEjjPKcjjjEs)
    std::basic_string<char, std::char_traits<char>, std::allocator<char>>::_C_getRep(unsigned, unsigned)::string 0x0800eb6f   Data           1  screen_home.o(.constdata__ZZNSs9_C_getRepEjjEs)
    std::vector<Notification, std::allocator<Notification>>::at(unsigned)::string 0x0800eb70   Data           1  screen_home.o(.constdata__ZZNSt6vectorI12NotificationSaIS0_EE2atEjEs)
    std::vector<Layer*, std::allocator<Layer*>>::at(unsigned)::string 0x0800eb71   Data           1  renderer.o(.constdata__ZZNSt6vectorIP5LayerSaIS1_EE2atEjEs)
    std::messages<char>::messages(unsigned)::string 0x0800eb72   Data           2  rwstdexcept.o(.constdata__ZZNSt8messagesIcEC1EjEs)
    Region$$Table$$Base                      0x0800ede8   Number         0  anon$$obj.o(Region$$Table)
    Region$$Table$$Limit                     0x0800ee08   Number         0  anon$$obj.o(Region$$Table)
    SHT$$INIT_ARRAY$$Base                    0x0800ee08   Number         0  event_horizon.o(.init_array)
    SHT$$INIT_ARRAY$$Limit                   0x0800ee2c   Number         0  rwcats.o(.init_array)
    SystemCoreClock                          0x20000000   Data           4  system_stm32f4xx.o(.data)
    USBD_Interface_fops_FS                   0x20000004   Data          16  usbd_cdc_if.o(.data)
    FS_Desc                                  0x20000014   Data          32  usbd_desc.o(.data)
    USBD_LangIDDesc                          0x20000034   Data           4  usbd_desc.o(.data)
    USBD_FS_DeviceDesc                       0x20000038   Data          18  usbd_desc.o(.data)
    USBD_FS_BOSDesc                          0x2000004c   Data          12  usbd_desc.o(.data)
    os                                       0x20000058   Data           1  main.o(.data)
    uwTick                                   0x2000005c   Data           4  stm32f4xx_hal.o(.data)
    USBD_CDC_CfgHSDesc                       0x20000070   Data          67  usbd_cdc.o(.data)
    USBD_CDC_CfgFSDesc                       0x200000b4   Data          67  usbd_cdc.o(.data)
    USBD_CDC_OtherSpeedCfgDesc               0x200000f8   Data          67  usbd_cdc.o(.data)
    USBD_CDC                                 0x2000013c   Data          60  usbd_cdc.o(.data)
    running                                  0x2000017c   Data           1  event_horizon.o(.data)
    error_code                               0x2000017e   Data           2  event_horizon.o(.data)
    currScreen                               0x20000180   Data           4  event_horizon.o(.data)
    initialized                              0x20000184   Data           1  event_horizon.o(.data)
    font_small                               0x20000185   Data         480  fonts.o(.data)
    font_clock                               0x20000366   Data         240  fonts.o(.data)
    Screen::notificationCenter               0x2000045a   Data           1  screen.o(.data)
    notificationsShown                       0x20000478   Data           1  screen_home.o(.data)
    deleteNotification                       0x20000479   Data           1  screen_home.o(.data)
    selectedNotification                     0x2000047c   Data           2  screen_home.o(.data)
    newsPos                                  0x2000047e   Data           2  screen_home.o(.data)
    newsString                               0x20000488   Data           4  screen_home.o(.data)
    USB::INSTANCE                            0x200004a8   Data           1  usb.o(.data)
    std::ctype<char>::id                     0x200004c8   Data           4  char.o(.data)
    std::ctype<wchar_t>::id                  0x200004cc   Data           4  char.o(.data)
    std::locale::_C_classic                  0x200004d8   Data           4  locale.o(.data)
    std::locale::_C_native                   0x200004dc   Data           4  locale.o(.data)
    std::locale::_C_global                   0x200004e0   Data           4  locale.o(.data)
    std::codecvt<char, char, std::__mbstate_t>::id 0x200004e4   Data           4  locale.o(.data)
    std::codecvt<wchar_t, char, std::__mbstate_t>::id 0x200004e8   Data           4  locale.o(.data)
    __rw_throw_proc                          0x200004ec   Data           4  rwthrowproc_noex.o(.data)
    __stderr                                 0x200004f0   Data           4  stderr.o(.data)
    __microlib_freelist                      0x200004f4   Data           4  mvars.o(.data)
    __microlib_freelist_initialised          0x200004f8   Data           4  mvars.o(.data)
    std::locale::id::_C_init() const::_C_id_gen 0x20000518   Data           4  locale.o(.data__ZZNKSt6locale2id7_C_initEvE9_C_id_gen)
    guard variable for std::__rw_get_cats()::__open_cats 0x2000051c   Data           4  messages.o(.data__ZZSt13__rw_get_catsvE11__open_cats)
    std::__rw_get_cats()::__open_cats        0x20000520   Data           8  messages.o(.data__ZZSt13__rw_get_catsvE11__open_cats)
    hUsbDeviceFS                             0x20000528   Data         548  usb_device.o(.bss)
    UserRxBufferFS                           0x2000074c   Data        1024  usbd_cdc_if.o(.bss)
    UserTxBufferFS                           0x20000b4c   Data        1024  usbd_cdc_if.o(.bss)
    hpcd_USB_OTG_FS                          0x20000f4c   Data        1020  usbd_conf.o(.bss)
    USBD_StrDesc                             0x20001348   Data         512  usbd_desc.o(.bss)
    buttonCallbacks                          0x20001548   Data          64  peripherals.o(.bss)
    encoderCallbacks                         0x20001588   Data          64  peripherals.o(.bss)
    usbReceivedCallbacks                     0x200015c8   Data          64  peripherals.o(.bss)
    hadc1                                    0x20001608   Data          72  main.o(.bss)
    hrtc                                     0x20001650   Data          32  main.o(.bss)
    htim2                                    0x20001670   Data          60  main.o(.bss)
    htim4                                    0x200016ac   Data          60  main.o(.bss)
    sConfigOC                                0x200016e8   Data          28  main.o(.bss)
    screenBoot                               0x20001704   Data        8204  event_horizon.o(.bss)
    screenError                              0x20003710   Data        8204  event_horizon.o(.bss)
    screenHome                               0x2000571c   Data        8204  event_horizon.o(.bss)
    screenApps                               0x20007728   Data       16444  event_horizon.o(.bss)
    Screen::renderer                         0x2000b764   Data        8204  screen.o(.bss)
    notificationLayer                        0x2000d770   Data        8193  screen_home.o(.bss)
    noApp                                    0x2000f774   Data         560  screen_apps.o(.bss)
    NotificationCenter::m_notifications      0x2000f9a4   Data          12  notification_center.o(.bss)
    NotificationCenter::m_news               0x2000f9b0   Data          12  notification_center.o(.bss)
    std::basic_string<char, std::char_traits<char>, std::allocator<char>>::__nullref 0x2000f9d8   Data          16  vendor.o(.bss__ZNSs9__nullrefE)
    __heap_base                              0x2000f9e8   Data           0  startup_stm32f446xx.o(HEAP)
    __heap_limit                             0x200179e8   Data           0  startup_stm32f446xx.o(HEAP)
    __initial_sp                             0x2001f9e8   Data           0  startup_stm32f446xx.o(STACK)



==============================================================================

Memory Map of the image

  Image Entry point : 0x080001c5

  Load Region LR_IROM1 (Base: 0x08000000, Size: 0x0000f354, Max: 0x00080000, ABSOLUTE, COMPRESSED[0x0000f114])

    Execution Region ER_IROM1 (Base: 0x08000000, Size: 0x0000ee2c, Max: 0x00080000, ABSOLUTE)

    Base Addr    Size         Type   Attr      Idx    E Section Name        Object

    0x08000000   0x000001c4   Data   RO         4795    RESET               startup_stm32f446xx.o
    0x080001c4   0x00000000   Code   RO         8376  * .ARM.Collect$$$$00000000  mc_w.l(entry.o)
    0x080001c4   0x00000004   Code   RO         9298    .ARM.Collect$$$$00000001  mc_w.l(entry2.o)
    0x080001c8   0x00000004   Code   RO         9301    .ARM.Collect$$$$00000004  mc_w.l(entry5.o)
    0x080001cc   0x00000000   Code   RO         9303    .ARM.Collect$$$$00000008  mc_w.l(entry7b.o)
    0x080001cc   0x00000004   Code   RO         9304    .ARM.Collect$$$$00000009  mc_w.l(entry8a.o)
    0x080001d0   0x00000000   Code   RO         9305    .ARM.Collect$$$$0000000A  mc_w.l(entry8b.o)
    0x080001d0   0x00000008   Code   RO         9306    .ARM.Collect$$$$0000000B  mc_w.l(entry9a.o)
    0x080001d8   0x00000000   Code   RO         9308    .ARM.Collect$$$$0000000D  mc_w.l(entry10a.o)
    0x080001d8   0x00000004   Code   RO         9309    .ARM.Collect$$$$0000000E  mc_w.l(entry10b.o)
    0x080001dc   0x00000000   Code   RO         9310    .ARM.Collect$$$$0000000F  mc_w.l(entry11a.o)
    0x080001dc   0x00000004   Code   RO         9299    .ARM.Collect$$$$00002712  mc_w.l(entry2.o)
    0x080001e0   0x00000024   Code   RO         4796    .text               startup_stm32f446xx.o
    0x08000204   0x00000024   Code   RO         8379    .text               mc_w.l(memcpya.o)
    0x08000228   0x00000040   Code   RO         8381    .text               mc_w.l(memmovea.o)
    0x08000268   0x00000024   Code   RO         8383    .text               mc_w.l(memseta.o)
    0x0800028c   0x00000018   Code   RO         8385    .text               mc_w.l(strcat.o)
    0x080002a4   0x00000024   Code   RO         8387    .text               mc_w.l(strstr.o)
    0x080002c8   0x0000000e   Code   RO         8389    .text               mc_w.l(strlen.o)
    0x080002d6   0x0000001a   Code   RO         8391    .text               mc_w.l(memcmp.o)
    0x080002f0   0x00000012   Code   RO         8393    .text               mc_w.l(strcpy.o)
    0x08000302   0x00000002   PAD
    0x08000304   0x00000044   Code   RO         8395    .text               mc_w.l(strtok.o)
    0x08000348   0x00000072   Code   RO         8694    .text               mc_w.l(strtoul.o)
    0x080003ba   0x00000002   PAD
    0x080003bc   0x00000020   Code   RO         8699    .text               mc_w.l(cpp_init.o)
    0x080003dc   0x0000002e   Code   RO         8701    .text               mc_w.l(aeabi_atexit.o)
    0x0800040a   0x0000014e   Code   RO         8703    .text               mf_w.l(dadd.o)
    0x08000558   0x000000e4   Code   RO         8705    .text               mf_w.l(dmul.o)
    0x0800063c   0x00000032   Code   RO         8707    .text               mf_w.l(dfixui.o)
    0x0800066e   0x00000002   PAD
    0x08000670   0x00000030   Code   RO         8709    .text               mf_w.l(cdcmple.o)
    0x080006a0   0x00000030   Code   RO         8711    .text               mf_w.l(cdrcmple.o)
    0x080006d0   0x00000004   Code   RO         9216    .text               cpprt_w.l(arm_newhandler_noexceptions.o)
    0x080006d4   0x0000000e   Code   RO         9252    .text               cpprt_w.l(aeabi_vec_delete_noexceptions.o)
    0x080006e2   0x0000002c   Code   RO         9316    .text               mc_w.l(uidiv.o)
    0x0800070e   0x00000062   Code   RO         9318    .text               mc_w.l(uldiv.o)
    0x08000770   0x0000001e   Code   RO         9320    .text               mc_w.l(llshl.o)
    0x0800078e   0x00000020   Code   RO         9322    .text               mc_w.l(llushr.o)
    0x080007ae   0x00000024   Code   RO         9324    .text               mc_w.l(llsshr.o)
    0x080007d2   0x00000002   PAD
    0x080007d4   0x00000008   Code   RO         9326    .text               mc_w.l(ctype_o.o)
    0x080007dc   0x00000012   Code   RO         9348    .text               mc_w.l(isspace_o.o)
    0x080007ee   0x00000020   Code   RO         9358    .text               mc_w.l(strrchr.o)
    0x0800080e   0x00000002   PAD
    0x08000810   0x00000038   Code   RO         9369    .text               mc_w.l(sscanf.o)
    0x08000848   0x0000009e   Code   RO         9371    .text               mc_w.l(_strtoul.o)
    0x080008e6   0x00000000   Code   RO         9373    .text               mc_w.l(iusefp.o)
    0x080008e6   0x00000002   PAD
    0x080008e8   0x00000008   Code   RO         9374    .text               mc_w.l(cpp_dtor.o)
    0x080008f0   0x00000014   Code   RO         9377    .text               mc_w.l(cpp_memory.o)
    0x08000904   0x00000002   Code   RO         9380    .text               mc_w.l(cpp_signal.o)
    0x08000906   0x00000042   Code   RO         9382    .text               mc_w.l(cxa_finalize.o)
    0x08000948   0x000000ba   Code   RO         9384    .text               mf_w.l(depilogue.o)
    0x08000a02   0x000000de   Code   RO         9386    .text               mf_w.l(ddiv.o)
    0x08000ae0   0x00000030   Code   RO         9390    .text               mf_w.l(dfixul.o)
    0x08000b10   0x0000001a   Code   RO         9512    .text               cpprt_w.l(arm_exceptions_terminate.o)
    0x08000b2a   0x00000002   PAD
    0x08000b2c   0x00000050   Code   RO         9515    .text               cpprt_w.l(arm_exceptions_globs.o)
    0x08000b7c   0x00000024   Code   RO         9534    .text               mc_w.l(init.o)
    0x08000ba0   0x00000000   Code   RO         9536    .text               mc_w.l(semi.o)
    0x08000ba0   0x00000042   Code   RO         9545    .text               mc_w.l(memmove.o)
    0x08000be2   0x0000001c   Code   RO         9549    .text               mc_w.l(strcmp.o)
    0x08000bfe   0x0000001c   Code   RO         9561    .text               mc_w.l(_chval.o)
    0x08000c1a   0x00000156   Code   RO         9563    .text               mc_w.l(_scanf_longlong.o)
    0x08000d70   0x0000014c   Code   RO         9565    .text               mc_w.l(_scanf_int.o)
    0x08000ebc   0x000000e0   Code   RO         9567    .text               mc_w.l(_scanf_str.o)
    0x08000f9c   0x00000338   Code   RO         9569    .text               mc_w.l(scanf_fp.o)
    0x080012d4   0x00000028   Code   RO         9573    .text               mc_w.l(scanf_char.o)
    0x080012fc   0x00000040   Code   RO         9575    .text               mc_w.l(_sgetc.o)
    0x0800133c   0x00000000   Code   RO         9577    .text               mc_w.l(iusesemip.o)
    0x0800133c   0x00000002   Code   RO         9578    .text               mc_w.l(cpp_final.o)
    0x0800133e   0x00000022   Code   RO         9580    .text               mf_w.l(dflti.o)
    0x08001360   0x0000001a   Code   RO         9582    .text               mf_w.l(dfltui.o)
    0x0800137a   0x0000003e   Code   RO         9584    .text               mf_w.l(dfixi.o)
    0x080013b8   0x00000002   Code   RO         9586    .text               cpprt_w.l(arm_rethrow_noexceptions.o)
    0x080013ba   0x00000022   Code   RO         9592    .text               cpprt_w.l(aeabi_vec_dtor_noexceptions.o)
    0x080013dc   0x0000003c   Code   RO         9595    .text               cpprt_w.l(arm_exceptions_mem.o)
    0x08001418   0x0000032c   Code   RO         9612    .text               mc_w.l(_scanf.o)
    0x08001744   0x00000018   Code   RO         9616    .text               mf_w.l(dfltul.o)
    0x0800175c   0x00000038   Code   RO         9618    .text               mf_w.l(d2f.o)
    0x08001794   0x0000006e   Code   RO         9633    .text               mf_w.l(fepilogue.o)
    0x08001802   0x0000001c   Code   RO         9635    .text               cpprt_w.l(ARM_vec_cleanup_noexceptions.o)
    0x0800181e   0x00000056   Code   RO         9647    .text               mc_w.l(__dczerorl2.o)
    0x08001874   0x00000014   Code   RO         8967    i.<Func5>           cpp_ws.l(locale.o)
    0x08001888   0x00000002   Code   RO         1192    i.BusFault_Handler  stm32f4xx_it.o
    0x0800188a   0x00000004   Code   RO          219    i.CDC_Control_FS    usbd_cdc_if.o
    0x0800188e   0x00000004   Code   RO          220    i.CDC_DeInit_FS     usbd_cdc_if.o
    0x08001892   0x00000002   PAD
    0x08001894   0x00000024   Code   RO          221    i.CDC_Init_FS       usbd_cdc_if.o
    0x080018b8   0x0000003c   Code   RO          222    i.CDC_Receive_FS    usbd_cdc_if.o
    0x080018f4   0x0000002c   Code   RO          223    i.CDC_Transmit_FS   usbd_cdc_if.o
    0x08001920   0x00000002   Code   RO         1193    i.DebugMon_Handler  stm32f4xx_it.o
    0x08001922   0x00000002   PAD
    0x08001924   0x00000060   Code   RO         1194    i.EXTI9_5_IRQHandler  stm32f4xx_it.o
    0x08001984   0x000001b8   Code   RO         3164    i.HAL_ADC_ConfigChannel  stm32f4xx_hal_adc.o
    0x08001b3c   0x00000178   Code   RO         3173    i.HAL_ADC_Init      stm32f4xx_hal_adc.o
    0x08001cb4   0x00000048   Code   RO          548    i.HAL_ADC_MspInit   stm32f4xx_hal_msp.o
    0x08001cfc   0x00000110   Code   RO         3179    i.HAL_ADC_Start     stm32f4xx_hal_adc.o
    0x08001e0c   0x0000001e   Code   RO         1537    i.HAL_Delay         stm32f4xx_hal.o
    0x08001e2a   0x00000002   Code   RO         1782    i.HAL_GPIO_EXTI_Callback  stm32f4xx_hal_gpio.o
    0x08001e2c   0x00000018   Code   RO         1783    i.HAL_GPIO_EXTI_IRQHandler  stm32f4xx_hal_gpio.o
    0x08001e44   0x0000022c   Code   RO         1784    i.HAL_GPIO_Init     stm32f4xx_hal_gpio.o
    0x08002070   0x0000000a   Code   RO         1786    i.HAL_GPIO_ReadPin  stm32f4xx_hal_gpio.o
    0x0800207a   0x0000000a   Code   RO         1788    i.HAL_GPIO_WritePin  stm32f4xx_hal_gpio.o
    0x08002084   0x0000000c   Code   RO         1543    i.HAL_GetTick       stm32f4xx_hal.o
    0x08002090   0x00000010   Code   RO         1545    i.HAL_IncTick       stm32f4xx_hal.o
    0x080020a0   0x00000034   Code   RO         1546    i.HAL_Init          stm32f4xx_hal.o
    0x080020d4   0x00000028   Code   RO         1547    i.HAL_InitTick      stm32f4xx_hal.o
    0x080020fc   0x00000058   Code   RO          549    i.HAL_MspInit       stm32f4xx_hal_msp.o
    0x08002154   0x00000018   Code   RO         3366    i.HAL_NVIC_EnableIRQ  stm32f4xx_hal_cortex.o
    0x0800216c   0x00000064   Code   RO         3372    i.HAL_NVIC_SetPriority  stm32f4xx_hal_cortex.o
    0x080021d0   0x00000024   Code   RO         3373    i.HAL_NVIC_SetPriorityGrouping  stm32f4xx_hal_cortex.o
    0x080021f4   0x00000026   Code   RO         1847    i.HAL_PCDEx_ActivateLPM  stm32f4xx_hal_pcd_ex.o
    0x0800221a   0x00000002   PAD
    0x0800221c   0x00000064   Code   RO          278    i.HAL_PCDEx_LPM_Callback  usbd_conf.o
    0x08002280   0x00000008   Code   RO         1850    i.HAL_PCDEx_SetRxFiFo  stm32f4xx_hal_pcd_ex.o
    0x08002288   0x0000004e   Code   RO         1851    i.HAL_PCDEx_SetTxFiFo  stm32f4xx_hal_pcd_ex.o
    0x080022d6   0x00000008   Code   RO          279    i.HAL_PCD_ConnectCallback  usbd_conf.o
    0x080022de   0x00000012   Code   RO          280    i.HAL_PCD_DataInStageCallback  usbd_conf.o
    0x080022f0   0x00000014   Code   RO          281    i.HAL_PCD_DataOutStageCallback  usbd_conf.o
    0x08002304   0x00000008   Code   RO          282    i.HAL_PCD_DisconnectCallback  usbd_conf.o
    0x0800230c   0x00000046   Code   RO         1904    i.HAL_PCD_EP_Close  stm32f4xx_hal_pcd.o
    0x08002352   0x0000004e   Code   RO         1905    i.HAL_PCD_EP_ClrStall  stm32f4xx_hal_pcd.o
    0x080023a0   0x00000014   Code   RO         1907    i.HAL_PCD_EP_GetRxCount  stm32f4xx_hal_pcd.o
    0x080023b4   0x00000058   Code   RO         1908    i.HAL_PCD_EP_Open   stm32f4xx_hal_pcd.o
    0x0800240c   0x0000004a   Code   RO         1909    i.HAL_PCD_EP_Receive  stm32f4xx_hal_pcd.o
    0x08002456   0x0000005e   Code   RO         1910    i.HAL_PCD_EP_SetStall  stm32f4xx_hal_pcd.o
    0x080024b4   0x00000042   Code   RO         1911    i.HAL_PCD_EP_Transmit  stm32f4xx_hal_pcd.o
    0x080024f6   0x00000002   PAD
    0x080024f8   0x00000670   Code   RO         1913    i.HAL_PCD_IRQHandler  stm32f4xx_hal_pcd.o
    0x08002b68   0x00000008   Code   RO          283    i.HAL_PCD_ISOINIncompleteCallback  usbd_conf.o
    0x08002b70   0x00000008   Code   RO          284    i.HAL_PCD_ISOOUTIncompleteCallback  usbd_conf.o
    0x08002b78   0x000000e0   Code   RO         1916    i.HAL_PCD_Init      stm32f4xx_hal_pcd.o
    0x08002c58   0x00000080   Code   RO          286    i.HAL_PCD_MspInit   usbd_conf.o
    0x08002cd8   0x00000022   Code   RO          287    i.HAL_PCD_ResetCallback  usbd_conf.o
    0x08002cfa   0x00000008   Code   RO          288    i.HAL_PCD_ResumeCallback  usbd_conf.o
    0x08002d02   0x00000008   Code   RO          289    i.HAL_PCD_SOFCallback  usbd_conf.o
    0x08002d0a   0x00000024   Code   RO         1922    i.HAL_PCD_SetAddress  stm32f4xx_hal_pcd.o
    0x08002d2e   0x0000000e   Code   RO          290    i.HAL_PCD_SetupStageCallback  usbd_conf.o
    0x08002d3c   0x0000002a   Code   RO         1924    i.HAL_PCD_Start     stm32f4xx_hal_pcd.o
    0x08002d66   0x00000002   PAD
    0x08002d68   0x00000034   Code   RO          291    i.HAL_PCD_SuspendCallback  usbd_conf.o
    0x08002d9c   0x0000009c   Code   RO         1398    i.HAL_PWREx_EnableOverDrive  stm32f4xx_hal_pwr_ex.o
    0x08002e38   0x0000001a   Code   RO         3498    i.HAL_PWR_EnableBkUpAccess  stm32f4xx_hal_pwr.o
    0x08002e52   0x00000002   PAD
    0x08002e54   0x000005f8   Code   RO         1466    i.HAL_RCCEx_PeriphCLKConfig  stm32f4xx_hal_rcc_ex.o
    0x0800344c   0x00000198   Code   RO         2334    i.HAL_RCC_ClockConfig  stm32f4xx_hal_rcc.o
    0x080035e4   0x0000000c   Code   RO         2339    i.HAL_RCC_GetHCLKFreq  stm32f4xx_hal_rcc.o
    0x080035f0   0x000000f8   Code   RO         1470    i.HAL_RCC_GetSysClockFreq  stm32f4xx_hal_rcc_ex.o
    0x080036e8   0x000003f8   Code   RO         1471    i.HAL_RCC_OscConfig  stm32f4xx_hal_rcc_ex.o
    0x08003ae0   0x0000000a   Code   RO         2106    i.HAL_RTCEx_BKUPRead  stm32f4xx_hal_rtc_ex.o
    0x08003aea   0x0000000a   Code   RO         2107    i.HAL_RTCEx_BKUPWrite  stm32f4xx_hal_rtc_ex.o
    0x08003af4   0x00000062   Code   RO         2440    i.HAL_RTC_GetDate   stm32f4xx_hal_rtc.o
    0x08003b56   0x00000002   PAD
    0x08003b58   0x00000078   Code   RO         2442    i.HAL_RTC_GetTime   stm32f4xx_hal_rtc.o
    0x08003bd0   0x000000cc   Code   RO         2443    i.HAL_RTC_Init      stm32f4xx_hal_rtc.o
    0x08003c9c   0x0000001c   Code   RO          551    i.HAL_RTC_MspInit   stm32f4xx_hal_msp.o
    0x08003cb8   0x0000012a   Code   RO         2449    i.HAL_RTC_SetDate   stm32f4xx_hal_rtc.o
    0x08003de2   0x00000002   PAD
    0x08003de4   0x00000148   Code   RO         2450    i.HAL_RTC_SetTime   stm32f4xx_hal_rtc.o
    0x08003f2c   0x00000016   Code   RO         3375    i.HAL_SYSTICK_CLKSourceConfig  stm32f4xx_hal_cortex.o
    0x08003f42   0x00000002   Code   RO         3376    i.HAL_SYSTICK_Callback  stm32f4xx_hal_cortex.o
    0x08003f44   0x0000002c   Code   RO         3377    i.HAL_SYSTICK_Config  stm32f4xx_hal_cortex.o
    0x08003f70   0x00000008   Code   RO         3378    i.HAL_SYSTICK_IRQHandler  stm32f4xx_hal_cortex.o
    0x08003f78   0x00000064   Code   RO         3761    i.HAL_TIMEx_MasterConfigSynchronization  stm32f4xx_hal_tim_ex.o
    0x08003fdc   0x0000002c   Code   RO         3772    i.HAL_TIMEx_PWMN_Start  stm32f4xx_hal_tim_ex.o
    0x08004008   0x0000001a   Code   RO         2576    i.HAL_TIM_Base_Start  stm32f4xx_hal_tim.o
    0x08004022   0x000000ac   Code   RO         2591    i.HAL_TIM_Encoder_Init  stm32f4xx_hal_tim.o
    0x080040ce   0x00000002   PAD
    0x080040d0   0x0000004c   Code   RO          553    i.HAL_TIM_Encoder_MspInit  stm32f4xx_hal_msp.o
    0x0800411c   0x00000058   Code   RO         2594    i.HAL_TIM_Encoder_Start  stm32f4xx_hal_tim.o
    0x08004174   0x00000034   Code   RO          554    i.HAL_TIM_MspPostInit  stm32f4xx_hal_msp.o
    0x080041a8   0x00000238   Code   RO         2639    i.HAL_TIM_PWM_ConfigChannel  stm32f4xx_hal_tim.o
    0x080043e0   0x00000036   Code   RO         2642    i.HAL_TIM_PWM_Init  stm32f4xx_hal_tim.o
    0x08004416   0x00000002   PAD
    0x08004418   0x00000028   Code   RO          556    i.HAL_TIM_PWM_MspInit  stm32f4xx_hal_msp.o
    0x08004440   0x00000040   Code   RO         2646    i.HAL_TIM_PWM_Start  stm32f4xx_hal_tim.o
    0x08004480   0x0000001c   Code   RO         1195    i.HardFault_Handler  stm32f4xx_it.o
    0x0800449c   0x00000038   Code   RO          152    i.MX_USB_DEVICE_Init  usb_device.o
    0x080044d4   0x00000002   Code   RO         1196    i.MemManage_Handler  stm32f4xx_it.o
    0x080044d6   0x00000002   Code   RO         1197    i.NMI_Handler       stm32f4xx_it.o
    0x080044d8   0x0000000c   Code   RO         1198    i.OTG_FS_IRQHandler  stm32f4xx_it.o
    0x080044e4   0x00000002   Code   RO         1199    i.PendSV_Handler    stm32f4xx_it.o
    0x080044e6   0x00000030   Code   RO         2453    i.RTC_ByteToBcd2    stm32f4xx_hal_rtc.o
    0x08004516   0x00000002   Code   RO         1200    i.SVC_Handler       stm32f4xx_it.o
    0x08004518   0x0000000e   Code   RO         1201    i.SysTick_Handler   stm32f4xx_it.o
    0x08004526   0x00000002   PAD
    0x08004528   0x000000d8   Code   RO          763    i.SystemClock_Config  main.o
    0x08004600   0x00000058   Code   RO            5    i.SystemInit        system_stm32f4xx.o
    0x08004658   0x000000c4   Code   RO         2657    i.TIM_Base_SetConfig  stm32f4xx_hal_tim.o
    0x0800471c   0x00000016   Code   RO         4635    i.USBD_CDC_DataIn   usbd_cdc.o
    0x08004732   0x00000030   Code   RO         4636    i.USBD_CDC_DataOut  usbd_cdc.o
    0x08004762   0x0000003c   Code   RO         4637    i.USBD_CDC_DeInit   usbd_cdc.o
    0x0800479e   0x00000026   Code   RO         4638    i.USBD_CDC_EP0_RxReady  usbd_cdc.o
    0x080047c4   0x0000000c   Code   RO         4639    i.USBD_CDC_GetDeviceQualifierDescriptor  usbd_cdc.o
    0x080047d0   0x0000000c   Code   RO         4640    i.USBD_CDC_GetFSCfgDesc  usbd_cdc.o
    0x080047dc   0x0000000c   Code   RO         4641    i.USBD_CDC_GetHSCfgDesc  usbd_cdc.o
    0x080047e8   0x0000000c   Code   RO         4642    i.USBD_CDC_GetOtherSpeedCfgDesc  usbd_cdc.o
    0x080047f4   0x0000009a   Code   RO         4643    i.USBD_CDC_Init     usbd_cdc.o
    0x0800488e   0x00000030   Code   RO         4644    i.USBD_CDC_ReceivePacket  usbd_cdc.o
    0x080048be   0x00000010   Code   RO         4645    i.USBD_CDC_RegisterInterface  usbd_cdc.o
    0x080048ce   0x0000000c   Code   RO         4646    i.USBD_CDC_SetRxBuffer  usbd_cdc.o
    0x080048da   0x00000010   Code   RO         4647    i.USBD_CDC_SetTxBuffer  usbd_cdc.o
    0x080048ea   0x00000002   PAD
    0x080048ec   0x00000078   Code   RO         4648    i.USBD_CDC_Setup    usbd_cdc.o
    0x08004964   0x00000034   Code   RO         4649    i.USBD_CDC_TransmitPacket  usbd_cdc.o
    0x08004998   0x0000000e   Code   RO         4437    i.USBD_ClrClassConfig  usbd_core.o
    0x080049a6   0x00000010   Code   RO         4575    i.USBD_CtlContinueRx  usbd_ioreq.o
    0x080049b6   0x00000010   Code   RO         4576    i.USBD_CtlContinueSendData  usbd_ioreq.o
    0x080049c6   0x0000001e   Code   RO         4577    i.USBD_CtlPrepareRx  usbd_ioreq.o
    0x080049e4   0x00000016   Code   RO         4578    i.USBD_CtlReceiveStatus  usbd_ioreq.o
    0x080049fa   0x0000001a   Code   RO         4579    i.USBD_CtlSendData  usbd_ioreq.o
    0x08004a14   0x00000016   Code   RO         4580    i.USBD_CtlSendStatus  usbd_ioreq.o
    0x08004a2a   0x00000002   PAD
    0x08004a2c   0x00000020   Code   RO          473    i.USBD_FS_ConfigStrDescriptor  usbd_desc.o
    0x08004a4c   0x0000000c   Code   RO          474    i.USBD_FS_DeviceDescriptor  usbd_desc.o
    0x08004a58   0x00000024   Code   RO          475    i.USBD_FS_InterfaceStrDescriptor  usbd_desc.o
    0x08004a7c   0x0000000c   Code   RO          476    i.USBD_FS_LangIDStrDescriptor  usbd_desc.o
    0x08004a88   0x0000001c   Code   RO          477    i.USBD_FS_ManufacturerStrDescriptor  usbd_desc.o
    0x08004aa4   0x00000020   Code   RO          478    i.USBD_FS_ProductStrDescriptor  usbd_desc.o
    0x08004ac4   0x00000024   Code   RO          479    i.USBD_FS_SerialStrDescriptor  usbd_desc.o
    0x08004ae8   0x0000000c   Code   RO          480    i.USBD_FS_USR_BOSDescriptor  usbd_desc.o
    0x08004af4   0x00000068   Code   RO         4742    i.USBD_GetString    usbd_ctlreq.o
    0x08004b5c   0x00000030   Code   RO         4439    i.USBD_Init         usbd_core.o
    0x08004b8c   0x00000020   Code   RO          292    i.USBD_LL_ClearStallEP  usbd_conf.o
    0x08004bac   0x00000020   Code   RO          293    i.USBD_LL_CloseEP   usbd_conf.o
    0x08004bcc   0x000000b0   Code   RO         4440    i.USBD_LL_DataInStage  usbd_core.o
    0x08004c7c   0x0000006a   Code   RO         4441    i.USBD_LL_DataOutStage  usbd_core.o
    0x08004ce6   0x00000004   Code   RO         4442    i.USBD_LL_DevConnected  usbd_core.o
    0x08004cea   0x00000016   Code   RO         4443    i.USBD_LL_DevDisconnected  usbd_core.o
    0x08004d00   0x00000008   Code   RO          297    i.USBD_LL_GetRxDataSize  usbd_conf.o
    0x08004d08   0x00000080   Code   RO          298    i.USBD_LL_Init      usbd_conf.o
    0x08004d88   0x00000020   Code   RO          299    i.USBD_LL_IsStallEP  usbd_conf.o
    0x08004da8   0x00000004   Code   RO         4444    i.USBD_LL_IsoINIncomplete  usbd_core.o
    0x08004dac   0x00000004   Code   RO         4445    i.USBD_LL_IsoOUTIncomplete  usbd_core.o
    0x08004db0   0x00000026   Code   RO          300    i.USBD_LL_OpenEP    usbd_conf.o
    0x08004dd6   0x00000020   Code   RO          301    i.USBD_LL_PrepareReceive  usbd_conf.o
    0x08004df6   0x0000003e   Code   RO         4446    i.USBD_LL_Reset     usbd_core.o
    0x08004e34   0x0000000c   Code   RO         4447    i.USBD_LL_Resume    usbd_core.o
    0x08004e40   0x0000001a   Code   RO         4448    i.USBD_LL_SOF       usbd_core.o
    0x08004e5a   0x00000006   Code   RO         4449    i.USBD_LL_SetSpeed  usbd_core.o
    0x08004e60   0x00000020   Code   RO          302    i.USBD_LL_SetUSBAddress  usbd_conf.o
    0x08004e80   0x0000005e   Code   RO         4450    i.USBD_LL_SetupStage  usbd_core.o
    0x08004ede   0x00000020   Code   RO          303    i.USBD_LL_StallEP   usbd_conf.o
    0x08004efe   0x00000020   Code   RO          304    i.USBD_LL_Start     usbd_conf.o
    0x08004f1e   0x00000012   Code   RO         4451    i.USBD_LL_Suspend   usbd_core.o
    0x08004f30   0x00000020   Code   RO          306    i.USBD_LL_Transmit  usbd_conf.o
    0x08004f50   0x00000028   Code   RO         4743    i.USBD_ParseSetupRequest  usbd_ctlreq.o
    0x08004f78   0x00000010   Code   RO         4452    i.USBD_RegisterClass  usbd_core.o
    0x08004f88   0x00000018   Code   RO         4454    i.USBD_SetClassConfig  usbd_core.o
    0x08004fa0   0x0000000a   Code   RO         4455    i.USBD_Start        usbd_core.o
    0x08004faa   0x00000002   PAD
    0x08004fac   0x000002c8   Code   RO         4744    i.USBD_StdDevReq    usbd_ctlreq.o
    0x08005274   0x0000010a   Code   RO         4745    i.USBD_StdEPReq     usbd_ctlreq.o
    0x0800537e   0x00000040   Code   RO         4746    i.USBD_StdItfReq    usbd_ctlreq.o
    0x080053be   0x00000002   PAD
    0x080053c0   0x00000090   Code   RO         3979    i.USB_ActivateEndpoint  stm32f4xx_ll_usb.o
    0x08005450   0x00000034   Code   RO         3980    i.USB_ActivateSetup  stm32f4xx_ll_usb.o
    0x08005484   0x000000bc   Code   RO         3982    i.USB_CoreInit      stm32f4xx_ll_usb.o
    0x08005540   0x000000ec   Code   RO         3984    i.USB_DeactivateEndpoint  stm32f4xx_ll_usb.o
    0x0800562c   0x00000018   Code   RO         3985    i.USB_DevConnect    stm32f4xx_ll_usb.o
    0x08005644   0x00000018   Code   RO         3986    i.USB_DevDisconnect  stm32f4xx_ll_usb.o
    0x0800565c   0x00000188   Code   RO         3987    i.USB_DevInit       stm32f4xx_ll_usb.o
    0x080057e4   0x0000000c   Code   RO         3988    i.USB_DisableGlobalInt  stm32f4xx_ll_usb.o
    0x080057f0   0x00000156   Code   RO         3991    i.USB_EP0StartXfer  stm32f4xx_ll_usb.o
    0x08005946   0x0000003e   Code   RO         3992    i.USB_EP0_OutStart  stm32f4xx_ll_usb.o
    0x08005984   0x00000066   Code   RO         3993    i.USB_EPClearStall  stm32f4xx_ll_usb.o
    0x080059ea   0x00000064   Code   RO         3994    i.USB_EPSetStall    stm32f4xx_ll_usb.o
    0x08005a4e   0x00000002   PAD
    0x08005a50   0x00000274   Code   RO         3995    i.USB_EPStartXfer   stm32f4xx_ll_usb.o
    0x08005cc4   0x0000000c   Code   RO         3996    i.USB_EnableGlobalInt  stm32f4xx_ll_usb.o
    0x08005cd0   0x00000028   Code   RO         3998    i.USB_FlushTxFifo   stm32f4xx_ll_usb.o
    0x08005cf8   0x0000003a   Code   RO         4000    i.USB_GetDevSpeed   stm32f4xx_ll_usb.o
    0x08005d32   0x00000008   Code   RO         4002    i.USB_GetMode       stm32f4xx_ll_usb.o
    0x08005d3a   0x0000000e   Code   RO         4009    i.USB_ReadDevAllInEpInterrupt  stm32f4xx_ll_usb.o
    0x08005d48   0x0000000e   Code   RO         4010    i.USB_ReadDevAllOutEpInterrupt  stm32f4xx_ll_usb.o
    0x08005d56   0x0000001e   Code   RO         4011    i.USB_ReadDevInEPInterrupt  stm32f4xx_ll_usb.o
    0x08005d74   0x00000010   Code   RO         4012    i.USB_ReadDevOutEPInterrupt  stm32f4xx_ll_usb.o
    0x08005d84   0x00000008   Code   RO         4013    i.USB_ReadInterrupts  stm32f4xx_ll_usb.o
    0x08005d8c   0x0000003a   Code   RO         4014    i.USB_ReadPacket    stm32f4xx_ll_usb.o
    0x08005dc6   0x0000002e   Code   RO         4016    i.USB_SetCurrentMode  stm32f4xx_ll_usb.o
    0x08005df4   0x00000022   Code   RO         4017    i.USB_SetDevAddress  stm32f4xx_ll_usb.o
    0x08005e16   0x00000002   PAD
    0x08005e18   0x00000042   Code   RO         4021    i.USB_WritePacket   stm32f4xx_ll_usb.o
    0x08005e5a   0x00000002   Code   RO         1202    i.UsageFault_Handler  stm32f4xx_it.o
    0x08005e5c   0x00000002   Code   RO          764    i._Error_Handler    main.o
    0x08005e5e   0x00000002   PAD
    0x08005e60   0x0000000c   Code   RO         4803    i._Z10installAppR3App  event_horizon.o
    0x08005e6c   0x0000000c   Code   RO         4804    i._Z13getCurrentAppv  event_horizon.o
    0x08005e78   0x00000220   Code   RO         6042    i._Z14drawHomeScreenR5Layer  screen_home.o
    0x08006098   0x00000050   Code   RO         6043    i._Z15getNumberEndingh  screen_home.o
    0x080060e8   0x00000010   Code   RO         4805    i._Z17onUSBDataReceivedPhPj  event_horizon.o
    0x080060f8   0x000002d0   Code   RO         6045    i._Z21drawNotificationPanelR5LayerR18NotificationCenter  screen_home.o
    0x080063c8   0x000000c8   Code   RO         6046    i._Z21getMonthNameFromIndexh  screen_home.o
    0x08006490   0x00000028   Code   RO         4806    i._Z23onHardwareButtonPressedbbb  event_horizon.o
    0x080064b8   0x00000018   Code   RO         4807    i._Z23onHardwareEncoderTurneda  event_horizon.o
    0x080064d0   0x00000218   Code   RO         7394    i._Z5splitSsSs      usb.o
    0x080066e8   0x00000020   Code   RO         9392    i._Z7catgetsPN4__rw8__rw_catEiiPKc  cpp_ws.l(rwcats.o)
    0x08006708   0x00000022   Code   RO         9393    i._Z7catopenPKci    cpp_ws.l(rwcats.o)
    0x0800672a   0x00000002   PAD
    0x0800672c   0x000001e4   Code   RO         6047    i._Z9drawClockR5Layerhhhhh  screen_home.o
    0x08006910   0x0000003c   Code   RO         4808    i._Z9setScreen7EScreen  event_horizon.o
    0x0800694c   0x00000314   Code   RO         6378    i._ZN10ScreenApps10installAppER3App  screen_apps.o
    0x08006c60   0x00000028   Code   RO         6379    i._ZN10ScreenApps13getCurrentAppEv  screen_apps.o
    0x08006c88   0x00000058   Code   RO         6380    i._ZN10ScreenApps23onHardwareButtonPressedEbbb  screen_apps.o
    0x08006ce0   0x0000002a   Code   RO         6381    i._ZN10ScreenApps23onHardwareEncoderTurnedEa  screen_apps.o
    0x08006d0a   0x00000002   PAD
    0x08006d0c   0x000001b4   Code   RO         6382    i._ZN10ScreenApps6renderEv  screen_apps.o
    0x08006ec0   0x00000098   Code   RO         6383    i._ZN10ScreenAppsC1EPKc  screen_apps.o
    0x08006f58   0x000000d8   Code   RO         4908    i._ZN10ScreenAppsD1Ev  event_horizon.o
    0x08007030   0x00000002   Code   RO         5844    i._ZN10ScreenBoot23onHardwareButtonPressedEbbb  screen_boot.o
    0x08007032   0x00000002   Code   RO         5845    i._ZN10ScreenBoot23onHardwareEncoderTurnedEa  screen_boot.o
    0x08007034   0x00000004   PAD
    0x08007038   0x000002e8   Code   RO         5846    i._ZN10ScreenBoot6renderEv  screen_boot.o
    0x08007320   0x00000010   Code   RO         5847    i._ZN10ScreenBootC1EPKc  screen_boot.o
    0x08007330   0x00000014   Code   RO         4899    i._ZN10ScreenBootD1Ev  event_horizon.o
    0x08007344   0x00000078   Code   RO         6048    i._ZN10ScreenHome23onHardwareButtonPressedEbbb  screen_home.o
    0x080073bc   0x0000003c   Code   RO         6049    i._ZN10ScreenHome23onHardwareEncoderTurnedEa  screen_home.o
    0x080073f8   0x00000488   Code   RO         6050    i._ZN10ScreenHome6renderEv  screen_home.o
    0x08007880   0x00000010   Code   RO         6051    i._ZN10ScreenHomeC1EPKc  screen_home.o
    0x08007890   0x00000014   Code   RO         4905    i._ZN10ScreenHomeD1Ev  event_horizon.o
    0x080078a4   0x00000002   Code   RO         5986    i._ZN11ScreenError23onHardwareButtonPressedEbbb  screen_error.o
    0x080078a6   0x00000002   Code   RO         5987    i._ZN11ScreenError23onHardwareEncoderTurnedEa  screen_error.o
    0x080078a8   0x000000b0   Code   RO         5988    i._ZN11ScreenError6renderEv  screen_error.o
    0x08007958   0x00000010   Code   RO         5989    i._ZN11ScreenErrorC1EPKc  screen_error.o
    0x08007968   0x00000014   Code   RO         4902    i._ZN11ScreenErrorD1Ev  event_horizon.o
    0x0800797c   0x00000034   Code   RO         4809    i._ZN12EventHorizon13error_handlerEt  event_horizon.o
    0x080079b0   0x00000040   Code   RO         4810    i._ZN12EventHorizon7init_osEv  event_horizon.o
    0x080079f0   0x00000030   Code   RO         4811    i._ZN12EventHorizon8start_osEv  event_horizon.o
    0x08007a20   0x00000006   Code   RO         6917    i._ZN12Notification12getShortFormEv  notification.o
    0x08007a26   0x00000006   Code   RO         6918    i._ZN12Notification14getDescriptionEv  notification.o
    0x08007a2c   0x00000004   Code   RO         6920    i._ZN12Notification8getTitleEv  notification.o
    0x08007a30   0x00000022   Code   RO         6921    i._ZN12NotificationC1ESsSsSsj  notification.o
    0x08007a52   0x00000002   PAD
    0x08007a54   0x00000098   Code   RO         7159    i._ZN12NotificationD1Ev  notification_center.o
    0x08007aec   0x00000070   Code   RO         7074    i._ZN18NotificationCenter13removeAllNewsEv  notification_center.o
    0x08007b5c   0x00000008   Code   RO         7075    i._ZN18NotificationCenter16getNotificationsEv  notification_center.o
    0x08007b64   0x00000014   Code   RO         7076    i._ZN18NotificationCenter20getNotificationCountEv  notification_center.o
    0x08007b78   0x00000040   Code   RO         7078    i._ZN18NotificationCenter22removeAllNotificationsEv  notification_center.o
    0x08007bb8   0x00000070   Code   RO         7080    i._ZN18NotificationCenter25removeNotificationAtIndexEh  notification_center.o
    0x08007c28   0x00000008   Code   RO         7081    i._ZN18NotificationCenter7getNewsEv  notification_center.o
    0x08007c30   0x00000002   Code   RO         7082    i._ZN18NotificationCenterC1Ev  notification_center.o
    0x08007c32   0x00000002   PAD
    0x08007c34   0x000001c4   Code   RO         7083    i._ZN18NotificationCenterlsE12Notification  notification_center.o
    0x08007df8   0x0000015c   Code   RO         7084    i._ZN18NotificationCenterlsE4News  notification_center.o
    0x08007f54   0x00000058   Code   RO         8117    i._ZN37_INTERNAL_15_rwstdexcept_cpp_8697b68a4__rw13__rw_vfmatstrEPcjPKcSt9__va_list  cpp_ws.l(rwstdexcept.o)
    0x08007fac   0x0000014c   Code   RO         8118    i._ZN37_INTERNAL_15_rwstdexcept_cpp_8697b68a4__rw13__rw_vfmatstrEPcjiSt9__va_list  cpp_ws.l(rwstdexcept.o)
    0x080080f8   0x00000004   Code   RO         7681    i._ZN3App10getAppNameEv  app.o
    0x080080fc   0x00000022   Code   RO         7682    i._ZN3App13onDataArrivedEPA40_h  app.o
    0x0800811e   0x00000002   PAD
    0x08008120   0x0000020c   Code   RO         7683    i._ZN3App6onOpenEv  app.o
    0x0800832c   0x00000444   Code   RO         7684    i._ZN3App6renderER5Layer  app.o
    0x08008770   0x00000006   Code   RO         7686    i._ZN3App8getAppIDEv  app.o
    0x08008776   0x000000ee   Code   RO         6472    i._ZN3AppC1ERKS_    screen_apps.o
    0x08008864   0x000000b4   Code   RO         7687    i._ZN3AppC1ESsSsPhS0_j  app.o
    0x08008918   0x00000084   Code   RO         7688    i._ZN3AppC1Ev       app.o
    0x0800899c   0x00000062   Code   RO         6481    i._ZN3AppD1Ev       screen_apps.o
    0x080089fe   0x00000008   Code   RO         7395    i._ZN3USB11sendUSBDataEPht  usb.o
    0x08008a06   0x00000002   PAD
    0x08008a08   0x00000440   Code   RO         7396    i._ZN3USB17onUSBDataReceivedEPhPj  usb.o
    0x08008e48   0x00000084   Code   RO         7650    i._ZN4News14getDescriptionEv  news.o
    0x08008ecc   0x00000084   Code   RO         7651    i._ZN4NewsC1ESs     news.o
    0x08008f50   0x0000005c   Code   RO         8120    i._ZN4__rw10__rw_throwEiz  cpp_ws.l(rwstdexcept.o)
    0x08008fac   0x00000020   Code   RO         7968    i._ZN4__rw13__rw_allocateEji  cpp_ws.l(rwalloc.o)
    0x08008fcc   0x00000004   Code   RO         7969    i._ZN4__rw15__rw_deallocateEPvji  cpp_ws.l(rwalloc.o)
    0x08008fd0   0x00000002   Code   RO         8914    i._ZN4__rw15__rw_facet_base12_C_initfacetERKSt6locale  cpp_ws.l(char.o)
    0x08008fd2   0x00000002   PAD
    0x08008fd4   0x000000ec   Code   RO         9070    i._ZN4__rw15__rw_locale_impC1EPKcjj  cpp_ws.l(locale.o)
    0x080090c0   0x0000001a   Code   RO         9108    i._ZN4__rw15__rw_locale_impD1Ev  cpp_ws.l(locale.o)
    0x080090da   0x0000003a   Code   RO         8968    i._ZN4__rw21__rw_use_c_lib_localeC1EPKci  cpp_ws.l(locale.o)
    0x08009114   0x00000018   Code   RO         8884    i._ZN4__rw21__rw_use_c_lib_localeD1Ev  cpp_ws.l(char.o)
    0x0800912c   0x00000098   Code   RO         9416    i._ZN4__rw25__rw_throw_exception_noexEiPc  cpp_ws.l(rwthrowproc_impl_noex.o)
    0x080091c4   0x00000030   Code   RO         9396    i._ZN4__rw9__catfindEPNS_8__rw_catE  cpp_ws.l(rwcats.o)
    0x080091f4   0x000001dc   Code   RO         5321    i._ZN5Layer10drawCircleEtttbb  layer.o
    0x080093d0   0x00000614   Code   RO         5322    i._ZN5Layer10drawStringEPKcttbb  layer.o
    0x080099e4   0x0000000a   Code   RO         5323    i._ZN5Layer10isOnScreenEv  layer.o
    0x080099ee   0x00000002   PAD
    0x080099f0   0x0000001c   Code   RO         5324    i._ZN5Layer11cleanScreenEv  layer.o
    0x08009a0c   0x000000b6   Code   RO         5327    i._ZN5Layer8drawLineEttttb  layer.o
    0x08009ac2   0x00000002   PAD
    0x08009ac4   0x00000138   Code   RO         5328    i._ZN5Layer8drawRectEttttbb  layer.o
    0x08009bfc   0x00000014   Code   RO         5329    i._ZN5Layer9drawPointEttb  layer.o
    0x08009c10   0x00000002   Code   RO         5330    i._ZN5Layer9getBitmapEv  layer.o
    0x08009c12   0x00000002   Code   RO         5331    i._ZN5LayerC1Ev     layer.o
    0x08009c14   0x00000002   Code   RO         5332    i._ZN5LayerD1Ev     layer.o
    0x08009c16   0x0000001e   Code   RO         5672    i._ZN6Screen21drawDefaultBackgroundEv  screen.o
    0x08009c34   0x0000000c   Code   RO         5673    i._ZN6Screen6renderEv  screen.o
    0x08009c40   0x00000048   Code   RO         5674    i._ZN6ScreenC2EPKc  screen.o
    0x08009c88   0x0000007c   Code   RO         5480    i._ZN8Renderer10clr_layersEv  renderer.o
    0x08009d04   0x00000090   Code   RO         5481    i._ZN8Renderer5flushEv  renderer.o
    0x08009d94   0x00000038   Code   RO         5482    i._ZN8RendererC1Ev  renderer.o
    0x08009dcc   0x00000016   Code   RO         5717    i._ZN8RendererD1Ev  screen.o
    0x08009de2   0x00000002   PAD
    0x08009de4   0x0000019e   Code   RO         5720    i._ZN8RendereraSEOS_  screen.o
    0x08009f82   0x00000002   PAD
    0x08009f84   0x00000106   Code   RO         5483    i._ZN8RendererlsER5Layer  renderer.o
    0x0800a08a   0x00000004   Code   RO         8239    i._ZNKSt14__rw_exception4whatEv  cpp_ws.l(rwstdexcept.o)
    0x0800a08e   0x00000072   Code   RO         9145    i._ZNKSt18__rw_messages_base11_C_cat_openERKSsRKSt6locale  cpp_ws.l(messages.o)
    0x0800a100   0x00000020   Code   RO         9148    i._ZNKSt18__rw_messages_base13_C_get_localeEi  cpp_ws.l(messages.o)
    0x0800a120   0x00000034   Code   RO         9149    i._ZNKSt18__rw_messages_base14_C_get_messageEiii  cpp_ws.l(messages.o)
    0x0800a154   0x0000000e   Code   RO         8854    i._ZNKSt5ctypeIcE2isENSt10ctype_base4maskEc  cpp_ws.l(char.o)
    0x0800a162   0x00000002   PAD
    0x0800a164   0x00000108   Code   RO         8973    i._ZNKSt6locale13_C_make_facetERKNS_2idEbiPFPN4__rw15__rw_facet_baseEiPKcjE  cpp_ws.l(locale.o)
    0x0800a26c   0x00000074   Code   RO         8975    i._ZNKSt6locale16_C_install_facetEPN4__rw15__rw_facet_baseERKNS_2idE  cpp_ws.l(locale.o)
    0x0800a2e0   0x00000030   Code   RO         8976    i._ZNKSt6locale4nameEv  cpp_ws.l(locale.o)
    0x0800a310   0x0000000c   Code   RO         8829    i._ZNSt11char_traitsIcE4copyEPcPKcj  cpp_ws.l(char.o)
    0x0800a31c   0x000000cc   Code   RO         8717    i._ZNSt12ctype_bynameIcE17_C_get_mask_tableEPKc  cpp_ws.l(char.o)
    0x0800a3e8   0x00000120   Code   RO         8719    i._ZNSt12ctype_bynameIcEC1EPKcj  cpp_ws.l(char.o)
    0x0800a508   0x0000000e   Code   RO         8961    i._ZNSt12ctype_bynameIcED0Ev  cpp_ws.l(char.o)
    0x0800a516   0x00000008   Code   RO         8958    i._ZNSt12ctype_bynameIcED1Ev  cpp_ws.l(char.o)
    0x0800a51e   0x00000002   PAD
    0x0800a520   0x00000084   Code   RO         8123    i._ZNSt14__rw_exception10_C_vformatEiSt9__va_list  cpp_ws.l(rwstdexcept.o)
    0x0800a5a4   0x00000014   Code   RO         8189    i._ZNSt14__rw_exceptionC1Ev  cpp_ws.l(rwstdexcept.o)
    0x0800a5b8   0x0000001c   Code   RO         8233    i._ZNSt14__rw_exceptionD1Ev  cpp_ws.l(rwstdexcept.o)
    0x0800a5d4   0x00000008   Code   RO         8186    i._ZNSt18__rw_messages_baseD1Ev  cpp_ws.l(rwstdexcept.o)
    0x0800a5dc   0x0000001a   Code   RO         9185    i._ZNSt18__rw_open_cat_dataC1Ev  cpp_ws.l(messages.o)
    0x0800a5f6   0x0000000c   Code   RO         9182    i._ZNSt18__rw_open_cat_dataD1Ev  cpp_ws.l(messages.o)
    0x0800a602   0x00000012   Code   RO         9188    i._ZNSt18__rw_open_cat_dataaSERKS_  cpp_ws.l(messages.o)
    0x0800a614   0x000000fa   Code   RO         8721    i._ZNSt5ctypeIcE12_C_initfacetERKSt6locale  cpp_ws.l(char.o)
    0x0800a70e   0x00000002   PAD
    0x0800a710   0x00000118   Code   RO         8723    i._ZNSt5ctypeIcEC1EPKNSt10ctype_base4maskEbj  cpp_ws.l(char.o)
    0x0800a828   0x0000000e   Code   RO         8857    i._ZNSt5ctypeIcED0Ev  cpp_ws.l(char.o)
    0x0800a836   0x00000002   PAD
    0x0800a838   0x0000002c   Code   RO         8786    i._ZNSt5ctypeIcED1Ev  cpp_ws.l(char.o)
    0x0800a864   0x0000000e   Code   RO         8230    i._ZNSt6locale5facetD0Ev  cpp_ws.l(rwstdexcept.o)
    0x0800a872   0x00000002   PAD
    0x0800a874   0x00000084   Code   RO         8979    i._ZNSt6locale7_C_initEv  cpp_ws.l(locale.o)
    0x0800a8f8   0x00000044   Code   RO         8981    i._ZNSt6locale7classicEv  cpp_ws.l(locale.o)
    0x0800a93c   0x00000020   Code   RO         9111    i._ZNSt6localeC1EPN4__rw15__rw_locale_impE  cpp_ws.l(locale.o)
    0x0800a95c   0x0000000c   Code   RO         9191    i._ZNSt6localeC1ERKS_  cpp_ws.l(messages.o)
    0x0800a968   0x00000020   Code   RO         8182    i._ZNSt6localeC1Ev  cpp_ws.l(rwstdexcept.o)
    0x0800a988   0x00000020   Code   RO         9086    i._ZNSt6localeD1Ev  cpp_ws.l(locale.o)
    0x0800a9a8   0x00000032   Code   RO         8989    i._ZNSt6localeaSERKS_  cpp_ws.l(locale.o)
    0x0800a9da   0x0000000e   Code   RO         8204    i._ZNSt8messagesIcED0Ev  cpp_ws.l(rwstdexcept.o)
    0x0800a9e8   0x00000010   Code   RO         8173    i._ZNSt8messagesIcED1Ev  cpp_ws.l(rwstdexcept.o)
    0x0800a9f8   0x0000000c   Code   RO         9229    i._ZNSt9exceptionC1Ev  cpprt_w.l(exception_ctor.o)
    0x0800aa04   0x0000003c   Code   RO         9166    i._ZSt13__rw_get_catsv  cpp_ws.l(messages.o)
    0x0800aa40   0x00000008   Code   RO         9197    i._ZdaPv            cpprt_w.l(array_del.o)
    0x0800aa48   0x00000008   Code   RO         9204    i._ZdlPv            cpprt_w.l(delete.o)
    0x0800aa50   0x00000008   Code   RO         9200    i._Znaj             cpprt_w.l(array_new.o)
    0x0800aa58   0x00000028   Code   RO         8242    i._Znwj             cpprt_w.l(new.o)
    0x0800aa80   0x0000001c   Code   RO         8637    i.__0fprintf        mc_w.l(printfa.o)
    0x0800aa9c   0x00000028   Code   RO         8640    i.__0sprintf        mc_w.l(printfa.o)
    0x0800aac4   0x0000002c   Code   RO         8643    i.__0vsnprintf      mc_w.l(printfa.o)
    0x0800aaf0   0x00000092   Code   RO         9620    i.__ARM_array_new_general  cpprt_w.l(array_new_general.o)
    0x0800ab82   0x00000012   Code   RO         7756    i.__ARM_common_memcpy4_10  app.o
    0x0800ab94   0x00000030   Code   RO         9530    i.__ARM_fpclassify  m_wm.l(fpclassify.o)
    0x0800abc4   0x00000008   Code   RO         9362    i.__aeabi_errno_addr  mc_w.l(errno.o)
    0x0800abcc   0x00000010   Code   RO         9502    i.__aeabi_vec_dtor_cookie  cpprt_w.l(aeabi_vec_dtor_cookie.o)
    0x0800abdc   0x00000014   Code   RO         9499    i.__aeabi_vec_new_cookie  cpprt_w.l(aeabi_vec_new_cookie.o)
    0x0800abf0   0x00000010   Code   RO         9487    i.__cxa_guard_acquire  cpprt_w.l(cxa_guard_acquire.o)
    0x0800ac00   0x00000006   Code   RO         8246    i.__cxa_pure_virtual  cpprt_w.l(pure_virt.o)
    0x0800ac06   0x00000002   PAD
    0x0800ac08   0x00000018   Code   RO         9589    i.__cxa_vec_new     cpprt_w.l(cxa_vec_new.o)
    0x0800ac20   0x000000c8   Code   RO         8352    i.__hardfp_cos      m_wm.l(cos.o)
    0x0800ace8   0x000000c8   Code   RO         8364    i.__hardfp_sin      m_wm.l(sin.o)
    0x0800adb0   0x00000438   Code   RO         9287    i.__ieee754_rem_pio2  m_wm.l(rred.o)
    0x0800b1e8   0x00000170   Code   RO         9270    i.__kernel_cos      m_wm.l(cos_i.o)
    0x0800b358   0x000000f8   Code   RO         9532    i.__kernel_poly     m_wm.l(poly.o)
    0x0800b450   0x00000130   Code   RO         9292    i.__kernel_sin      m_wm.l(sin_i.o)
    0x0800b580   0x00000014   Code   RO         9274    i.__mathlib_dbl_infnan  m_wm.l(dunder.o)
    0x0800b594   0x00000004   PAD
    0x0800b598   0x00000020   Code   RO         9276    i.__mathlib_dbl_invalid  m_wm.l(dunder.o)
    0x0800b5b8   0x00000020   Code   RO         9279    i.__mathlib_dbl_underflow  m_wm.l(dunder.o)
    0x0800b5d8   0x0000000e   Code   RO         9641    i.__scatterload_copy  mc_w.l(handlers.o)
    0x0800b5e6   0x00000002   Code   RO         9642    i.__scatterload_null  mc_w.l(handlers.o)
    0x0800b5e8   0x0000000e   Code   RO         9643    i.__scatterload_zeroinit  mc_w.l(handlers.o)
    0x0800b5f6   0x00000002   PAD
    0x0800b5f8   0x0000000c   Code   RO         9364    i.__set_errno       mc_w.l(errno.o)
    0x0800b604   0x00000010   Code   RO         8990    i.__sti___10_locale_cpp_ff99fc7b  cpp_ws.l(locale.o)
    0x0800b614   0x00000038   Code   RO         9397    i.__sti___10_rwcats_cpp_64e8068e  cpp_ws.l(rwcats.o)
    0x0800b64c   0x0000002c   Code   RO         5676    i.__sti___10_screen_cpp_10c0731e  screen.o
    0x0800b678   0x00000170   Code   RO         6385    i.__sti___15_screen_apps_cpp_noApp  screen_apps.o
    0x0800b7e8   0x000000d0   Code   RO         6053    i.__sti___15_screen_home_cpp_c003353f  screen_home.o
    0x0800b8b8   0x0000008c   Code   RO         4812    i.__sti___17_event_horizon_cpp_15419700  event_horizon.o
    0x0800b944   0x0000003c   Code   RO         7085    i.__sti___23_notification_center_cpp_552bf5f0  notification_center.o
    0x0800b980   0x00000002   Code   RO         7397    i.__sti___7_usb_cpp_0fd79fcb  usb.o
    0x0800b982   0x00000002   PAD
    0x0800b984   0x00000010   Code   RO         8725    i.__sti___8_char_cpp_a3dc957a  cpp_ws.l(char.o)
    0x0800b994   0x00000184   Code   RO         8645    i._fp_digits        mc_w.l(printfa.o)
    0x0800bb18   0x0000000e   Code   RO         9571    i._is_digit         mc_w.l(scanf_fp.o)
    0x0800bb26   0x00000002   PAD
    0x0800bb28   0x000006dc   Code   RO         8646    i._printf_core      mc_w.l(printfa.o)
    0x0800c204   0x00000024   Code   RO         8647    i._printf_post_padding  mc_w.l(printfa.o)
    0x0800c228   0x0000002e   Code   RO         8648    i._printf_pre_padding  mc_w.l(printfa.o)
    0x0800c256   0x00000016   Code   RO         8649    i._snputc           mc_w.l(printfa.o)
    0x0800c26c   0x0000000a   Code   RO         8650    i._sputc            mc_w.l(printfa.o)
    0x0800c276   0x00000002   PAD
    0x0800c278   0x00000020   Code   RO          670    i.addOnButtonPressedCallback  peripherals.o
    0x0800c298   0x00000020   Code   RO          671    i.addOnEncoderTurnedCallback  peripherals.o
    0x0800c2b8   0x00000020   Code   RO          672    i.addOnUSBReceivedCallback  peripherals.o
    0x0800c2d8   0x00000018   Code   RO         9526    i.fabs              m_wm.l(fabs.o)
    0x0800c2f0   0x00000012   Code   RO         9312    i.fputc             mc_w.l(fputc.o)
    0x0800c302   0x00000002   PAD
    0x0800c304   0x00000050   Code   RO         8666    i.free              mc_w.l(malloc.o)
    0x0800c354   0x0000008c   Code   RO          674    i.getRTCDate        peripherals.o
    0x0800c3e0   0x00000098   Code   RO          675    i.getRTCTime        peripherals.o
    0x0800c478   0x00000098   Code   RO          625    i.lcdInit           display.o
    0x0800c510   0x000000b4   Code   RO          626    i.lcdSendBuffer     display.o
    0x0800c5c4   0x00000058   Code   RO          627    i.lcdSendCom        display.o
    0x0800c61c   0x00000288   Code   RO          765    i.main              main.o
    0x0800c8a4   0x0000006c   Code   RO         8667    i.malloc            mc_w.l(malloc.o)
    0x0800c910   0x00000030   Code   RO          676    i.onButtonPressed   peripherals.o
    0x0800c940   0x0000005c   Code   RO          677    i.onEncoderTurned   peripherals.o
    0x0800c99c   0x00000028   Code   RO          678    i.onUSBReceived     peripherals.o
    0x0800c9c4   0x00000080   Code   RO          679    i.setNotificationLedColor  peripherals.o
    0x0800ca44   0x00000024   Code   RO          680    i.setRTCDate        peripherals.o
    0x0800ca68   0x00000028   Code   RO          681    i.setRTCTime        peripherals.o
    0x0800ca90   0x00000014   Code   RO         8838    t._ZN4__rw12__string_refIcSt11char_traitsIcESaIcEE10_C_inc_refEv  cpp_ws.l(char.o)
    0x0800caa4   0x00000046   Code   RO         8195    t._ZN4__rw16__rw_facet_makerISt5ctypeIcEE13_C_maker_funcEiPKcj  cpp_ws.l(rwstdexcept.o)
    0x0800caea   0x00000056   Code   RO         9089    t._ZN4__rw18__rw_locale_vectorIPNS_15__rw_facet_baseEE6resizeEjRKS2_  cpp_ws.l(locale.o)
    0x0800cb40   0x0000000e   Code   RO         9101    t._ZN4__rw18__rw_locale_vectorIPNS_15__rw_facet_baseEED1Ev  cpp_ws.l(locale.o)
    0x0800cb4e   0x0000000e   Code   RO         9413    t._ZN4__rw18__rw_locale_vectorIPNS_8__rw_catEED1Ev  cpp_ws.l(rwcats.o)
    0x0800cb5c   0x00000014   Code   RO         9104    t._ZN4__rw18__rw_locale_vectorISsED1Ev  cpp_ws.l(locale.o)
    0x0800cb70   0x00000088   Code   RO         9172    t._ZN4__rw18__rw_locale_vectorISt18__rw_open_cat_dataE6resizeEj  cpp_ws.l(messages.o)
    0x0800cbf8   0x00000014   Code   RO         9178    t._ZN4__rw18__rw_locale_vectorISt18__rw_open_cat_dataED1Ev  cpp_ws.l(messages.o)
    0x0800cc0c   0x000000f4   Code   RO         4887    t._ZN4__rw9__rb_treeISsSt4pairIKSs3AppENS_11__select1stIS4_SsEESt4lessISsESaIS4_EE11_C_put_nodeEPNS_17__rw_rb_tree_nodeIS9_S4_SsS6_EEb  event_horizon.o
    0x0800cd00   0x00000544   Code   RO         4917    t._ZN4__rw9__rb_treeISsSt4pairIKSs3AppENS_11__select1stIS4_SsEESt4lessISsESaIS4_EE5eraseENS_14__rw_tree_iterIS4_iPS4_RS4_NS_17__rw_rb_tree_nodeIS9_S4_SsS6_EEEESG_  event_horizon.o
    0x0800d244   0x00000026   Code   RO         4923    t._ZN4__rw9__rb_treeISsSt4pairIKSs3AppENS_11__select1stIS4_SsEESt4lessISsESaIS4_EE8_C_eraseEPNS_17__rw_rb_tree_nodeIS9_S4_SsS6_EE  event_horizon.o
    0x0800d26a   0x000002b0   Code   RO         6460    t._ZN4__rw9__rb_treeISsSt4pairIKSs3AppENS_11__select1stIS4_SsEESt4lessISsESaIS4_EE9_C_insertEPNS_17__rw_rb_tree_nodeIS9_S4_SsS6_EESD_RKS4_  screen_apps.o
    0x0800d51a   0x00000002   PAD
    0x0800d51c   0x00000570   Code   RO         4893    t._ZN4__rw9__rb_treeIcSt4pairIKc7USBDataENS_11__select1stIS4_cEESt4lessIcESaIS4_EE5eraseENS_14__rw_tree_iterIS4_iPS4_RS4_NS_17__rw_rb_tree_nodeIS9_S4_cS6_EEEESG_  event_horizon.o
    0x0800da8c   0x000000e2   Code   RO         6442    t._ZN4__rw9__rb_treeIcSt4pairIKc7USBDataENS_11__select1stIS4_cEESt4lessIcESaIS4_EE7_C_copyEPNS_17__rw_rb_tree_nodeIS9_S4_cS6_EESD_  screen_apps.o
    0x0800db6e   0x00000022   Code   RO         4911    t._ZN4__rw9__rb_treeIcSt4pairIKc7USBDataENS_11__select1stIS4_cEESt4lessIcESaIS4_EE8_C_eraseEPNS_17__rw_rb_tree_nodeIS9_S4_cS6_EE  event_horizon.o
    0x0800db90   0x00000248   Code   RO         7743    t._ZN4__rw9__rb_treeIcSt4pairIKc7USBDataENS_11__select1stIS4_cEESt4lessIcESaIS4_EE9_C_insertEPNS_17__rw_rb_tree_nodeIS9_S4_cS6_EESD_RKS4_  app.o
    0x0800ddd8   0x00000090   Code   RO         8167    t._ZNKSt8messagesIcE6do_getEiiiRKSs  cpp_ws.l(rwstdexcept.o)
    0x0800de68   0x00000006   Code   RO         8192    t._ZNKSt8messagesIcE7do_openERKSsRKSt6locale  cpp_ws.l(rwstdexcept.o)
    0x0800de6e   0x00000032   Code   RO         9058    t._ZNSs11_C_allocateEjjj  cpp_ws.l(locale.o)
    0x0800dea0   0x00000058   Code   RO         8783    t._ZNSs5beginEv     cpp_ws.l(char.o)
    0x0800def8   0x00000018   Code   RO         9098    t._ZNSs7replaceEjjPKcj  cpp_ws.l(locale.o)
    0x0800df10   0x00000168   Code   RO         8776    t._ZNSs7replaceEjjPKcjjj  cpp_ws.l(char.o)
    0x0800e078   0x00000074   Code   RO         8764    t._ZNSs9_C_getRepEjj  cpp_ws.l(char.o)
    0x0800e0ec   0x00000048   Code   RO         8773    t._ZNSs9_C_unlinkEv  cpp_ws.l(char.o)
    0x0800e134   0x00000038   Code   RO         9061    t._ZNSsC1EPKcRKSaIcE  cpp_ws.l(locale.o)
    0x0800e16c   0x00000010   Code   RO         9095    t._ZNSsC1ERKSaIcE   cpp_ws.l(locale.o)
    0x0800e17c   0x0000003e   Code   RO         8767    t._ZNSsC1ERKSs      cpp_ws.l(char.o)
    0x0800e1ba   0x0000000c   Code   RO         8847    t._ZNSsD1Ev         cpp_ws.l(char.o)
    0x0800e1c6   0x00000002   PAD
    0x0800e1c8   0x0000004c   Code   RO         9067    t._ZNSsaSEPKc       cpp_ws.l(locale.o)
    0x0800e214   0x0000003e   Code   RO         9064    t._ZNSsaSERKSs      cpp_ws.l(locale.o)
    0x0800e252   0x0000023a   Code   RO         6466    t._ZNSt3mapISs3AppSt4lessISsESaISt4pairIKSsS0_EEEixERS4_  screen_apps.o
    0x0800e48c   0x000000f4   Code   RO         7749    t._ZNSt3mapIc7USBDataSt4lessIcESaISt4pairIKcS0_EEEixERS4_  app.o
    0x0800e580   0x0000002a   Code   RO         7162    t._ZNSt6vectorI12NotificationSaIS0_EED1Ev  notification_center.o
    0x0800e5aa   0x00000002   PAD
    0x0800e5ac   0x00000060   Code   RO         7168    t._ZNSt6vectorI4NewsSaIS0_EED1Ev  notification_center.o
    0x0800e60c   0x0000000c   Code   RO         8841    t._ZSt3maxIjERKT_S2_S2_  cpp_ws.l(char.o)
    0x0800e618   0x00000010   Data   RO            6    .constdata          system_stm32f4xx.o
    0x0800e628   0x0000005c   Data   RO         8143    .constdata          cpp_ws.l(rwstdexcept.o)
    0x0800e684   0x00000200   Data   RO         8745    .constdata          cpp_ws.l(char.o)
    0x0800e884   0x00000004   PAD
    0x0800e888   0x00000030   Data   RO         9271    .constdata          m_wm.l(cos_i.o)
    0x0800e8b8   0x000000c8   Data   RO         9289    .constdata          m_wm.l(rred.o)
    0x0800e980   0x00000028   Data   RO         9293    .constdata          m_wm.l(sin_i.o)
    0x0800e9a8   0x00000081   Data   RO         9327    .constdata          mc_w.l(ctype_o.o)
    0x0800ea29   0x00000003   PAD
    0x0800ea2c   0x00000004   Data   RO         9328    .constdata          mc_w.l(ctype_o.o)
    0x0800ea30   0x00000018   Data   RO         6441    .constdata__ZTV10ScreenApps  screen_apps.o
    0x0800ea48   0x00000018   Data   RO         5888    .constdata__ZTV10ScreenBoot  screen_boot.o
    0x0800ea60   0x00000018   Data   RO         6132    .constdata__ZTV10ScreenHome  screen_home.o
    0x0800ea78   0x00000018   Data   RO         6030    .constdata__ZTV11ScreenError  screen_error.o
    0x0800ea90   0x00000018   Data   RO         5716    .constdata__ZTV6Screen  screen.o
    0x0800eaa8   0x00000014   Data   RO         8218    .constdata__ZTVNSt6locale5facetE  cpp_ws.l(rwstdexcept.o)
    0x0800eabc   0x00000034   Data   RO         8925    .constdata__ZTVSt12ctype_bynameIcE  cpp_ws.l(char.o)
    0x0800eaf0   0x00000014   Data   RO         8220    .constdata__ZTVSt14__rw_exception  cpp_ws.l(rwstdexcept.o)
    0x0800eb04   0x00000034   Data   RO         8756    .constdata__ZTVSt5ctypeIcE  cpp_ws.l(char.o)
    0x0800eb38   0x00000020   Data   RO         8156    .constdata__ZTVSt8messagesIcE  cpp_ws.l(rwstdexcept.o)
    0x0800eb58   0x00000014   Data   RO         9239    .constdata__ZTVSt9exception  cpprt_w.l(exception_dtor.o)
    0x0800eb6c   0x00000001   Data   RO         9055    .constdata__ZZNK4__rw15__rw_locale_imp16_C_category_nameEiEs  cpp_ws.l(locale.o)
    0x0800eb6d   0x00000001   Data   RO         6134    .constdata__ZZNSs6appendERKSsjjEs  screen_home.o
    0x0800eb6e   0x00000001   Data   RO         6135    .constdata__ZZNSs7replaceEjjPKcjjjEs  screen_home.o
    0x0800eb6f   0x00000001   Data   RO         6136    .constdata__ZZNSs9_C_getRepEjjEs  screen_home.o
    0x0800eb70   0x00000001   Data   RO         6133    .constdata__ZZNSt6vectorI12NotificationSaIS0_EE2atEjEs  screen_home.o
    0x0800eb71   0x00000001   Data   RO         5516    .constdata__ZZNSt6vectorIP5LayerSaIS1_EE2atEjEs  renderer.o
    0x0800eb72   0x00000002   Data   RO         8157    .constdata__ZZNSt8messagesIcEC1EjEs  cpp_ws.l(rwstdexcept.o)
    0x0800eb74   0x00000272   Data   RO         8144    .conststring        cpp_ws.l(rwstdexcept.o)
    0x0800ede6   0x00000002   PAD
    0x0800ede8   0x00000020   Data   RO         9640    Region$$Table       anon$$obj.o
    0x0800ee08   0x00000004   Data   RO         4826    .init_array         event_horizon.o
    0x0800ee0c   0x00000004   Data   RO         5684    .init_array         screen.o
    0x0800ee10   0x00000004   Data   RO         6068    .init_array         screen_home.o
    0x0800ee14   0x00000004   Data   RO         6395    .init_array         screen_apps.o
    0x0800ee18   0x00000004   Data   RO         7100    .init_array         notification_center.o
    0x0800ee1c   0x00000004   Data   RO         7404    .init_array         usb.o
    0x0800ee20   0x00000000   Data   RO         8697    .init_array         mc_w.l(cpp_init.o)
    0x0800ee20   0x00000004   Data   RO         8747    .init_array         cpp_ws.l(char.o)
    0x0800ee24   0x00000004   Data   RO         9038    .init_array         cpp_ws.l(locale.o)
    0x0800ee28   0x00000004   Data   RO         9407    .init_array         cpp_ws.l(rwcats.o)


    Execution Region RW_IRAM1 (Base: 0x20000000, Size: 0x0001f9e8, Max: 0x00020000, ABSOLUTE, COMPRESSED[0x000002e8])

    Base Addr    Size         Type   Attr      Idx    E Section Name        Object

    0x20000000   0x00000004   Data   RW            8    .data               system_stm32f4xx.o
    0x20000004   0x00000010   Data   RW          225    .data               usbd_cdc_if.o
    0x20000014   0x00000020   Data   RW          482    .data               usbd_desc.o
    0x20000034   0x00000024   Data   RW          483    .data               usbd_desc.o
    0x20000058   0x00000001   Data   RW          770    .data               main.o
    0x20000059   0x00000003   PAD
    0x2000005c   0x00000004   Data   RW         1552    .data               stm32f4xx_hal.o
    0x20000060   0x000000db   Data   RW         4650    .data               usbd_cdc.o
    0x2000013b   0x00000001   PAD
    0x2000013c   0x0000003c   Data   RW         4651    .data               usbd_cdc.o
    0x20000178   0x00000001   Data   RW         4747    .data               usbd_ctlreq.o
    0x20000179   0x00000003   PAD
    0x2000017c   0x00000008   Data   RW         4824    .data               event_horizon.o
    0x20000184   0x00000001   Data   RW         4825    .data               event_horizon.o
    0x20000185   0x000001e0   Data   RW         5294    .data               fonts.o
    0x20000365   0x00000001   PAD
    0x20000366   0x000000f0   Data   RW         5296    .data               fonts.o
    0x20000456   0x00000004   Data   RW         5345    .data               layer.o
    0x2000045a   0x00000001   Data   RW         5683    .data               screen.o
    0x2000045b   0x00000005   PAD
    0x20000460   0x00000018   Data   RW         5854    .data               screen_boot.o
    0x20000478   0x00000030   Data   RW         6067    .data               screen_home.o
    0x200004a8   0x00000001   Data   RW         7403    .data               usb.o
    0x200004a9   0x00000001   Data   RW         7697    .data               app.o
    0x200004aa   0x00000002   PAD
    0x200004ac   0x00000017   Data   RW         8145    .data               cpp_ws.l(rwstdexcept.o)
    0x200004c3   0x00000001   PAD
    0x200004c4   0x00000004   Data   RW         8396    .data               mc_w.l(strtok.o)
    0x200004c8   0x00000008   Data   RW         8746    .data               cpp_ws.l(char.o)
    0x200004d0   0x0000001c   Data   RW         9037    .data               cpp_ws.l(locale.o)
    0x200004ec   0x00000004   Data   RW         9196    .data               cpp_ws.l(rwthrowproc_noex.o)
    0x200004f0   0x00000004   Data   RW         9315    .data               mc_w.l(stderr.o)
    0x200004f4   0x00000004   Data   RW         9360    .data               mc_w.l(mvars.o)
    0x200004f8   0x00000004   Data   RW         9361    .data               mc_w.l(mvars.o)
    0x200004fc   0x00000004   Data   RW         9365    .data               mc_w.l(errno.o)
    0x20000500   0x00000004   Data   RW         9375    .data               mc_w.l(cpp_dtor.o)
    0x20000504   0x0000000c   Data   RW         9378    .data               mc_w.l(cpp_memory.o)
    0x20000510   0x00000008   Data   RW         9406    .data               cpp_ws.l(rwcats.o)
    0x20000518   0x00000004   Data   RW         9138    .data__ZZNKSt6locale2id7_C_initEvE9_C_id_gen  cpp_ws.l(locale.o)
    0x2000051c   0x0000000c   Data   RW         9194    .data__ZZSt13__rw_get_catsvE11__open_cats  cpp_ws.l(messages.o)
    0x20000528   0x00000224   Zero   RW          153    .bss                usb_device.o
    0x2000074c   0x00000800   Zero   RW          224    .bss                usbd_cdc_if.o
    0x20000f4c   0x000003fc   Zero   RW          307    .bss                usbd_conf.o
    0x20001348   0x00000200   Zero   RW          481    .bss                usbd_desc.o
    0x20001548   0x000000c0   Zero   RW          682    .bss                peripherals.o
    0x20001608   0x000000fc   Zero   RW          769    .bss                main.o
    0x20001704   0x0000a060   Zero   RW         4823    .bss                event_horizon.o
    0x2000b764   0x0000200c   Zero   RW         5682    .bss                screen.o
    0x2000d770   0x00002001   Zero   RW         6066    .bss                screen_home.o
    0x2000f771   0x00000003   PAD
    0x2000f774   0x00000230   Zero   RW         6394    .bss                screen_apps.o
    0x2000f9a4   0x00000018   Zero   RW         7098    .bss                notification_center.o
    0x2000f9bc   0x00000004   PAD
    0x2000f9c0   0x00000018   Zero   RW         8142    .bss                cpp_ws.l(rwstdexcept.o)
    0x2000f9d8   0x00000010   Zero   RW         9480    .bss__ZNSs9__nullrefE  cpp_ws.l(vendor.o)
    0x2000f9e8   0x00008000   Zero   RW         4794    HEAP                startup_stm32f446xx.o
    0x200179e8   0x00008000   Zero   RW         4793    STACK               startup_stm32f446xx.o


==============================================================================

Image component sizes


      Code (inc. data)   RO Data    RW Data    ZI Data      Debug   Object Name

      2818         46          0          1          0      51025   app.o
       420         16          0          0          0       2376   display.o
      3800        196          4          9      41056      85684   event_horizon.o
         0          0          0        720          0        673   fonts.o
      2590         10          0          4          0       9896   layer.o
       866         78          0          1        252     722662   main.o
       264         18          0          0          0       4704   news.o
        50          0          0          0          0      20754   notification.o
      1476         80          4          0         24      44284   notification_center.o
       772         92          0          0        192       7983   peripherals.o
       586         12          1          0          0      15702   renderer.o
       594         32         28          1       8204      22048   screen.o
      3734         52         28          0        560      88169   screen_apps.o
       764        140         24         24          0      17916   screen_boot.o
       196         80         24          0          0       2652   screen_error.o
      3592        620         32         48       8193      44365   screen_home.o
        36          8        452          0      65536        808   startup_stm32f446xx.o
       150         22          0          4          0       4451   stm32f4xx_hal.o
      1088         44          0          0          0       3767   stm32f4xx_hal_adc.o
       236         16          0          0          0      31709   stm32f4xx_hal_cortex.o
       602         24          0          0          0       4211   stm32f4xx_hal_gpio.o
       356         36          0          0          0       4080   stm32f4xx_hal_msp.o
      2440         62          0          0          0      11148   stm32f4xx_hal_pcd.o
       124          0          0          0          0       2500   stm32f4xx_hal_pcd_ex.o
        26          0          0          0          0        551   stm32f4xx_hal_pwr.o
       156          8          0          0          0       1272   stm32f4xx_hal_pwr_ex.o
       420         26          0          0          0       2316   stm32f4xx_hal_rcc.o
      2792        106          0          0          0       4502   stm32f4xx_hal_rcc_ex.o
      1096         12          0          0          0       6838   stm32f4xx_hal_rtc.o
        20          0          0          0          0       1735   stm32f4xx_hal_rtc_ex.o
      1168         28          0          0          0       8368   stm32f4xx_hal_tim.o
       144          0          0          0          0       2007   stm32f4xx_hal_tim_ex.o
       164         16          0          0          0      12395   stm32f4xx_it.o
      2710         30          0          0          0      20238   stm32f4xx_ll_usb.o
        88         24         16          4          0     735107   system_stm32f4xx.o
      1634        102          4          1          0      42497   usb.o
        56         18          0          0        548       6867   usb_device.o
       634         22          0        279          0      13150   usbd_cdc.o
       148         26          0         16       2048       3412   usbd_cdc_if.o
       844         50          0          0       1020      15067   usbd_conf.o
       646          0          0          0          0      12030   usbd_core.o
      1186         22          0          1          0       6760   usbd_ctlreq.o
       200         96          0         68        512       5771   usbd_desc.o
       132          0          0          0          0       4536   usbd_ioreq.o

    ----------------------------------------------------------------------
     41882       2270        649       1196     128152    2108986   Object Totals
         0          0         32          0          0          0   (incl. Generated)
        64          0          0         15          7          0   (incl. Padding)

    ----------------------------------------------------------------------

      Code (inc. data)   RO Data    RW Data    ZI Data      Debug   Library Member Name

      1912         78        620          8          0       1636   char.o
      1502         80          5         32          0       1760   locale.o
       482         34          0         12          0        784   messages.o
        36          0          0          0          0        144   rwalloc.o
       184         24          4          8          0        400   rwcats.o
      1000         68        792         23         24       1220   rwstdexcept.o
       152         94          0          0          0         72   rwthrowproc_impl_noex.o
         0          0          0          4          0          0   rwthrowproc_noex.o
         0          0          0          0         16          0   vendor.o
        28          0          0          0          0         84   ARM_vec_cleanup_noexceptions.o
        14          0          0          0          0         80   aeabi_vec_delete_noexceptions.o
        16          0          0          0          0         68   aeabi_vec_dtor_cookie.o
        34          0          0          0          0         84   aeabi_vec_dtor_noexceptions.o
        20          0          0          0          0         80   aeabi_vec_new_cookie.o
        80         12          0          0          0        104   arm_exceptions_globs.o
        60          0          0          0          0        108   arm_exceptions_mem.o
        26          0          0          0          0         76   arm_exceptions_terminate.o
         4          0          0          0          0         68   arm_newhandler_noexceptions.o
         2          0          0          0          0         68   arm_rethrow_noexceptions.o
         8          0          0          0          0         76   array_del.o
         8          0          0          0          0         76   array_new.o
       146          0          0          0          0         96   array_new_general.o
        16          0          0          0          0         68   cxa_guard_acquire.o
        24          6          0          0          0         84   cxa_vec_new.o
         8          0          0          0          0         76   delete.o
        12          6          0          0          0         68   exception_ctor.o
         0          0         20          0          0          0   exception_dtor.o
        40          6          0          0          0         76   new.o
         6          0          0          0          0         68   pure_virt.o
       200         20          0          0          0        164   cos.o
       368         46         48          0          0        200   cos_i.o
        84         16          0          0          0        372   dunder.o
        24          0          0          0          0        124   fabs.o
        48          0          0          0          0        124   fpclassify.o
       248          0          0          0          0        152   poly.o
      1080        142        200          0          0        188   rred.o
       200         20          0          0          0        164   sin.o
       304         24         40          0          0        208   sin_i.o
        86          0          0          0          0          0   __dczerorl2.o
        28          0          0          0          0         68   _chval.o
       812          4          0          0          0        112   _scanf.o
       332          0          0          0          0         96   _scanf_int.o
       342          0          0          0          0        100   _scanf_longlong.o
       224          0          0          0          0         96   _scanf_str.o
        64          0          0          0          0         84   _sgetc.o
       158          0          0          0          0         92   _strtoul.o
        46          0          0          0          0         84   aeabi_atexit.o
         8          4          0          4          0         68   cpp_dtor.o
         2          0          0          0          0         68   cpp_final.o
        32         10          0          0          0         80   cpp_init.o
        20          4          0         12          0        136   cpp_memory.o
         2          0          0          0          0         68   cpp_signal.o
         8          4        133          0          0         68   ctype_o.o
        66          0          0          0          0         84   cxa_finalize.o
         0          0          0          0          0          0   entry.o
         0          0          0          0          0          0   entry10a.o
         4          0          0          0          0          0   entry10b.o
         0          0          0          0          0          0   entry11a.o
         8          4          0          0          0          0   entry2.o
         4          0          0          0          0          0   entry5.o
         0          0          0          0          0          0   entry7b.o
         4          0          0          0          0          0   entry8a.o
         0          0          0          0          0          0   entry8b.o
         8          4          0          0          0          0   entry9a.o
        20         10          0          4          0        136   errno.o
        18          0          0          0          0         80   fputc.o
        30          0          0          0          0          0   handlers.o
        36          8          0          0          0         68   init.o
        18          0          0          0          0         76   isspace_o.o
         0          0          0          0          0          0   iusefp.o
         0          0          0          0          0          0   iusesemip.o
        30          0          0          0          0         68   llshl.o
        36          0          0          0          0         68   llsshr.o
        32          0          0          0          0         68   llushr.o
       188         20          0          0          0        160   malloc.o
        26          0          0          0          0         80   memcmp.o
        36          0          0          0          0         68   memcpya.o
        66          0          0          0          0         76   memmove.o
        64          0          0          0          0         76   memmovea.o
        36          0          0          0          0        108   memseta.o
         0          0          0          8          0          0   mvars.o
      2370         96          0          0          0        752   printfa.o
        40          8          0          0          0         84   scanf_char.o
       838         12          0          0          0        216   scanf_fp.o
         0          0          0          0          0          0   semi.o
        56          8          0          0          0         84   sscanf.o
         0          0          0          4          0          0   stderr.o
        24          0          0          0          0         68   strcat.o
        28          0          0          0          0         76   strcmp.o
        18          0          0          0          0         68   strcpy.o
        14          0          0          0          0         68   strlen.o
        32          0          0          0          0         68   strrchr.o
        36          0          0          0          0         80   strstr.o
        68          6          0          4          0         80   strtok.o
       114          0          0          0          0         92   strtoul.o
        44          0          0          0          0         80   uidiv.o
        98          0          0          0          0         92   uldiv.o
        48          0          0          0          0         68   cdcmple.o
        48          0          0          0          0         68   cdrcmple.o
        56          0          0          0          0         88   d2f.o
       334          0          0          0          0        148   dadd.o
       222          0          0          0          0        100   ddiv.o
       186          0          0          0          0        176   depilogue.o
        62          0          0          0          0         80   dfixi.o
        50          0          0          0          0         76   dfixui.o
        48          0          0          0          0         68   dfixul.o
        34          0          0          0          0         76   dflti.o
        26          0          0          0          0         76   dfltui.o
        24          0          0          0          0         76   dfltul.o
       228          0          0          0          0         96   dmul.o
       110          0          0          0          0        168   fepilogue.o

    ----------------------------------------------------------------------
     16570        878       1871        124         40      14928   Library Totals
        44          0          9          1          0          0   (incl. Padding)

    ----------------------------------------------------------------------

      Code (inc. data)   RO Data    RW Data    ZI Data      Debug   Library Name

      5268        378       1421         87         40       6016   cpp_ws.l
       552         30         20          0          0       1508   cpprt_w.l
      2556        268        288          0          0       1696   m_wm.l
      6674        202        133         36          0       4344   mc_w.l
      1476          0          0          0          0       1364   mf_w.l

    ----------------------------------------------------------------------
     16570        878       1871        124         40      14928   Library Totals

    ----------------------------------------------------------------------

==============================================================================


      Code (inc. data)   RO Data    RW Data    ZI Data      Debug   

     58452       3148       2520       1320     128192    2085482   Grand Totals
     58452       3148       2520        744     128192    2085482   ELF Image Totals (compressed)
     58452       3148       2520        744          0          0   ROM Totals

==============================================================================

    Total RO  Size (Code + RO Data)                60972 (  59.54kB)
    Total RW  Size (RW Data + ZI Data)            129512 ( 126.48kB)
    Total ROM Size (Code + RO Data + RW Data)      61716 (  60.27kB)

==============================================================================

