Component: ARM Compiler 5.06 update 4 (build 422) Tool: armlink [4d35d2]

==============================================================================

Section Cross References

    system_stm32f4xx.o(i.SystemCoreClockUpdate) refers to system_stm32f4xx.o(.data) for .data
    system_stm32f4xx.o(i.SystemCoreClockUpdate) refers to system_stm32f4xx.o(.constdata) for .constdata
    usb_device.o(i.MX_USB_DEVICE_Init) refers to usbd_core.o(i.USBD_Init) for USBD_Init
    usb_device.o(i.MX_USB_DEVICE_Init) refers to usbd_core.o(i.USBD_RegisterClass) for USBD_RegisterClass
    usb_device.o(i.MX_USB_DEVICE_Init) refers to usbd_cdc.o(i.USBD_CDC_RegisterInterface) for USBD_CDC_RegisterInterface
    usb_device.o(i.MX_USB_DEVICE_Init) refers to usbd_core.o(i.USBD_Start) for USBD_Start
    usb_device.o(i.MX_USB_DEVICE_Init) refers to usbd_desc.o(.data) for FS_Desc
    usb_device.o(i.MX_USB_DEVICE_Init) refers to usb_device.o(.bss) for .bss
    usb_device.o(i.MX_USB_DEVICE_Init) refers to usbd_cdc.o(.data) for USBD_CDC
    usb_device.o(i.MX_USB_DEVICE_Init) refers to usbd_cdc_if.o(.data) for USBD_Interface_fops_FS
    usbd_cdc_if.o(i.CDC_Init_FS) refers to usbd_cdc.o(i.USBD_CDC_SetTxBuffer) for USBD_CDC_SetTxBuffer
    usbd_cdc_if.o(i.CDC_Init_FS) refers to usbd_cdc.o(i.USBD_CDC_SetRxBuffer) for USBD_CDC_SetRxBuffer
    usbd_cdc_if.o(i.CDC_Init_FS) refers to usbd_cdc_if.o(.bss) for .bss
    usbd_cdc_if.o(i.CDC_Init_FS) refers to usb_device.o(.bss) for hUsbDeviceFS
    usbd_cdc_if.o(i.CDC_Receive_FS) refers to memmove.o(.text) for __aeabi_memcpy
    usbd_cdc_if.o(i.CDC_Receive_FS) refers to peripherals.o(i.onUSBReceived) for onUSBReceived
    usbd_cdc_if.o(i.CDC_Receive_FS) refers to memseta.o(.text) for __aeabi_memclr
    usbd_cdc_if.o(i.CDC_Receive_FS) refers to usbd_cdc.o(i.USBD_CDC_SetRxBuffer) for USBD_CDC_SetRxBuffer
    usbd_cdc_if.o(i.CDC_Receive_FS) refers to usbd_cdc.o(i.USBD_CDC_ReceivePacket) for USBD_CDC_ReceivePacket
    usbd_cdc_if.o(i.CDC_Receive_FS) refers to usbd_cdc_if.o(.bss) for .bss
    usbd_cdc_if.o(i.CDC_Receive_FS) refers to usb_device.o(.bss) for hUsbDeviceFS
    usbd_cdc_if.o(i.CDC_Transmit_FS) refers to usbd_cdc.o(i.USBD_CDC_SetTxBuffer) for USBD_CDC_SetTxBuffer
    usbd_cdc_if.o(i.CDC_Transmit_FS) refers to usbd_cdc.o(i.USBD_CDC_TransmitPacket) for USBD_CDC_TransmitPacket
    usbd_cdc_if.o(i.CDC_Transmit_FS) refers to usb_device.o(.bss) for hUsbDeviceFS
    usbd_cdc_if.o(.data) refers to usbd_cdc_if.o(i.CDC_Init_FS) for CDC_Init_FS
    usbd_cdc_if.o(.data) refers to usbd_cdc_if.o(i.CDC_DeInit_FS) for CDC_DeInit_FS
    usbd_cdc_if.o(.data) refers to usbd_cdc_if.o(i.CDC_Control_FS) for CDC_Control_FS
    usbd_cdc_if.o(.data) refers to usbd_cdc_if.o(i.CDC_Receive_FS) for CDC_Receive_FS
    usbd_conf.o(i.HAL_PCDEx_LPM_Callback) refers to usbd_core.o(i.USBD_LL_Suspend) for USBD_LL_Suspend
    usbd_conf.o(i.HAL_PCDEx_LPM_Callback) refers to main.o(i.SystemClock_Config) for SystemClock_Config
    usbd_conf.o(i.HAL_PCDEx_LPM_Callback) refers to usbd_core.o(i.USBD_LL_Resume) for USBD_LL_Resume
    usbd_conf.o(i.HAL_PCD_ConnectCallback) refers to usbd_core.o(i.USBD_LL_DevConnected) for USBD_LL_DevConnected
    usbd_conf.o(i.HAL_PCD_DataInStageCallback) refers to usbd_core.o(i.USBD_LL_DataInStage) for USBD_LL_DataInStage
    usbd_conf.o(i.HAL_PCD_DataOutStageCallback) refers to usbd_core.o(i.USBD_LL_DataOutStage) for USBD_LL_DataOutStage
    usbd_conf.o(i.HAL_PCD_DisconnectCallback) refers to usbd_core.o(i.USBD_LL_DevDisconnected) for USBD_LL_DevDisconnected
    usbd_conf.o(i.HAL_PCD_ISOINIncompleteCallback) refers to usbd_core.o(i.USBD_LL_IsoINIncomplete) for USBD_LL_IsoINIncomplete
    usbd_conf.o(i.HAL_PCD_ISOOUTIncompleteCallback) refers to usbd_core.o(i.USBD_LL_IsoOUTIncomplete) for USBD_LL_IsoOUTIncomplete
    usbd_conf.o(i.HAL_PCD_MspDeInit) refers to stm32f4xx_hal_gpio.o(i.HAL_GPIO_DeInit) for HAL_GPIO_DeInit
    usbd_conf.o(i.HAL_PCD_MspDeInit) refers to stm32f4xx_hal_cortex.o(i.HAL_NVIC_DisableIRQ) for HAL_NVIC_DisableIRQ
    usbd_conf.o(i.HAL_PCD_MspInit) refers to stm32f4xx_hal_gpio.o(i.HAL_GPIO_Init) for HAL_GPIO_Init
    usbd_conf.o(i.HAL_PCD_MspInit) refers to stm32f4xx_hal_cortex.o(i.HAL_NVIC_SetPriority) for HAL_NVIC_SetPriority
    usbd_conf.o(i.HAL_PCD_MspInit) refers to stm32f4xx_hal_cortex.o(i.HAL_NVIC_EnableIRQ) for HAL_NVIC_EnableIRQ
    usbd_conf.o(i.HAL_PCD_ResetCallback) refers to usbd_core.o(i.USBD_LL_SetSpeed) for USBD_LL_SetSpeed
    usbd_conf.o(i.HAL_PCD_ResetCallback) refers to usbd_core.o(i.USBD_LL_Reset) for USBD_LL_Reset
    usbd_conf.o(i.HAL_PCD_ResumeCallback) refers to usbd_core.o(i.USBD_LL_Resume) for USBD_LL_Resume
    usbd_conf.o(i.HAL_PCD_SOFCallback) refers to usbd_core.o(i.USBD_LL_SOF) for USBD_LL_SOF
    usbd_conf.o(i.HAL_PCD_SetupStageCallback) refers to usbd_core.o(i.USBD_LL_SetupStage) for USBD_LL_SetupStage
    usbd_conf.o(i.HAL_PCD_SuspendCallback) refers to usbd_core.o(i.USBD_LL_Suspend) for USBD_LL_Suspend
[...]
    std::vector<News, std::allocator<News>>::vector__sub_object(const std::allocator<News>&) 0x0800a613   Thumb Code     0  notification_center.o(t._ZNSt6vectorI4NewsSaIS0_EEC1ERKS1_)
    std::vector<News, std::allocator<News>>::operator =(const std::vector<News, std::allocator<News>>&) 0x0800a61d   Thumb Code   250  notification_center.o(t._ZNSt6vectorI4NewsSaIS0_EEaSERKS2_)
    std::vector<Layer*, std::allocator<Layer*>>::_C_insert_aux(Layer**, Layer*const &) 0x0800a717   Thumb Code   198  renderer.o(t._ZNSt6vectorIP5LayerSaIS1_EE13_C_insert_auxEPS1_RKS1_)
    std::vector<Layer*, std::allocator<Layer*>>::at(unsigned) 0x0800a7dd   Thumb Code    42  renderer.o(t._ZNSt6vectorIP5LayerSaIS1_EE2atEj)
    std::vector<Layer*, std::allocator<Layer*>>::vector(const std::allocator<Layer*>&) 0x0800a80d   Thumb Code    10  renderer.o(t._ZNSt6vectorIP5LayerSaIS1_EEC1ERKS2_)
    std::vector<Layer*, std::allocator<Layer*>>::vector__sub_object(const std::allocator<Layer*>&) 0x0800a80d   Thumb Code     0  renderer.o(t._ZNSt6vectorIP5LayerSaIS1_EEC1ERKS2_)
    std::vector<Layer*, std::allocator<Layer*>>::operator =(const std::vector<Layer*, std::allocator<Layer*>>&) 0x0800a817   Thumb Code   256  renderer.o(t._ZNSt6vectorIP5LayerSaIS1_EEaSERKS3_)
    std::vector<std::basic_string<char, std::char_traits<char>, std::allocator<char>>, std::allocator<std::basic_string<char, std::char_traits<char>, std::allocator<char>>>>::_C_destroy(std::basic_string<char, std::char_traits<char>, std::allocator<char>>*, std::basic_string<char, std::char_traits<char>, std::allocator<char>>*) 0x0800a917   Thumb Code    22  usb.o(t._ZNSt6vectorISsSaISsEE10_C_destroyEPSsS2_)
    std::vector<std::basic_string<char, std::char_traits<char>, std::allocator<char>>, std::allocator<std::basic_string<char, std::char_traits<char>, std::allocator<char>>>>::_C_insert_aux(std::basic_string<char, std::char_traits<char>, std::allocator<char>>*, const std::basic_string<char, std::char_traits<char>, std::allocator<char>>&) 0x0800a92d   Thumb Code   204  usb.o(t._ZNSt6vectorISsSaISsEE13_C_insert_auxEPSsRKSs)
    std::vector<std::basic_string<char, std::char_traits<char>, std::allocator<char>>, std::allocator<std::basic_string<char, std::char_traits<char>, std::allocator<char>>>>::at(unsigned) 0x0800a9f9   Thumb Code    42  usb.o(t._ZNSt6vectorISsSaISsEE2atEj)
    std::vector<std::basic_string<char, std::char_traits<char>, std::allocator<char>>, std::allocator<std::basic_string<char, std::char_traits<char>, std::allocator<char>>>>::vector(const std::allocator<std::basic_string<char, std::char_traits<char>, std::allocator<char>>>&) 0x0800aa29   Thumb Code    10  usb.o(t._ZNSt6vectorISsSaISsEEC1ERKS0_)
    std::vector<std::basic_string<char, std::char_traits<char>, std::allocator<char>>, std::allocator<std::basic_string<char, std::char_traits<char>, std::allocator<char>>>>::vector__sub_object(const std::allocator<std::basic_string<char, std::char_traits<char>, std::allocator<char>>>&) 0x0800aa29   Thumb Code     0  usb.o(t._ZNSt6vectorISsSaISsEEC1ERKS0_)
    std::vector<std::basic_string<char, std::char_traits<char>, std::allocator<char>>, std::allocator<std::basic_string<char, std::char_traits<char>, std::allocator<char>>>>::~vector() 0x0800aa33   Thumb Code    30  usb.o(t._ZNSt6vectorISsSaISsEED1Ev)
    std::vector<std::basic_string<char, std::char_traits<char>, std::allocator<char>>, std::allocator<std::basic_string<char, std::char_traits<char>, std::allocator<char>>>>::~vector__sub_object() 0x0800aa33   Thumb Code     0  usb.o(t._ZNSt6vectorISsSaISsEED1Ev)
    std::vector<std::basic_string<char, std::char_traits<char>, std::allocator<char>>, std::allocator<std::basic_string<char, std::char_traits<char>, std::allocator<char>>>>::operator =(const std::vector<std::basic_string<char, std::char_traits<char>, std::allocator<char>>, std::allocator<std::basic_string<char, std::char_traits<char>, std::allocator<char>>>>&) 0x0800aa51   Thumb Code   248  usb.o(t._ZNSt6vectorISsSaISsEEaSERKS1_)
    T2 std::uninitialized_copy<Notification*, Notification*, std::allocator<Notification>>(T1, T1, T2, T3&) 0x0800ab49   Thumb Code    38  notification_center.o(t._ZSt18uninitialized_copyIP12NotificationS1_SaIS0_EET0_T_S4_S3_RT1_)
    T2 std::uninitialized_copy<News*, News*, std::allocator<News>>(T1, T1, T2, T3&) 0x0800ab6f   Thumb Code    22  notification_center.o(t._ZSt18uninitialized_copyIP4NewsS1_SaIS0_EET0_T_S4_S3_RT1_)
    T2 std::uninitialized_copy<const Notification*, Notification*, std::allocator<Notification>>(T1, T1, T2, T3&) 0x0800ab85   Thumb Code    28  screen.o(t._ZSt18uninitialized_copyIPK12NotificationPS0_SaIS0_EET0_T_S6_S5_RT1_)
    T2 std::uninitialized_copy<const News*, News*, std::allocator<News>>(T1, T1, T2, T3&) 0x0800aba1   Thumb Code    22  screen.o(t._ZSt18uninitialized_copyIPK4NewsPS0_SaIS0_EET0_T_S6_S5_RT1_)
    T2 std::uninitialized_copy<Layer*const *, Layer**, std::allocator<Layer*>>(T1, T1, T2, T3&) 0x0800abb7   Thumb Code    22  renderer.o(t._ZSt18uninitialized_copyIPKP5LayerPS1_SaIS1_EET0_T_S7_S6_RT1_)
    T2 std::uninitialized_copy<const std::basic_string<char, std::char_traits<char>, std::allocator<char>>*, std::basic_string<char, std::char_traits<char>, std::allocator<char>>*, std::allocator<std::basic_string<char, std::char_traits<char>, std::allocator<char>>>>(T1, T1, T2, T3&) 0x0800abcd   Thumb Code    38  usb.o(t._ZSt18uninitialized_copyIPKSsPSsSaISsEET0_T_S5_S4_RT1_)
    T2 std::uninitialized_copy<Layer**, Layer**, std::allocator<Layer*>>(T1, T1, T2, T3&) 0x0800abf3   Thumb Code    22  renderer.o(t._ZSt18uninitialized_copyIPP5LayerS2_SaIS1_EET0_T_S5_S4_RT1_)
    T2 std::uninitialized_copy<std::basic_string<char, std::char_traits<char>, std::allocator<char>>*, std::basic_string<char, std::char_traits<char>, std::allocator<char>>*, std::allocator<std::basic_string<char, std::char_traits<char>, std::allocator<char>>>>(T1, T1, T2, T3&) 0x0800ac09   Thumb Code    38  usb.o(t._ZSt18uninitialized_copyIPSsS0_SaISsEET0_T_S3_S2_RT1_)
    const T1& std::max<unsigned>(const T1&, const T1&) 0x0800ac2f   Thumb Code    12  screen.o(t._ZSt3maxIjERKT_S2_S2_)
    T2 std::copy<Notification*, Notification*>(T1, T1, T2) 0x0800ac3b   Thumb Code    16  notification_center.o(t._ZSt4copyIP12NotificationS1_ET0_T_S3_S2_)
    T2 std::copy<const Notification*, Notification*>(T1, T1, T2) 0x0800ac4b   Thumb Code    16  screen.o(t._ZSt4copyIPK12NotificationPS0_ET0_T_S5_S4_)
    T2 std::copy<const News*, News*>(T1, T1, T2) 0x0800ac5b   Thumb Code    14  screen.o(t._ZSt4copyIPK4NewsPS0_ET0_T_S5_S4_)
    T2 std::copy<Layer*const *, Layer**>(T1, T1, T2) 0x0800ac69   Thumb Code    14  renderer.o(t._ZSt4copyIPKP5LayerPS1_ET0_T_S6_S5_)
    T2 std::copy<const std::basic_string<char, std::char_traits<char>, std::allocator<char>>*, std::basic_string<char, std::char_traits<char>, std::allocator<char>>*>(T1, T1, T2) 0x0800ac77   Thumb Code    30  usb.o(t._ZSt4copyIPKSsPSsET0_T_S4_S3_)
    AHBPrescTable                            0x0800ac94   Data          16  system_stm32f4xx.o(.constdata)
    std::ctype<char>::_C_classic_table       0x0800ad00   Data         512  char.o(.constdata)
    __ctype_table                            0x0800b020   Data         129  ctype_o.o(.constdata)
    vtable for ScreenBoot                    0x0800b0a8   Data          24  screen_boot.o(.constdata__ZTV10ScreenBoot)
    vtable for ScreenHome                    0x0800b0c0   Data          24  screen_home.o(.constdata__ZTV10ScreenHome)
    vtable for ScreenError                   0x0800b0d8   Data          24  screen_error.o(.constdata__ZTV11ScreenError)
    vtable for Screen                        0x0800b0f0   Data          24  screen.o(.constdata__ZTV6Screen)
    vtable for std::locale::facet            0x0800b108   Data          20  rwstdexcept.o(.constdata__ZTVNSt6locale5facetE)
    vtable for std::ctype_byname<char>       0x0800b11c   Data          52  char.o(.constdata__ZTVSt12ctype_bynameIcE)
    vtable for std::__rw_exception           0x0800b150   Data          20  rwstdexcept.o(.constdata__ZTVSt14__rw_exception)
    vtable for std::ctype<char>              0x0800b164   Data          52  char.o(.constdata__ZTVSt5ctypeIcE)
    vtable for std::messages<char>           0x0800b198   Data          32  rwstdexcept.o(.constdata__ZTVSt8messagesIcE)
    vtable for std::exception                0x0800b1b8   Data          20  exception_dtor.o(.constdata__ZTVSt9exception)
    __rw::__rw_locale_imp::_C_category_name(int) const::string 0x0800b1cc   Data           1  locale.o(.constdata__ZZNK4__rw15__rw_locale_imp16_C_category_nameEiEs)
    std::basic_string<char, std::char_traits<char>, std::allocator<char>>::replace(unsigned, unsigned, const char*, unsigned, unsigned, unsigned)::string 0x0800b1cd   Data           1  screen_home.o(.constdata__ZZNSs7replaceEjjPKcjjjEs)
    std::basic_string<char, std::char_traits<char>, std::allocator<char>>::_C_getRep(unsigned, unsigned)::string 0x0800b1ce   Data           1  screen_home.o(.constdata__ZZNSs9_C_getRepEjjEs)
    std::vector<Notification, std::allocator<Notification>>::at(unsigned)::string 0x0800b1cf   Data           1  screen_home.o(.constdata__ZZNSt6vectorI12NotificationSaIS0_EE2atEjEs)
    std::vector<Layer*, std::allocator<Layer*>>::at(unsigned)::string 0x0800b1d0   Data           1  renderer.o(.constdata__ZZNSt6vectorIP5LayerSaIS1_EE2atEjEs)
    std::vector<std::basic_string<char, std::char_traits<char>, std::allocator<char>>, std::allocator<std::basic_string<char, std::char_traits<char>, std::allocator<char>>>>::at(unsigned)::string 0x0800b1d1   Data           1  usb.o(.constdata__ZZNSt6vectorISsSaISsEE2atEjEs)
    std::messages<char>::messages(unsigned)::string 0x0800b1d2   Data           2  rwstdexcept.o(.constdata__ZZNSt8messagesIcEC1EjEs)
    Region$$Table$$Base                      0x0800b448   Number         0  anon$$obj.o(Region$$Table)
    Region$$Table$$Limit                     0x0800b468   Number         0  anon$$obj.o(Region$$Table)
    SHT$$INIT_ARRAY$$Base                    0x0800b468   Number         0  event_horizon.o(.init_array)
    SHT$$INIT_ARRAY$$Limit                   0x0800b484   Number         0  rwcats.o(.init_array)
    SystemCoreClock                          0x20000000   Data           4  system_stm32f4xx.o(.data)
    USBD_Interface_fops_FS                   0x20000004   Data          16  usbd_cdc_if.o(.data)
    FS_Desc                                  0x20000014   Data          32  usbd_desc.o(.data)
    USBD_LangIDDesc                          0x20000034   Data           4  usbd_desc.o(.data)
    USBD_FS_DeviceDesc                       0x20000038   Data          18  usbd_desc.o(.data)
    USBD_FS_BOSDesc                          0x2000004c   Data          12  usbd_desc.o(.data)
    os                                       0x20000058   Data           1  main.o(.data)
    uwTick                                   0x2000005c   Data           4  stm32f4xx_hal.o(.data)
    USBD_CDC_CfgHSDesc                       0x20000070   Data          67  usbd_cdc.o(.data)
    USBD_CDC_CfgFSDesc                       0x200000b4   Data          67  usbd_cdc.o(.data)
    USBD_CDC_OtherSpeedCfgDesc               0x200000f8   Data          67  usbd_cdc.o(.data)
    USBD_CDC                                 0x2000013c   Data          60  usbd_cdc.o(.data)
    running                                  0x2000017c   Data           1  event_horizon.o(.data)
    error_code                               0x2000017e   Data           2  event_horizon.o(.data)
    currScreen                               0x20000180   Data           4  event_horizon.o(.data)
    font_small                               0x20000184   Data         480  fonts.o(.data)
    font_clock                               0x20000364   Data         240  fonts.o(.data)
    menuShown                                0x20000468   Data           1  screen_home.o(.data)
    deleteNotification                       0x20000469   Data           1  screen_home.o(.data)
    selectedNotification                     0x2000046c   Data           2  screen_home.o(.data)
    newsPos                                  0x2000046e   Data           2  screen_home.o(.data)
    newsString                               0x20000478   Data           4  screen_home.o(.data)
    USB::INSTANCE                            0x200004a0   Data           1  usb.o(.data)
    std::ctype<char>::id                     0x200004c0   Data           4  char.o(.data)
    std::ctype<wchar_t>::id                  0x200004c4   Data           4  char.o(.data)
    std::locale::_C_classic                  0x200004d0   Data           4  locale.o(.data)
    std::locale::_C_native                   0x200004d4   Data           4  locale.o(.data)
    std::locale::_C_global                   0x200004d8   Data           4  locale.o(.data)
    std::codecvt<char, char, std::__mbstate_t>::id 0x200004dc   Data           4  locale.o(.data)
    std::codecvt<wchar_t, char, std::__mbstate_t>::id 0x200004e0   Data           4  locale.o(.data)
    __rw_throw_proc                          0x200004e4   Data           4  rwthrowproc_noex.o(.data)
    __stderr                                 0x200004e8   Data           4  stderr.o(.data)
    __microlib_freelist                      0x200004ec   Data           4  mvars.o(.data)
    __microlib_freelist_initialised          0x200004f0   Data           4  mvars.o(.data)
    std::locale::id::_C_init() const::_C_id_gen 0x20000510   Data           4  locale.o(.data__ZZNKSt6locale2id7_C_initEvE9_C_id_gen)
    guard variable for std::__rw_get_cats()::__open_cats 0x20000514   Data           4  messages.o(.data__ZZSt13__rw_get_catsvE11__open_cats)
    std::__rw_get_cats()::__open_cats        0x20000518   Data           8  messages.o(.data__ZZSt13__rw_get_catsvE11__open_cats)
    hUsbDeviceFS                             0x20000520   Data         548  usb_device.o(.bss)
    UserRxBufferFS                           0x20000744   Data        2048  usbd_cdc_if.o(.bss)
    UserTxBufferFS                           0x20000f44   Data        2048  usbd_cdc_if.o(.bss)
    hpcd_USB_OTG_FS                          0x20001744   Data        1020  usbd_conf.o(.bss)
    USBD_StrDesc                             0x20001b40   Data         512  usbd_desc.o(.bss)
    buttonCallbacks                          0x20001d40   Data          64  peripherals.o(.bss)
    encoderCallbacks                         0x20001d80   Data          64  peripherals.o(.bss)
    usbReceivedCallbacks                     0x20001dc0   Data          64  peripherals.o(.bss)
    hadc1                                    0x20001e00   Data          72  main.o(.bss)
    hrtc                                     0x20001e48   Data          32  main.o(.bss)
    htim2                                    0x20001e68   Data          60  main.o(.bss)
    htim4                                    0x20001ea4   Data          60  main.o(.bss)
    sConfigOC                                0x20001ee0   Data          28  main.o(.bss)
    screenBoot                               0x20001efc   Data        8204  event_horizon.o(.bss)
    screenError                              0x20003f08   Data        8204  event_horizon.o(.bss)
    screenHome                               0x20005f14   Data        8204  event_horizon.o(.bss)
    Screen::renderer                         0x20007f20   Data        8204  screen.o(.bss)
    Screen::notificationCenter               0x20009f2c   Data          28  screen.o(.bss)
    notificationLayer                        0x20009f48   Data        8193  screen_home.o(.bss)
    tokens                                   0x2000bf4c   Data          12  usb.o(.bss)
    std::basic_string<char, std::char_traits<char>, std::allocator<char>>::__nullref 0x2000bf70   Data          16  vendor.o(.bss__ZNSs9__nullrefE)
    __heap_base                              0x2000bf80   Data           0  startup_stm32f446xx.o(HEAP)
    __heap_limit                             0x2000e680   Data           0  startup_stm32f446xx.o(HEAP)
    __initial_sp                             0x20010d80   Data           0  startup_stm32f446xx.o(STACK)



==============================================================================

Memory Map of the image

  Image Entry point : 0x080001c5

  Load Region LR_IROM1 (Base: 0x08000000, Size: 0x0000b9a4, Max: 0x00080000, ABSOLUTE, COMPRESSED[0x0000b774])

    Execution Region ER_IROM1 (Base: 0x08000000, Size: 0x0000b484, Max: 0x00080000, ABSOLUTE)

    Base Addr    Size         Type   Attr      Idx    E Section Name        Object

    0x08000000   0x000001c4   Data   RO         4609    RESET               startup_stm32f446xx.o
    0x080001c4   0x00000000   Code   RO         7331  * .ARM.Collect$$$$00000000  mc_w.l(entry.o)
    0x080001c4   0x00000004   Code   RO         8229    .ARM.Collect$$$$00000001  mc_w.l(entry2.o)
    0x080001c8   0x00000004   Code   RO         8232    .ARM.Collect$$$$00000004  mc_w.l(entry5.o)
    0x080001cc   0x00000000   Code   RO         8234    .ARM.Collect$$$$00000008  mc_w.l(entry7b.o)
    0x080001cc   0x00000004   Code   RO         8235    .ARM.Collect$$$$00000009  mc_w.l(entry8a.o)
    0x080001d0   0x00000000   Code   RO         8236    .ARM.Collect$$$$0000000A  mc_w.l(entry8b.o)
    0x080001d0   0x00000008   Code   RO         8237    .ARM.Collect$$$$0000000B  mc_w.l(entry9a.o)
    0x080001d8   0x00000000   Code   RO         8239    .ARM.Collect$$$$0000000D  mc_w.l(entry10a.o)
    0x080001d8   0x00000004   Code   RO         8240    .ARM.Collect$$$$0000000E  mc_w.l(entry10b.o)
    0x080001dc   0x00000000   Code   RO         8241    .ARM.Collect$$$$0000000F  mc_w.l(entry11a.o)
    0x080001dc   0x00000004   Code   RO         8230    .ARM.Collect$$$$00002712  mc_w.l(entry2.o)
    0x080001e0   0x00000024   Code   RO         4610    .text               startup_stm32f446xx.o
    0x08000204   0x00000040   Code   RO         7336    .text               mc_w.l(memmovea.o)
    0x08000244   0x00000024   Code   RO         7338    .text               mc_w.l(memseta.o)
    0x08000268   0x00000024   Code   RO         7340    .text               mc_w.l(strstr.o)
    0x0800028c   0x0000000e   Code   RO         7342    .text               mc_w.l(strlen.o)
    0x0800029a   0x00000002   PAD
    0x0800029c   0x00000044   Code   RO         7344    .text               mc_w.l(strtok.o)
    0x080002e0   0x00000072   Code   RO         7643    .text               mc_w.l(strtoul.o)
    0x08000352   0x00000002   PAD
    0x08000354   0x00000020   Code   RO         7648    .text               mc_w.l(cpp_init.o)
    0x08000374   0x0000002e   Code   RO         7650    .text               mc_w.l(aeabi_atexit.o)
    0x080003a2   0x0000014e   Code   RO         7652    .text               mf_w.l(dadd.o)
    0x080004f0   0x000000e4   Code   RO         7654    .text               mf_w.l(dmul.o)
    0x080005d4   0x00000032   Code   RO         7656    .text               mf_w.l(dfixui.o)
    0x08000606   0x00000002   PAD
    0x08000608   0x00000030   Code   RO         7658    .text               mf_w.l(cdcmple.o)
    0x08000638   0x00000030   Code   RO         7660    .text               mf_w.l(cdrcmple.o)
    0x08000668   0x0000000e   Code   RO         8183    .text               cpprt_w.l(aeabi_vec_delete_noexceptions.o)
    0x08000676   0x0000002c   Code   RO         8247    .text               mc_w.l(uidiv.o)
    0x080006a2   0x00000062   Code   RO         8249    .text               mc_w.l(uldiv.o)
    0x08000704   0x0000001e   Code   RO         8251    .text               mc_w.l(llshl.o)
    0x08000722   0x00000020   Code   RO         8253    .text               mc_w.l(llushr.o)
    0x08000742   0x00000024   Code   RO         8255    .text               mc_w.l(llsshr.o)
    0x08000766   0x00000002   PAD
    0x08000768   0x00000008   Code   RO         8257    .text               mc_w.l(ctype_o.o)
    0x08000770   0x00000012   Code   RO         8279    .text               mc_w.l(isspace_o.o)
    0x08000782   0x00000018   Code   RO         8289    .text               mc_w.l(strcat.o)
    0x0800079a   0x00000012   Code   RO         8291    .text               mc_w.l(strcpy.o)
    0x080007ac   0x00000020   Code   RO         8293    .text               mc_w.l(strrchr.o)
    0x080007cc   0x00000038   Code   RO         8304    .text               mc_w.l(sscanf.o)
    0x08000804   0x0000009e   Code   RO         8306    .text               mc_w.l(_strtoul.o)
    0x080008a2   0x00000000   Code   RO         8308    .text               mc_w.l(iusefp.o)
    0x080008a2   0x00000002   PAD
    0x080008a4   0x00000008   Code   RO         8309    .text               mc_w.l(cpp_dtor.o)
    0x080008ac   0x00000002   Code   RO         8312    .text               mc_w.l(cpp_signal.o)
    0x080008ae   0x00000042   Code   RO         8314    .text               mc_w.l(cxa_finalize.o)
    0x080008f0   0x000000ba   Code   RO         8316    .text               mf_w.l(depilogue.o)
    0x080009aa   0x000000de   Code   RO         8318    .text               mf_w.l(ddiv.o)
    0x08000a88   0x00000030   Code   RO         8322    .text               mf_w.l(dfixul.o)
    0x08000ab8   0x00000004   Code   RO         8413    .text               cpprt_w.l(arm_newhandler_noexceptions.o)
    0x08000abc   0x0000001a   Code   RO         8454    .text               cpprt_w.l(arm_exceptions_terminate.o)
    0x08000ad6   0x00000002   PAD
    0x08000ad8   0x00000050   Code   RO         8457    .text               cpprt_w.l(arm_exceptions_globs.o)
    0x08000b28   0x00000024   Code   RO         8476    .text               mc_w.l(init.o)
    0x08000b4c   0x00000000   Code   RO         8478    .text               mc_w.l(semi.o)
    0x08000b4c   0x00000042   Code   RO         8487    .text               mc_w.l(memmove.o)
    0x08000b8e   0x0000001c   Code   RO         8491    .text               mc_w.l(strcmp.o)
    0x08000baa   0x0000001c   Code   RO         8503    .text               mc_w.l(_chval.o)
    0x08000bc6   0x00000156   Code   RO         8505    .text               mc_w.l(_scanf_longlong.o)
    0x08000d1c   0x0000014c   Code   RO         8507    .text               mc_w.l(_scanf_int.o)
    0x08000e68   0x000000e0   Code   RO         8509    .text               mc_w.l(_scanf_str.o)
    0x08000f48   0x00000338   Code   RO         8511    .text               mc_w.l(scanf_fp.o)
    0x08001280   0x00000028   Code   RO         8515    .text               mc_w.l(scanf_char.o)
    0x080012a8   0x00000040   Code   RO         8517    .text               mc_w.l(_sgetc.o)
    0x080012e8   0x00000000   Code   RO         8519    .text               mc_w.l(iusesemip.o)
    0x080012e8   0x00000002   Code   RO         8520    .text               mc_w.l(cpp_final.o)
    0x080012ea   0x00000002   PAD
    0x080012ec   0x00000014   Code   RO         8522    .text               mc_w.l(cpp_memory.o)
    0x08001300   0x00000022   Code   RO         8525    .text               mf_w.l(dflti.o)
    0x08001322   0x0000001a   Code   RO         8527    .text               mf_w.l(dfltui.o)
    0x0800133c   0x0000003e   Code   RO         8529    .text               mf_w.l(dfixi.o)
    0x0800137a   0x00000002   Code   RO         8531    .text               cpprt_w.l(arm_rethrow_noexceptions.o)
    0x0800137c   0x00000022   Code   RO         8540    .text               cpprt_w.l(aeabi_vec_dtor_noexceptions.o)
    0x0800139e   0x0000003c   Code   RO         8543    .text               cpprt_w.l(arm_exceptions_mem.o)
    0x080013da   0x00000002   PAD
    0x080013dc   0x0000032c   Code   RO         8560    .text               mc_w.l(_scanf.o)
    0x08001708   0x00000018   Code   RO         8564    .text               mf_w.l(dfltul.o)
    0x08001720   0x00000038   Code   RO         8566    .text               mf_w.l(d2f.o)
    0x08001758   0x0000006e   Code   RO         8581    .text               mf_w.l(fepilogue.o)
    0x080017c6   0x0000001c   Code   RO         8583    .text               cpprt_w.l(ARM_vec_cleanup_noexceptions.o)
    0x080017e2   0x00000056   Code   RO         8595    .text               mc_w.l(__dczerorl2.o)
    0x08001838   0x00000014   Code   RO         7907    i.<Func5>           cpp_ws.l(locale.o)
    0x0800184c   0x0000012c   Code   RO         2919    i.ADC_Init          stm32f4xx_hal_adc.o
    0x08001978   0x00000002   Code   RO          977    i.BusFault_Handler  stm32f4xx_it.o
    0x0800197a   0x00000004   Code   RO          219    i.CDC_Control_FS    usbd_cdc_if.o
    0x0800197e   0x00000004   Code   RO          220    i.CDC_DeInit_FS     usbd_cdc_if.o
    0x08001982   0x00000002   PAD
    0x08001984   0x00000024   Code   RO          221    i.CDC_Init_FS       usbd_cdc_if.o
    0x080019a8   0x0000003c   Code   RO          222    i.CDC_Receive_FS    usbd_cdc_if.o
    0x080019e4   0x00000002   Code   RO          978    i.DebugMon_Handler  stm32f4xx_it.o
    0x080019e6   0x00000002   PAD
    0x080019e8   0x00000064   Code   RO          979    i.EXTI9_5_IRQHandler  stm32f4xx_it.o
    0x08001a4c   0x00000154   Code   RO         2921    i.HAL_ADC_ConfigChannel  stm32f4xx_hal_adc.o
    0x08001ba0   0x00000006   Code   RO         2928    i.HAL_ADC_GetValue  stm32f4xx_hal_adc.o
    0x08001ba6   0x00000054   Code   RO         2930    i.HAL_ADC_Init      stm32f4xx_hal_adc.o
    0x08001bfa   0x00000002   PAD
    0x08001bfc   0x00000044   Code   RO          548    i.HAL_ADC_MspInit   stm32f4xx_hal_msp.o
    0x08001c40   0x000000a2   Code   RO         2934    i.HAL_ADC_PollForConversion  stm32f4xx_hal_adc.o
    0x08001ce2   0x00000002   PAD
    0x08001ce4   0x000000bc   Code   RO         2936    i.HAL_ADC_Start     stm32f4xx_hal_adc.o
    0x08001da0   0x0000001c   Code   RO         1225    i.HAL_Delay         stm32f4xx_hal.o
    0x08001dbc   0x00000002   Code   RO         1490    i.HAL_GPIO_EXTI_Callback  stm32f4xx_hal_gpio.o
    0x08001dbe   0x00000002   PAD
    0x08001dc0   0x00000018   Code   RO         1491    i.HAL_GPIO_EXTI_IRQHandler  stm32f4xx_hal_gpio.o
    0x08001dd8   0x000001a4   Code   RO         1492    i.HAL_GPIO_Init     stm32f4xx_hal_gpio.o
    0x08001f7c   0x0000000a   Code   RO         1494    i.HAL_GPIO_ReadPin  stm32f4xx_hal_gpio.o
    0x08001f86   0x0000000a   Code   RO         1496    i.HAL_GPIO_WritePin  stm32f4xx_hal_gpio.o
    0x08001f90   0x0000000c   Code   RO         1231    i.HAL_GetTick       stm32f4xx_hal.o
    0x08001f9c   0x00000010   Code   RO         1233    i.HAL_IncTick       stm32f4xx_hal.o
    0x08001fac   0x00000034   Code   RO         1234    i.HAL_Init          stm32f4xx_hal.o
    0x08001fe0   0x00000028   Code   RO         1235    i.HAL_InitTick      stm32f4xx_hal.o
    0x08002008   0x00000058   Code   RO          549    i.HAL_MspInit       stm32f4xx_hal_msp.o
    0x08002060   0x00000016   Code   RO         3132    i.HAL_NVIC_EnableIRQ  stm32f4xx_hal_cortex.o
    0x08002076   0x00000002   PAD
    0x08002078   0x00000040   Code   RO         3138    i.HAL_NVIC_SetPriority  stm32f4xx_hal_cortex.o
    0x080020b8   0x00000024   Code   RO         3139    i.HAL_NVIC_SetPriorityGrouping  stm32f4xx_hal_cortex.o
    0x080020dc   0x00000028   Code   RO         1555    i.HAL_PCDEx_ActivateLPM  stm32f4xx_hal_pcd_ex.o
    0x08002104   0x00000060   Code   RO          278    i.HAL_PCDEx_LPM_Callback  usbd_conf.o
    0x08002164   0x00000008   Code   RO         1558    i.HAL_PCDEx_SetRxFiFo  stm32f4xx_hal_pcd_ex.o
    0x0800216c   0x00000044   Code   RO         1559    i.HAL_PCDEx_SetTxFiFo  stm32f4xx_hal_pcd_ex.o
    0x080021b0   0x00000008   Code   RO          279    i.HAL_PCD_ConnectCallback  usbd_conf.o
    0x080021b8   0x00000012   Code   RO          280    i.HAL_PCD_DataInStageCallback  usbd_conf.o
    0x080021ca   0x00000014   Code   RO          281    i.HAL_PCD_DataOutStageCallback  usbd_conf.o
    0x080021de   0x00000008   Code   RO          282    i.HAL_PCD_DisconnectCallback  usbd_conf.o
    0x080021e6   0x00000044   Code   RO         1612    i.HAL_PCD_EP_Close  stm32f4xx_hal_pcd.o
    0x0800222a   0x00000050   Code   RO         1613    i.HAL_PCD_EP_ClrStall  stm32f4xx_hal_pcd.o
    0x0800227a   0x00000014   Code   RO         1615    i.HAL_PCD_EP_GetRxCount  stm32f4xx_hal_pcd.o
    0x0800228e   0x00000054   Code   RO         1616    i.HAL_PCD_EP_Open   stm32f4xx_hal_pcd.o
    0x080022e2   0x00000048   Code   RO         1617    i.HAL_PCD_EP_Receive  stm32f4xx_hal_pcd.o
    0x0800232a   0x00000060   Code   RO         1618    i.HAL_PCD_EP_SetStall  stm32f4xx_hal_pcd.o
    0x0800238a   0x00000040   Code   RO         1619    i.HAL_PCD_EP_Transmit  stm32f4xx_hal_pcd.o
    0x080023ca   0x00000002   PAD
    0x080023cc   0x00000554   Code   RO         1621    i.HAL_PCD_IRQHandler  stm32f4xx_hal_pcd.o
    0x08002920   0x00000008   Code   RO          283    i.HAL_PCD_ISOINIncompleteCallback  usbd_conf.o
    0x08002928   0x00000008   Code   RO          284    i.HAL_PCD_ISOOUTIncompleteCallback  usbd_conf.o
    0x08002930   0x000000cc   Code   RO         1624    i.HAL_PCD_Init      stm32f4xx_hal_pcd.o
    0x080029fc   0x00000078   Code   RO          286    i.HAL_PCD_MspInit   usbd_conf.o
    0x08002a74   0x00000020   Code   RO          287    i.HAL_PCD_ResetCallback  usbd_conf.o
    0x08002a94   0x00000008   Code   RO          288    i.HAL_PCD_ResumeCallback  usbd_conf.o
    0x08002a9c   0x00000008   Code   RO          289    i.HAL_PCD_SOFCallback  usbd_conf.o
    0x08002aa4   0x00000024   Code   RO         1630    i.HAL_PCD_SetAddress  stm32f4xx_hal_pcd.o
    0x08002ac8   0x0000000e   Code   RO          290    i.HAL_PCD_SetupStageCallback  usbd_conf.o
    0x08002ad6   0x0000002a   Code   RO         1632    i.HAL_PCD_Start     stm32f4xx_hal_pcd.o
    0x08002b00   0x00000030   Code   RO          291    i.HAL_PCD_SuspendCallback  usbd_conf.o
    0x08002b30   0x0000008c   Code   RO         1086    i.HAL_PWREx_EnableOverDrive  stm32f4xx_hal_pwr_ex.o
    0x08002bbc   0x00000018   Code   RO         3269    i.HAL_PWR_EnableBkUpAccess  stm32f4xx_hal_pwr.o
    0x08002bd4   0x00000584   Code   RO         1154    i.HAL_RCCEx_PeriphCLKConfig  stm32f4xx_hal_rcc_ex.o
    0x08003158   0x0000017c   Code   RO         2047    i.HAL_RCC_ClockConfig  stm32f4xx_hal_rcc.o
    0x080032d4   0x0000000c   Code   RO         2052    i.HAL_RCC_GetHCLKFreq  stm32f4xx_hal_rcc.o
    0x080032e0   0x000000b0   Code   RO         1158    i.HAL_RCC_GetSysClockFreq  stm32f4xx_hal_rcc_ex.o
    0x08003390   0x00000348   Code   RO         1159    i.HAL_RCC_OscConfig  stm32f4xx_hal_rcc_ex.o
    0x080036d8   0x0000000a   Code   RO         1819    i.HAL_RTCEx_BKUPRead  stm32f4xx_hal_rtc_ex.o
    0x080036e2   0x0000000a   Code   RO         1820    i.HAL_RTCEx_BKUPWrite  stm32f4xx_hal_rtc_ex.o
    0x080036ec   0x00000044   Code   RO         2153    i.HAL_RTC_GetDate   stm32f4xx_hal_rtc.o
    0x08003730   0x00000058   Code   RO         2155    i.HAL_RTC_GetTime   stm32f4xx_hal_rtc.o
    0x08003788   0x0000009c   Code   RO         2156    i.HAL_RTC_Init      stm32f4xx_hal_rtc.o
    0x08003824   0x00000018   Code   RO          551    i.HAL_RTC_MspInit   stm32f4xx_hal_msp.o
    0x0800383c   0x000000d0   Code   RO         2162    i.HAL_RTC_SetDate   stm32f4xx_hal_rtc.o
    0x0800390c   0x000000f0   Code   RO         2163    i.HAL_RTC_SetTime   stm32f4xx_hal_rtc.o
    0x080039fc   0x00000036   Code   RO         2164    i.HAL_RTC_WaitForSynchro  stm32f4xx_hal_rtc.o
    0x08003a32   0x00000018   Code   RO         3141    i.HAL_SYSTICK_CLKSourceConfig  stm32f4xx_hal_cortex.o
    0x08003a4a   0x00000002   Code   RO         3142    i.HAL_SYSTICK_Callback  stm32f4xx_hal_cortex.o
    0x08003a4c   0x00000028   Code   RO         3143    i.HAL_SYSTICK_Config  stm32f4xx_hal_cortex.o
    0x08003a74   0x00000008   Code   RO         3144    i.HAL_SYSTICK_IRQHandler  stm32f4xx_hal_cortex.o
    0x08003a7c   0x00000050   Code   RO         3547    i.HAL_TIMEx_MasterConfigSynchronization  stm32f4xx_hal_tim_ex.o
    0x08003acc   0x00000024   Code   RO         3558    i.HAL_TIMEx_PWMN_Start  stm32f4xx_hal_tim_ex.o
    0x08003af0   0x0000001a   Code   RO         2290    i.HAL_TIM_Base_Start  stm32f4xx_hal_tim.o
    0x08003b0a   0x00000096   Code   RO         2305    i.HAL_TIM_Encoder_Init  stm32f4xx_hal_tim.o
    0x08003ba0   0x00000048   Code   RO          553    i.HAL_TIM_Encoder_MspInit  stm32f4xx_hal_msp.o
    0x08003be8   0x00000034   Code   RO         2308    i.HAL_TIM_Encoder_Start  stm32f4xx_hal_tim.o
    0x08003c1c   0x00000030   Code   RO          554    i.HAL_TIM_MspPostInit  stm32f4xx_hal_msp.o
    0x08003c4c   0x000000d0   Code   RO         2353    i.HAL_TIM_PWM_ConfigChannel  stm32f4xx_hal_tim.o
    0x08003d1c   0x00000036   Code   RO         2356    i.HAL_TIM_PWM_Init  stm32f4xx_hal_tim.o
    0x08003d52   0x00000002   PAD
    0x08003d54   0x00000024   Code   RO          556    i.HAL_TIM_PWM_MspInit  stm32f4xx_hal_msp.o
    0x08003d78   0x00000038   Code   RO         2360    i.HAL_TIM_PWM_Start  stm32f4xx_hal_tim.o
    0x08003db0   0x0000001c   Code   RO          980    i.HardFault_Handler  stm32f4xx_it.o
    0x08003dcc   0x00000038   Code   RO          152    i.MX_USB_DEVICE_Init  usb_device.o
    0x08003e04   0x00000002   Code   RO          981    i.MemManage_Handler  stm32f4xx_it.o
    0x08003e06   0x00000002   Code   RO          982    i.NMI_Handler       stm32f4xx_it.o
    0x08003e08   0x00000020   Code   RO         3145    i.NVIC_SetPriority  stm32f4xx_hal_cortex.o
    0x08003e28   0x0000000c   Code   RO          983    i.OTG_FS_IRQHandler  stm32f4xx_it.o
    0x08003e34   0x00000088   Code   RO         1635    i.PCD_WriteEmptyTxFifo  stm32f4xx_hal_pcd.o
    0x08003ebc   0x00000002   Code   RO          984    i.PendSV_Handler    stm32f4xx_it.o
    0x08003ebe   0x00000012   Code   RO         2165    i.RTC_Bcd2ToByte    stm32f4xx_hal_rtc.o
    0x08003ed0   0x00000016   Code   RO         2166    i.RTC_ByteToBcd2    stm32f4xx_hal_rtc.o
    0x08003ee6   0x00000002   PAD
    0x08003ee8   0x0000003a   Code   RO         2167    i.RTC_EnterInitMode  stm32f4xx_hal_rtc.o
    0x08003f22   0x00000002   Code   RO          985    i.SVC_Handler       stm32f4xx_it.o
    0x08003f24   0x0000000e   Code   RO          986    i.SysTick_Handler   stm32f4xx_it.o
    0x08003f32   0x00000002   PAD
    0x08003f34   0x000000d8   Code   RO          763    i.SystemClock_Config  main.o
    0x0800400c   0x00000054   Code   RO            5    i.SystemInit        system_stm32f4xx.o
    0x08004060   0x000000c0   Code   RO         2371    i.TIM_Base_SetConfig  stm32f4xx_hal_tim.o
    0x08004120   0x00000016   Code   RO         2372    i.TIM_CCxChannelCmd  stm32f4xx_hal_tim.o
    0x08004136   0x00000016   Code   RO         3566    i.TIM_CCxNChannelCmd  stm32f4xx_hal_tim_ex.o
    0x0800414c   0x00000058   Code   RO         2380    i.TIM_OC1_SetConfig  stm32f4xx_hal_tim.o
    0x080041a4   0x00000064   Code   RO         2381    i.TIM_OC2_SetConfig  stm32f4xx_hal_tim.o
    0x08004208   0x00000060   Code   RO         2382    i.TIM_OC3_SetConfig  stm32f4xx_hal_tim.o
    0x08004268   0x00000050   Code   RO         2383    i.TIM_OC4_SetConfig  stm32f4xx_hal_tim.o
    0x080042b8   0x00000014   Code   RO         4439    i.USBD_CDC_DataIn   usbd_cdc.o
    0x080042cc   0x0000002e   Code   RO         4440    i.USBD_CDC_DataOut  usbd_cdc.o
    0x080042fa   0x0000003c   Code   RO         4441    i.USBD_CDC_DeInit   usbd_cdc.o
    0x08004336   0x00000024   Code   RO         4442    i.USBD_CDC_EP0_RxReady  usbd_cdc.o
    0x0800435a   0x00000002   PAD
    0x0800435c   0x0000000c   Code   RO         4443    i.USBD_CDC_GetDeviceQualifierDescriptor  usbd_cdc.o
    0x08004368   0x0000000c   Code   RO         4444    i.USBD_CDC_GetFSCfgDesc  usbd_cdc.o
    0x08004374   0x0000000c   Code   RO         4445    i.USBD_CDC_GetHSCfgDesc  usbd_cdc.o
    0x08004380   0x0000000c   Code   RO         4446    i.USBD_CDC_GetOtherSpeedCfgDesc  usbd_cdc.o
    0x0800438c   0x00000088   Code   RO         4447    i.USBD_CDC_Init     usbd_cdc.o
    0x08004414   0x00000028   Code   RO         4448    i.USBD_CDC_ReceivePacket  usbd_cdc.o
    0x0800443c   0x00000010   Code   RO         4449    i.USBD_CDC_RegisterInterface  usbd_cdc.o
    0x0800444c   0x0000000c   Code   RO         4450    i.USBD_CDC_SetRxBuffer  usbd_cdc.o
    0x08004458   0x00000010   Code   RO         4451    i.USBD_CDC_SetTxBuffer  usbd_cdc.o
    0x08004468   0x00000070   Code   RO         4452    i.USBD_CDC_Setup    usbd_cdc.o
    0x080044d8   0x0000000e   Code   RO         4241    i.USBD_ClrClassConfig  usbd_core.o
    0x080044e6   0x00000010   Code   RO         4379    i.USBD_CtlContinueRx  usbd_ioreq.o
    0x080044f6   0x00000010   Code   RO         4380    i.USBD_CtlContinueSendData  usbd_ioreq.o
    0x08004506   0x00000016   Code   RO         4545    i.USBD_CtlError     usbd_ctlreq.o
    0x0800451c   0x0000001e   Code   RO         4381    i.USBD_CtlPrepareRx  usbd_ioreq.o
    0x0800453a   0x00000016   Code   RO         4382    i.USBD_CtlReceiveStatus  usbd_ioreq.o
    0x08004550   0x0000001a   Code   RO         4383    i.USBD_CtlSendData  usbd_ioreq.o
    0x0800456a   0x00000016   Code   RO         4384    i.USBD_CtlSendStatus  usbd_ioreq.o
    0x08004580   0x00000020   Code   RO          473    i.USBD_FS_ConfigStrDescriptor  usbd_desc.o
    0x080045a0   0x0000000c   Code   RO          474    i.USBD_FS_DeviceDescriptor  usbd_desc.o
    0x080045ac   0x00000024   Code   RO          475    i.USBD_FS_InterfaceStrDescriptor  usbd_desc.o
    0x080045d0   0x0000000c   Code   RO          476    i.USBD_FS_LangIDStrDescriptor  usbd_desc.o
    0x080045dc   0x0000001c   Code   RO          477    i.USBD_FS_ManufacturerStrDescriptor  usbd_desc.o
    0x080045f8   0x00000020   Code   RO          478    i.USBD_FS_ProductStrDescriptor  usbd_desc.o
    0x08004618   0x00000024   Code   RO          479    i.USBD_FS_SerialStrDescriptor  usbd_desc.o
    0x0800463c   0x0000000c   Code   RO          480    i.USBD_FS_USR_BOSDescriptor  usbd_desc.o
    0x08004648   0x00000108   Code   RO         4546    i.USBD_GetDescriptor  usbd_ctlreq.o
    0x08004750   0x00000046   Code   RO         4547    i.USBD_GetString    usbd_ctlreq.o
    0x08004796   0x0000002a   Code   RO         4243    i.USBD_Init         usbd_core.o
    0x080047c0   0x00000020   Code   RO          292    i.USBD_LL_ClearStallEP  usbd_conf.o
    0x080047e0   0x00000020   Code   RO          293    i.USBD_LL_CloseEP   usbd_conf.o
    0x08004800   0x000000aa   Code   RO         4244    i.USBD_LL_DataInStage  usbd_core.o
    0x080048aa   0x0000006a   Code   RO         4245    i.USBD_LL_DataOutStage  usbd_core.o
    0x08004914   0x00000004   Code   RO         4246    i.USBD_LL_DevConnected  usbd_core.o
    0x08004918   0x00000016   Code   RO         4247    i.USBD_LL_DevDisconnected  usbd_core.o
    0x0800492e   0x00000008   Code   RO          297    i.USBD_LL_GetRxDataSize  usbd_conf.o
    0x08004936   0x00000002   PAD
    0x08004938   0x0000007c   Code   RO          298    i.USBD_LL_Init      usbd_conf.o
    0x080049b4   0x00000020   Code   RO          299    i.USBD_LL_IsStallEP  usbd_conf.o
    0x080049d4   0x00000004   Code   RO         4248    i.USBD_LL_IsoINIncomplete  usbd_core.o
    0x080049d8   0x00000004   Code   RO         4249    i.USBD_LL_IsoOUTIncomplete  usbd_core.o
    0x080049dc   0x00000026   Code   RO          300    i.USBD_LL_OpenEP    usbd_conf.o
    0x08004a02   0x00000020   Code   RO          301    i.USBD_LL_PrepareReceive  usbd_conf.o
    0x08004a22   0x0000003e   Code   RO         4250    i.USBD_LL_Reset     usbd_core.o
    0x08004a60   0x0000000c   Code   RO         4251    i.USBD_LL_Resume    usbd_core.o
    0x08004a6c   0x00000018   Code   RO         4252    i.USBD_LL_SOF       usbd_core.o
    0x08004a84   0x00000006   Code   RO         4253    i.USBD_LL_SetSpeed  usbd_core.o
    0x08004a8a   0x00000020   Code   RO          302    i.USBD_LL_SetUSBAddress  usbd_conf.o
    0x08004aaa   0x0000005a   Code   RO         4254    i.USBD_LL_SetupStage  usbd_core.o
    0x08004b04   0x00000020   Code   RO          303    i.USBD_LL_StallEP   usbd_conf.o
    0x08004b24   0x00000020   Code   RO          304    i.USBD_LL_Start     usbd_conf.o
    0x08004b44   0x00000012   Code   RO         4255    i.USBD_LL_Suspend   usbd_core.o
    0x08004b56   0x00000020   Code   RO          306    i.USBD_LL_Transmit  usbd_conf.o
    0x08004b76   0x00000028   Code   RO         4548    i.USBD_ParseSetupRequest  usbd_ctlreq.o
    0x08004b9e   0x00000010   Code   RO         4256    i.USBD_RegisterClass  usbd_core.o
    0x08004bae   0x00000016   Code   RO         4258    i.USBD_SetClassConfig  usbd_core.o
    0x08004bc4   0x00000074   Code   RO         4549    i.USBD_SetConfig    usbd_ctlreq.o
    0x08004c38   0x0000000a   Code   RO         4259    i.USBD_Start        usbd_core.o
    0x08004c42   0x000000f2   Code   RO         4550    i.USBD_StdDevReq    usbd_ctlreq.o
    0x08004d34   0x000000dc   Code   RO         4551    i.USBD_StdEPReq     usbd_ctlreq.o
    0x08004e10   0x00000034   Code   RO         4552    i.USBD_StdItfReq    usbd_ctlreq.o
    0x08004e44   0x00000080   Code   RO         3770    i.USB_ActivateEndpoint  stm32f4xx_ll_usb.o
    0x08004ec4   0x00000034   Code   RO         3771    i.USB_ActivateSetup  stm32f4xx_ll_usb.o
    0x08004ef8   0x0000006c   Code   RO         3773    i.USB_CoreInit      stm32f4xx_ll_usb.o
    0x08004f64   0x00000038   Code   RO         3774    i.USB_CoreReset     stm32f4xx_ll_usb.o
    0x08004f9c   0x000000c8   Code   RO         3776    i.USB_DeactivateEndpoint  stm32f4xx_ll_usb.o
    0x08005064   0x00000018   Code   RO         3777    i.USB_DevConnect    stm32f4xx_ll_usb.o
    0x0800507c   0x00000018   Code   RO         3778    i.USB_DevDisconnect  stm32f4xx_ll_usb.o
    0x08005094   0x00000154   Code   RO         3779    i.USB_DevInit       stm32f4xx_ll_usb.o
    0x080051e8   0x0000000c   Code   RO         3780    i.USB_DisableGlobalInt  stm32f4xx_ll_usb.o
    0x080051f4   0x00000140   Code   RO         3783    i.USB_EP0StartXfer  stm32f4xx_ll_usb.o
    0x08005334   0x0000003e   Code   RO         3784    i.USB_EP0_OutStart  stm32f4xx_ll_usb.o
    0x08005372   0x00000064   Code   RO         3785    i.USB_EPClearStall  stm32f4xx_ll_usb.o
    0x080053d6   0x0000005e   Code   RO         3786    i.USB_EPSetStall    stm32f4xx_ll_usb.o
    0x08005434   0x0000021c   Code   RO         3787    i.USB_EPStartXfer   stm32f4xx_ll_usb.o
    0x08005650   0x0000000c   Code   RO         3788    i.USB_EnableGlobalInt  stm32f4xx_ll_usb.o
    0x0800565c   0x00000020   Code   RO         3789    i.USB_FlushRxFifo   stm32f4xx_ll_usb.o
    0x0800567c   0x00000024   Code   RO         3790    i.USB_FlushTxFifo   stm32f4xx_ll_usb.o
    0x080056a0   0x0000003c   Code   RO         3792    i.USB_GetDevSpeed   stm32f4xx_ll_usb.o
    0x080056dc   0x00000008   Code   RO         3794    i.USB_GetMode       stm32f4xx_ll_usb.o
    0x080056e4   0x0000000e   Code   RO         3801    i.USB_ReadDevAllInEpInterrupt  stm32f4xx_ll_usb.o
    0x080056f2   0x0000000e   Code   RO         3802    i.USB_ReadDevAllOutEpInterrupt  stm32f4xx_ll_usb.o
    0x08005700   0x0000001e   Code   RO         3803    i.USB_ReadDevInEPInterrupt  stm32f4xx_ll_usb.o
    0x0800571e   0x00000010   Code   RO         3804    i.USB_ReadDevOutEPInterrupt  stm32f4xx_ll_usb.o
    0x0800572e   0x00000008   Code   RO         3805    i.USB_ReadInterrupts  stm32f4xx_ll_usb.o
    0x08005736   0x00000020   Code   RO         3806    i.USB_ReadPacket    stm32f4xx_ll_usb.o
    0x08005756   0x0000002c   Code   RO         3808    i.USB_SetCurrentMode  stm32f4xx_ll_usb.o
    0x08005782   0x00000022   Code   RO         3809    i.USB_SetDevAddress  stm32f4xx_ll_usb.o
    0x080057a4   0x00000028   Code   RO         3813    i.USB_WritePacket   stm32f4xx_ll_usb.o
    0x080057cc   0x00000002   Code   RO          987    i.UsageFault_Handler  stm32f4xx_it.o
    0x080057ce   0x00000002   Code   RO          764    i._Error_Handler    main.o
    0x080057d0   0x00000144   Code   RO         5734    i._Z14drawHomeScreenR5Layer  screen_home.o
    0x08005914   0x00000040   Code   RO         5735    i._Z15getNumberEndingh  screen_home.o
    0x08005954   0x00000064   Code   RO         5736    i._Z16drawNotificationR5LayerhR12Notification  screen_home.o
    0x080059b8   0x00000010   Code   RO         4617    i._Z17onUSBDataReceivedPhPj  event_horizon.o
    0x080059c8   0x00000204   Code   RO         5737    i._Z21drawNotificationPanelR5LayerR18NotificationCenter  screen_home.o
    0x08005bcc   0x000000c8   Code   RO         5738    i._Z21getMonthNameFromIndexh  screen_home.o
    0x08005c94   0x00000024   Code   RO         4618    i._Z23onHardwareButtonPressedbbb  event_horizon.o
    0x08005cb8   0x00000018   Code   RO         4619    i._Z23onHardwareEncoderTurneda  event_horizon.o
    0x08005cd0   0x0000004c   Code   RO         6505    i._Z5splitSsSs      usb.o
    0x08005d1c   0x00000020   Code   RO         8324    i._Z7catgetsPN4__rw8__rw_catEiiPKc  cpp_ws.l(rwcats.o)
    0x08005d3c   0x00000022   Code   RO         8325    i._Z7catopenPKci    cpp_ws.l(rwcats.o)
    0x08005d5e   0x00000002   PAD
    0x08005d60   0x000001a0   Code   RO         5739    i._Z9drawClockR5Layerhhhhh  screen_home.o
    0x08005f00   0x00000002   Code   RO         5601    i._ZN10ScreenBoot23onHardwareButtonPressedEbbb  screen_boot.o
    0x08005f02   0x00000002   Code   RO         5602    i._ZN10ScreenBoot23onHardwareEncoderTurnedEa  screen_boot.o
    0x08005f04   0x00000210   Code   RO         5603    i._ZN10ScreenBoot6renderEv  screen_boot.o
    0x08006114   0x00000010   Code   RO         5604    i._ZN10ScreenBootC1EPKc  screen_boot.o
    0x08006124   0x00000004   Code   RO         4679    i._ZN10ScreenBootD1Ev  event_horizon.o
    0x08006128   0x00000050   Code   RO         5740    i._ZN10ScreenHome23onHardwareButtonPressedEbbb  screen_home.o
    0x08006178   0x0000003c   Code   RO         5741    i._ZN10ScreenHome23onHardwareEncoderTurnedEa  screen_home.o
    0x080061b4   0x0000032c   Code   RO         5742    i._ZN10ScreenHome6renderEv  screen_home.o
    0x080064e0   0x00000010   Code   RO         5743    i._ZN10ScreenHomeC1EPKc  screen_home.o
    0x080064f0   0x00000004   Code   RO         4685    i._ZN10ScreenHomeD1Ev  event_horizon.o
    0x080064f4   0x00000002   Code   RO         5678    i._ZN11ScreenError23onHardwareButtonPressedEbbb  screen_error.o
    0x080064f6   0x00000002   Code   RO         5679    i._ZN11ScreenError23onHardwareEncoderTurnedEa  screen_error.o
    0x080064f8   0x000000b0   Code   RO         5680    i._ZN11ScreenError6renderEv  screen_error.o
    0x080065a8   0x00000010   Code   RO         5681    i._ZN11ScreenErrorC1EPKc  screen_error.o
    0x080065b8   0x00000004   Code   RO         4682    i._ZN11ScreenErrorD1Ev  event_horizon.o
    0x080065bc   0x0000001c   Code   RO         4620    i._ZN12EventHorizon13error_handlerEt  event_horizon.o
    0x080065d8   0x00000038   Code   RO         4621    i._ZN12EventHorizon7init_osEv  event_horizon.o
    0x08006610   0x0000003c   Code   RO         4622    i._ZN12EventHorizon8start_osEv  event_horizon.o
    0x0800664c   0x00000004   Code   RO         6041    i._ZN12Notification12getShortFormEv  notification.o
    0x08006650   0x00000004   Code   RO         6042    i._ZN12Notification14getDescriptionEv  notification.o
    0x08006654   0x00000004   Code   RO         6043    i._ZN12Notification8getColorEv  notification.o
    0x08006658   0x00000004   Code   RO         6044    i._ZN12Notification8getTitleEv  notification.o
    0x0800665c   0x0000000a   Code   RO         6045    i._ZN12NotificationC1EPKcS1_S1_j  notification.o
    0x08006666   0x00000004   Code   RO         6090    i._ZN18NotificationCenter16getNotificationsEv  notification_center.o
    0x0800666a   0x0000000c   Code   RO         6091    i._ZN18NotificationCenter20getNotificationCountEv  notification_center.o
    0x08006676   0x00000002   PAD
    0x08006678   0x000000ac   Code   RO         6092    i._ZN18NotificationCenter21handleNotificationLEDEv  notification_center.o
    0x08006724   0x0000003a   Code   RO         6095    i._ZN18NotificationCenter25removeNotificationAtIndexEh  notification_center.o
    0x0800675e   0x00000004   Code   RO         6096    i._ZN18NotificationCenter7getNewsEv  notification_center.o
    0x08006762   0x00000078   Code   RO         6097    i._ZN18NotificationCenterC1Ev  notification_center.o
    0x080067da   0x00000042   Code   RO         5405    i._ZN18NotificationCenterD1Ev  screen.o
    0x0800681c   0x00000024   Code   RO         6098    i._ZN18NotificationCenterlsER12Notification  notification_center.o
    0x08006840   0x00000026   Code   RO         6099    i._ZN18NotificationCenterlsER4News  notification_center.o
    0x08006866   0x00000002   PAD
    0x08006868   0x0000009c   Code   RO          765    i._ZN25_INTERNAL_8_main_cpp_main11MX_RTC_InitEv  main.o
    0x08006904   0x00000054   Code   RO          766    i._ZN25_INTERNAL_8_main_cpp_main12MX_ADC1_InitEv  main.o
    0x08006958   0x000000ac   Code   RO          767    i._ZN25_INTERNAL_8_main_cpp_main12MX_GPIO_InitEv  main.o
    0x08006a04   0x00000078   Code   RO          768    i._ZN25_INTERNAL_8_main_cpp_main12MX_TIM2_InitEv  main.o
    0x08006a7c   0x00000054   Code   RO          769    i._ZN25_INTERNAL_8_main_cpp_main12MX_TIM4_InitEv  main.o
    0x08006ad0   0x00000058   Code   RO         7076    i._ZN37_INTERNAL_15_rwstdexcept_cpp_8697b68a4__rw13__rw_vfmatstrEPcjPKcSt9__va_list  cpp_ws.l(rwstdexcept.o)
    0x08006b28   0x0000014c   Code   RO         7077    i._ZN37_INTERNAL_15_rwstdexcept_cpp_8697b68a4__rw13__rw_vfmatstrEPcjiSt9__va_list  cpp_ws.l(rwstdexcept.o)
    0x08006c74   0x000001e4   Code   RO         6506    i._ZN3USB17onUSBDataReceivedEPhPj  usb.o
    0x08006e58   0x00000004   Code   RO         6918    i._ZN4News14getDescriptionEv  news.o
    0x08006e5c   0x00000004   Code   RO         6919    i._ZN4NewsC1EPKc    news.o
    0x08006e60   0x0000005c   Code   RO         7079    i._ZN4__rw10__rw_throwEiz  cpp_ws.l(rwstdexcept.o)
    0x08006ebc   0x00000020   Code   RO         6936    i._ZN4__rw13__rw_allocateEji  cpp_ws.l(rwalloc.o)
    0x08006edc   0x00000004   Code   RO         6937    i._ZN4__rw15__rw_deallocateEPvji  cpp_ws.l(rwalloc.o)
    0x08006ee0   0x00000002   Code   RO         7854    i._ZN4__rw15__rw_facet_base12_C_initfacetERKSt6locale  cpp_ws.l(char.o)
    0x08006ee2   0x00000002   PAD
    0x08006ee4   0x000000ec   Code   RO         8010    i._ZN4__rw15__rw_locale_impC1EPKcjj  cpp_ws.l(locale.o)
    0x08006fd0   0x0000001a   Code   RO         8048    i._ZN4__rw15__rw_locale_impD1Ev  cpp_ws.l(locale.o)
    0x08006fea   0x0000003a   Code   RO         7908    i._ZN4__rw21__rw_use_c_lib_localeC1EPKci  cpp_ws.l(locale.o)
    0x08007024   0x00000018   Code   RO         7824    i._ZN4__rw21__rw_use_c_lib_localeD1Ev  cpp_ws.l(char.o)
    0x0800703c   0x00000098   Code   RO         8348    i._ZN4__rw25__rw_throw_exception_noexEiPc  cpp_ws.l(rwthrowproc_impl_noex.o)
    0x080070d4   0x00000030   Code   RO         8328    i._ZN4__rw9__catfindEPNS_8__rw_catE  cpp_ws.l(rwcats.o)
    0x08007104   0x000001b4   Code   RO         4987    i._ZN5Layer10drawCircleEtttbb  layer.o
    0x080072b8   0x000000bc   Code   RO         4988    i._ZN5Layer10drawStringEPKcttbb  layer.o
    0x08007374   0x0000000a   Code   RO         4989    i._ZN5Layer10isOnScreenEv  layer.o
    0x0800737e   0x00000020   Code   RO         4990    i._ZN5Layer11cleanScreenEv  layer.o
    0x0800739e   0x00000002   PAD
    0x080073a0   0x000000a4   Code   RO         4992    i._ZN5Layer8drawLineEttttb  layer.o
    0x08007444   0x00000084   Code   RO         4993    i._ZN5Layer8drawRectEttttbb  layer.o
    0x080074c8   0x00000014   Code   RO         4994    i._ZN5Layer9drawPointEttb  layer.o
    0x080074dc   0x00000002   Code   RO         4995    i._ZN5Layer9getBitmapEv  layer.o
    0x080074de   0x00000002   Code   RO         4996    i._ZN5LayerC1Ev     layer.o
    0x080074e0   0x00000002   Code   RO         4997    i._ZN5LayerD1Ev     layer.o
    0x080074e2   0x0000001a   Code   RO         5361    i._ZN6Screen21drawDefaultBackgroundEv  screen.o
    0x080074fc   0x0000000c   Code   RO         5362    i._ZN6Screen6renderEv  screen.o
    0x08007508   0x00000040   Code   RO         5363    i._ZN6ScreenC2EPKc  screen.o
    0x08007548   0x00000014   Code   RO         4688    i._ZN6ScreenD2Ev    event_horizon.o
    0x0800755c   0x00000070   Code   RO         5144    i._ZN8Renderer10clr_layersEv  renderer.o
    0x080075cc   0x00000064   Code   RO         5145    i._ZN8Renderer5flushEv  renderer.o
    0x08007630   0x00000044   Code   RO         5146    i._ZN8RendererC1Ev  renderer.o
    0x08007674   0x00000022   Code   RO         5420    i._ZN8RendererD1Ev  screen.o
    0x08007696   0x0000001e   Code   RO         5429    i._ZN8RendereraSEOS_  screen.o
    0x080076b4   0x00000030   Code   RO         5147    i._ZN8RendererlsER5Layer  renderer.o
    0x080076e4   0x00000004   Code   RO         7198    i._ZNKSt14__rw_exception4whatEv  cpp_ws.l(rwstdexcept.o)
    0x080076e8   0x00000072   Code   RO         8085    i._ZNKSt18__rw_messages_base11_C_cat_openERKSsRKSt6locale  cpp_ws.l(messages.o)
    0x0800775a   0x00000020   Code   RO         8088    i._ZNKSt18__rw_messages_base13_C_get_localeEi  cpp_ws.l(messages.o)
    0x0800777a   0x00000034   Code   RO         8089    i._ZNKSt18__rw_messages_base14_C_get_messageEiii  cpp_ws.l(messages.o)
    0x080077ae   0x0000000e   Code   RO         7794    i._ZNKSt5ctypeIcE2isENSt10ctype_base4maskEc  cpp_ws.l(char.o)
    0x080077bc   0x00000108   Code   RO         7913    i._ZNKSt6locale13_C_make_facetERKNS_2idEbiPFPN4__rw15__rw_facet_baseEiPKcjE  cpp_ws.l(locale.o)
    0x080078c4   0x00000074   Code   RO         7915    i._ZNKSt6locale16_C_install_facetEPN4__rw15__rw_facet_baseERKNS_2idE  cpp_ws.l(locale.o)
    0x08007938   0x00000030   Code   RO         7916    i._ZNKSt6locale4nameEv  cpp_ws.l(locale.o)
    0x08007968   0x0000000c   Code   RO         5861    i._ZNSt11char_traitsIcE4copyEPcPKcj  screen_home.o
    0x08007974   0x000000cc   Code   RO         7666    i._ZNSt12ctype_bynameIcE17_C_get_mask_tableEPKc  cpp_ws.l(char.o)
    0x08007a40   0x00000120   Code   RO         7668    i._ZNSt12ctype_bynameIcEC1EPKcj  cpp_ws.l(char.o)
    0x08007b60   0x0000000e   Code   RO         7901    i._ZNSt12ctype_bynameIcED0Ev  cpp_ws.l(char.o)
    0x08007b6e   0x00000008   Code   RO         7898    i._ZNSt12ctype_bynameIcED1Ev  cpp_ws.l(char.o)
    0x08007b76   0x00000002   PAD
    0x08007b78   0x00000084   Code   RO         7082    i._ZNSt14__rw_exception10_C_vformatEiSt9__va_list  cpp_ws.l(rwstdexcept.o)
    0x08007bfc   0x00000014   Code   RO         7148    i._ZNSt14__rw_exceptionC1Ev  cpp_ws.l(rwstdexcept.o)
    0x08007c10   0x0000001c   Code   RO         7192    i._ZNSt14__rw_exceptionD1Ev  cpp_ws.l(rwstdexcept.o)
    0x08007c2c   0x00000008   Code   RO         7145    i._ZNSt18__rw_messages_baseD1Ev  cpp_ws.l(rwstdexcept.o)
    0x08007c34   0x0000001a   Code   RO         8125    i._ZNSt18__rw_open_cat_dataC1Ev  cpp_ws.l(messages.o)
    0x08007c4e   0x0000000c   Code   RO         8122    i._ZNSt18__rw_open_cat_dataD1Ev  cpp_ws.l(messages.o)
    0x08007c5a   0x00000012   Code   RO         8128    i._ZNSt18__rw_open_cat_dataaSERKS_  cpp_ws.l(messages.o)
    0x08007c6c   0x000000fa   Code   RO         7670    i._ZNSt5ctypeIcE12_C_initfacetERKSt6locale  cpp_ws.l(char.o)
    0x08007d66   0x00000002   PAD
    0x08007d68   0x00000118   Code   RO         7672    i._ZNSt5ctypeIcEC1EPKNSt10ctype_base4maskEbj  cpp_ws.l(char.o)
    0x08007e80   0x0000000e   Code   RO         7797    i._ZNSt5ctypeIcED0Ev  cpp_ws.l(char.o)
    0x08007e8e   0x00000002   PAD
    0x08007e90   0x0000002c   Code   RO         7735    i._ZNSt5ctypeIcED1Ev  cpp_ws.l(char.o)
    0x08007ebc   0x0000000e   Code   RO         7189    i._ZNSt6locale5facetD0Ev  cpp_ws.l(rwstdexcept.o)
    0x08007eca   0x00000002   PAD
    0x08007ecc   0x00000084   Code   RO         7919    i._ZNSt6locale7_C_initEv  cpp_ws.l(locale.o)
    0x08007f50   0x00000044   Code   RO         7921    i._ZNSt6locale7classicEv  cpp_ws.l(locale.o)
    0x08007f94   0x00000020   Code   RO         8051    i._ZNSt6localeC1EPN4__rw15__rw_locale_impE  cpp_ws.l(locale.o)
    0x08007fb4   0x0000000c   Code   RO         8131    i._ZNSt6localeC1ERKS_  cpp_ws.l(messages.o)
    0x08007fc0   0x00000020   Code   RO         7141    i._ZNSt6localeC1Ev  cpp_ws.l(rwstdexcept.o)
    0x08007fe0   0x00000020   Code   RO         8026    i._ZNSt6localeD1Ev  cpp_ws.l(locale.o)
    0x08008000   0x00000032   Code   RO         7929    i._ZNSt6localeaSERKS_  cpp_ws.l(locale.o)
    0x08008032   0x0000000e   Code   RO         7163    i._ZNSt8messagesIcED0Ev  cpp_ws.l(rwstdexcept.o)
    0x08008040   0x00000010   Code   RO         7132    i._ZNSt8messagesIcED1Ev  cpp_ws.l(rwstdexcept.o)
    0x08008050   0x0000000c   Code   RO         8160    i._ZNSt9exceptionC1Ev  cpprt_w.l(exception_ctor.o)
    0x0800805c   0x0000003c   Code   RO         8106    i._ZSt13__rw_get_catsv  cpp_ws.l(messages.o)
    0x08008098   0x00000008   Code   RO         8137    i._ZdaPv            cpprt_w.l(array_del.o)
    0x080080a0   0x00000008   Code   RO         8144    i._ZdlPv            cpprt_w.l(delete.o)
    0x080080a8   0x00000008   Code   RO         8140    i._Znaj             cpprt_w.l(array_new.o)
    0x080080b0   0x00000028   Code   RO         8147    i._Znwj             cpprt_w.l(new.o)
    0x080080d8   0x0000001c   Code   RO         7586    i.__0fprintf        mc_w.l(printfa.o)
    0x080080f4   0x00000028   Code   RO         7589    i.__0sprintf        mc_w.l(printfa.o)
    0x0800811c   0x0000002c   Code   RO         7592    i.__0vsnprintf      mc_w.l(printfa.o)
    0x08008148   0x00000092   Code   RO         8568    i.__ARM_array_new_general  cpprt_w.l(array_new_general.o)
    0x080081da   0x00000030   Code   RO         8472    i.__ARM_fpclassify  m_wm.l(fpclassify.o)
    0x0800820a   0x00000002   PAD
    0x0800820c   0x00000008   Code   RO         8297    i.__aeabi_errno_addr  mc_w.l(errno.o)
    0x08008214   0x00000010   Code   RO         8444    i.__aeabi_vec_dtor_cookie  cpprt_w.l(aeabi_vec_dtor_cookie.o)
    0x08008224   0x00000014   Code   RO         8441    i.__aeabi_vec_new_cookie  cpprt_w.l(aeabi_vec_new_cookie.o)
    0x08008238   0x00000010   Code   RO         8429    i.__cxa_guard_acquire  cpprt_w.l(cxa_guard_acquire.o)
    0x08008248   0x00000006   Code   RO         7201    i.__cxa_pure_virtual  cpprt_w.l(pure_virt.o)
    0x0800824e   0x00000002   PAD
    0x08008250   0x00000018   Code   RO         8537    i.__cxa_vec_new     cpprt_w.l(cxa_vec_new.o)
    0x08008268   0x000000c8   Code   RO         7307    i.__hardfp_cos      m_wm.l(cos.o)
    0x08008330   0x000000c8   Code   RO         7319    i.__hardfp_sin      m_wm.l(sin.o)
    0x080083f8   0x00000438   Code   RO         8218    i.__ieee754_rem_pio2  m_wm.l(rred.o)
    0x08008830   0x00000170   Code   RO         8201    i.__kernel_cos      m_wm.l(cos_i.o)
    0x080089a0   0x000000f8   Code   RO         8474    i.__kernel_poly     m_wm.l(poly.o)
    0x08008a98   0x00000130   Code   RO         8223    i.__kernel_sin      m_wm.l(sin_i.o)
    0x08008bc8   0x00000014   Code   RO         8205    i.__mathlib_dbl_infnan  m_wm.l(dunder.o)
    0x08008bdc   0x00000004   PAD
    0x08008be0   0x00000020   Code   RO         8207    i.__mathlib_dbl_invalid  m_wm.l(dunder.o)
    0x08008c00   0x00000020   Code   RO         8210    i.__mathlib_dbl_underflow  m_wm.l(dunder.o)
    0x08008c20   0x0000000e   Code   RO         8589    i.__scatterload_copy  mc_w.l(handlers.o)
    0x08008c2e   0x00000002   Code   RO         8590    i.__scatterload_null  mc_w.l(handlers.o)
    0x08008c30   0x0000000e   Code   RO         8591    i.__scatterload_zeroinit  mc_w.l(handlers.o)
    0x08008c3e   0x00000002   PAD
    0x08008c40   0x0000000c   Code   RO         8299    i.__set_errno       mc_w.l(errno.o)
    0x08008c4c   0x00000010   Code   RO         7930    i.__sti___10_locale_cpp_ff99fc7b  cpp_ws.l(locale.o)
    0x08008c5c   0x00000038   Code   RO         8329    i.__sti___10_rwcats_cpp_64e8068e  cpp_ws.l(rwcats.o)
    0x08008c94   0x00000038   Code   RO         5365    i.__sti___10_screen_cpp_10c0731e  screen.o
    0x08008ccc   0x00000074   Code   RO         5745    i.__sti___15_screen_home_cpp_c003353f  screen_home.o
    0x08008d40   0x0000006c   Code   RO         4623    i.__sti___17_event_horizon_cpp_15419700  event_horizon.o
    0x08008dac   0x00000020   Code   RO         6507    i.__sti___7_usb_cpp_0fd79fcb  usb.o
    0x08008dcc   0x00000010   Code   RO         7674    i.__sti___8_char_cpp_a3dc957a  cpp_ws.l(char.o)
    0x08008ddc   0x00000184   Code   RO         7594    i._fp_digits        mc_w.l(printfa.o)
    0x08008f60   0x0000000e   Code   RO         8513    i._is_digit         mc_w.l(scanf_fp.o)
    0x08008f6e   0x00000002   PAD
    0x08008f70   0x000006dc   Code   RO         7595    i._printf_core      mc_w.l(printfa.o)
    0x0800964c   0x00000024   Code   RO         7596    i._printf_post_padding  mc_w.l(printfa.o)
    0x08009670   0x0000002e   Code   RO         7597    i._printf_pre_padding  mc_w.l(printfa.o)
    0x0800969e   0x00000016   Code   RO         7598    i._snputc           mc_w.l(printfa.o)
    0x080096b4   0x0000000a   Code   RO         7599    i._sputc            mc_w.l(printfa.o)
    0x080096be   0x00000002   PAD
    0x080096c0   0x00000020   Code   RO          670    i.addOnButtonPressedCallback  peripherals.o
    0x080096e0   0x00000020   Code   RO          671    i.addOnEncoderTurnedCallback  peripherals.o
    0x08009700   0x00000020   Code   RO          672    i.addOnUSBReceivedCallback  peripherals.o
    0x08009720   0x00000018   Code   RO         8468    i.fabs              m_wm.l(fabs.o)
    0x08009738   0x00000012   Code   RO         8243    i.fputc             mc_w.l(fputc.o)
    0x0800974a   0x00000002   PAD
    0x0800974c   0x00000050   Code   RO         7615    i.free              mc_w.l(malloc.o)
    0x0800979c   0x00000034   Code   RO          673    i.getLightLevel     peripherals.o
    0x080097d0   0x00000028   Code   RO          674    i.getRTCDate        peripherals.o
    0x080097f8   0x00000034   Code   RO          675    i.getRTCTime        peripherals.o
    0x0800982c   0x00000088   Code   RO          625    i.lcdInit           display.o
    0x080098b4   0x0000004e   Code   RO          626    i.lcdSendBuffer     display.o
    0x08009902   0x00000002   PAD
    0x08009904   0x0000005c   Code   RO          627    i.lcdSendCom        display.o
    0x08009960   0x0000005c   Code   RO          628    i.lcdSendDat        display.o
    0x080099bc   0x00000074   Code   RO          770    i.main              main.o
    0x08009a30   0x0000006c   Code   RO         7616    i.malloc            mc_w.l(malloc.o)
    0x08009a9c   0x00000030   Code   RO          676    i.onButtonPressed   peripherals.o
    0x08009acc   0x00000058   Code   RO          677    i.onEncoderTurned   peripherals.o
    0x08009b24   0x00000028   Code   RO          678    i.onUSBReceived     peripherals.o
    0x08009b4c   0x00000080   Code   RO          679    i.setNotificationLedColor  peripherals.o
    0x08009bcc   0x00000024   Code   RO          680    i.setRTCDate        peripherals.o
    0x08009bf0   0x00000028   Code   RO          681    i.setRTCTime        peripherals.o
    0x08009c18   0x00000014   Code   RO         6606    t._ZN4__rw12__string_refIcSt11char_traitsIcESaIcEE10_C_inc_refEv  usb.o
    0x08009c2c   0x00000046   Code   RO         7154    t._ZN4__rw16__rw_facet_makerISt5ctypeIcEE13_C_maker_funcEiPKcj  cpp_ws.l(rwstdexcept.o)
    0x08009c72   0x00000012   Code   RO         6241    t._ZN4__rw17__rw_new_capacityISt6vectorI12NotificationSaIS2_EEEEjjPKT_  notification_center.o
    0x08009c84   0x00000012   Code   RO         6211    t._ZN4__rw17__rw_new_capacityISt6vectorI4NewsSaIS2_EEEEjjPKT_  notification_center.o
    0x08009c96   0x00000012   Code   RO         5235    t._ZN4__rw17__rw_new_capacityISt6vectorIP5LayerSaIS3_EEEEjjPKT_  renderer.o
    0x08009ca8   0x00000012   Code   RO         6624    t._ZN4__rw17__rw_new_capacityISt6vectorISsSaISsEEEEjjPKT_  usb.o
    0x08009cba   0x00000056   Code   RO         8029    t._ZN4__rw18__rw_locale_vectorIPNS_15__rw_facet_baseEE6resizeEjRKS2_  cpp_ws.l(locale.o)
    0x08009d10   0x0000000e   Code   RO         8041    t._ZN4__rw18__rw_locale_vectorIPNS_15__rw_facet_baseEED1Ev  cpp_ws.l(locale.o)
    0x08009d1e   0x0000000e   Code   RO         8345    t._ZN4__rw18__rw_locale_vectorIPNS_8__rw_catEED1Ev  cpp_ws.l(rwcats.o)
    0x08009d2c   0x00000014   Code   RO         8044    t._ZN4__rw18__rw_locale_vectorISsED1Ev  cpp_ws.l(locale.o)
    0x08009d40   0x00000088   Code   RO         8112    t._ZN4__rw18__rw_locale_vectorISt18__rw_open_cat_dataE6resizeEj  cpp_ws.l(messages.o)
    0x08009dc8   0x00000014   Code   RO         8118    t._ZN4__rw18__rw_locale_vectorISt18__rw_open_cat_dataED1Ev  cpp_ws.l(messages.o)
    0x08009ddc   0x00000024   Code   RO         6642    t._ZNKSs4findEPKcj  usb.o
    0x08009e00   0x00000008   Code   RO         5456    t._ZNKSt6vectorI12NotificationSaIS0_EE4sizeEv  screen.o
    0x08009e08   0x00000010   Code   RO         6265    t._ZNKSt6vectorI12NotificationSaIS0_EE5emptyEv  notification_center.o
    0x08009e18   0x0000000a   Code   RO         6235    t._ZNKSt6vectorI12NotificationSaIS0_EE8capacityEv  notification_center.o
    0x08009e22   0x00000008   Code   RO         5438    t._ZNKSt6vectorI4NewsSaIS0_EE4sizeEv  screen.o
    0x08009e2a   0x0000000a   Code   RO         6205    t._ZNKSt6vectorI4NewsSaIS0_EE8capacityEv  notification_center.o
    0x08009e34   0x00000008   Code   RO         5199    t._ZNKSt6vectorIP5LayerSaIS1_EE4sizeEv  renderer.o
    0x08009e3c   0x0000000a   Code   RO         5229    t._ZNKSt6vectorIP5LayerSaIS1_EE8capacityEv  renderer.o
    0x08009e46   0x00000008   Code   RO         6600    t._ZNKSt6vectorISsSaISsEE4sizeEv  usb.o
    0x08009e4e   0x0000000a   Code   RO         6582    t._ZNKSt6vectorISsSaISsEE8capacityEv  usb.o
    0x08009e58   0x00000090   Code   RO         7126    t._ZNKSt8messagesIcE6do_getEiiiRKSs  cpp_ws.l(rwstdexcept.o)
    0x08009ee8   0x00000006   Code   RO         7151    t._ZNKSt8messagesIcE7do_openERKSsRKSt6locale  cpp_ws.l(rwstdexcept.o)
    0x08009eee   0x0000000c   Code   RO         6217    t._ZNSaI12NotificationE10deallocateEPS_j  notification_center.o
    0x08009efa   0x0000000e   Code   RO         6229    t._ZNSaI12NotificationE9constructEPS_RKS_  notification_center.o
    0x08009f08   0x0000000c   Code   RO         6193    t._ZNSaI4NewsE10deallocateEPS_j  notification_center.o
    0x08009f14   0x0000000c   Code   RO         5205    t._ZNSaIP5LayerE10deallocateEPS0_j  renderer.o
    0x08009f20   0x0000000c   Code   RO         6588    t._ZNSaISsE10deallocateEPSsj  usb.o
    0x08009f2c   0x0000000c   Code   RO         6612    t._ZNSaISsE9constructEPSsRKSs  usb.o
    0x08009f38   0x00000032   Code   RO         7998    t._ZNSs11_C_allocateEjjj  cpp_ws.l(locale.o)
    0x08009f6a   0x00000002   PAD
    0x08009f6c   0x00000058   Code   RO         7732    t._ZNSs5beginEv     cpp_ws.l(char.o)
    0x08009fc4   0x00000018   Code   RO         8038    t._ZNSs7replaceEjjPKcj  cpp_ws.l(locale.o)
    0x08009fdc   0x00000168   Code   RO         7725    t._ZNSs7replaceEjjPKcjjj  cpp_ws.l(char.o)
    0x0800a144   0x00000074   Code   RO         7713    t._ZNSs9_C_getRepEjj  cpp_ws.l(char.o)
    0x0800a1b8   0x00000048   Code   RO         7722    t._ZNSs9_C_unlinkEv  cpp_ws.l(char.o)
    0x0800a200   0x00000038   Code   RO         8001    t._ZNSsC1EPKcRKSaIcE  cpp_ws.l(locale.o)
    0x0800a238   0x00000010   Code   RO         8035    t._ZNSsC1ERKSaIcE   cpp_ws.l(locale.o)
    0x0800a248   0x0000003e   Code   RO         7716    t._ZNSsC1ERKSs      cpp_ws.l(char.o)
    0x0800a286   0x0000000c   Code   RO         7787    t._ZNSsD1Ev         cpp_ws.l(char.o)
    0x0800a292   0x00000002   PAD
    0x0800a294   0x0000004c   Code   RO         8007    t._ZNSsaSEPKc       cpp_ws.l(locale.o)
    0x0800a2e0   0x0000003e   Code   RO         8004    t._ZNSsaSERKSs      cpp_ws.l(locale.o)
    0x0800a31e   0x00000024   Code   RO         5873    t._ZNSspLEPKc       screen_home.o
    0x0800a342   0x000000d8   Code   RO         6181    t._ZNSt6vectorI12NotificationSaIS0_EE13_C_insert_auxEPS0_RKS0_  notification_center.o
    0x0800a41a   0x00000002   PAD
    0x0800a41c   0x0000002c   Code   RO         5831    t._ZNSt6vectorI12NotificationSaIS0_EE2atEj  screen_home.o
    0x0800a448   0x0000000a   Code   RO         6223    t._ZNSt6vectorI12NotificationSaIS0_EEC1ERKS1_  notification_center.o
    0x0800a452   0x000000fa   Code   RO         6175    t._ZNSt6vectorI12NotificationSaIS0_EEaSERKS2_  notification_center.o
    0x0800a54c   0x000000c6   Code   RO         6187    t._ZNSt6vectorI4NewsSaIS0_EE13_C_insert_auxEPS0_RKS0_  notification_center.o
    0x0800a612   0x0000000a   Code   RO         6199    t._ZNSt6vectorI4NewsSaIS0_EEC1ERKS1_  notification_center.o
    0x0800a61c   0x000000fa   Code   RO         6169    t._ZNSt6vectorI4NewsSaIS0_EEaSERKS2_  notification_center.o
    0x0800a716   0x000000c6   Code   RO         5193    t._ZNSt6vectorIP5LayerSaIS1_EE13_C_insert_auxEPS1_RKS1_  renderer.o
    0x0800a7dc   0x00000030   Code   RO         5181    t._ZNSt6vectorIP5LayerSaIS1_EE2atEj  renderer.o
    0x0800a80c   0x0000000a   Code   RO         5211    t._ZNSt6vectorIP5LayerSaIS1_EEC1ERKS2_  renderer.o
    0x0800a816   0x00000100   Code   RO         5187    t._ZNSt6vectorIP5LayerSaIS1_EEaSERKS3_  renderer.o
    0x0800a916   0x00000016   Code   RO         6594    t._ZNSt6vectorISsSaISsEE10_C_destroyEPSsS2_  usb.o
    0x0800a92c   0x000000cc   Code   RO         6564    t._ZNSt6vectorISsSaISsEE13_C_insert_auxEPSsRKSs  usb.o
    0x0800a9f8   0x00000030   Code   RO         6636    t._ZNSt6vectorISsSaISsEE2atEj  usb.o
    0x0800aa28   0x0000000a   Code   RO         6630    t._ZNSt6vectorISsSaISsEEC1ERKS0_  usb.o
    0x0800aa32   0x0000001e   Code   RO         6648    t._ZNSt6vectorISsSaISsEED1Ev  usb.o
    0x0800aa50   0x000000f8   Code   RO         6576    t._ZNSt6vectorISsSaISsEEaSERKS1_  usb.o
    0x0800ab48   0x00000026   Code   RO         6247    t._ZSt18uninitialized_copyIP12NotificationS1_SaIS0_EET0_T_S4_S3_RT1_  notification_center.o
    0x0800ab6e   0x00000016   Code   RO         6253    t._ZSt18uninitialized_copyIP4NewsS1_SaIS0_EET0_T_S4_S3_RT1_  notification_center.o
    0x0800ab84   0x0000001c   Code   RO         5450    t._ZSt18uninitialized_copyIPK12NotificationPS0_SaIS0_EET0_T_S6_S5_RT1_  screen.o
    0x0800aba0   0x00000016   Code   RO         5432    t._ZSt18uninitialized_copyIPK4NewsPS0_SaIS0_EET0_T_S6_S5_RT1_  screen.o
    0x0800abb6   0x00000016   Code   RO         5217    t._ZSt18uninitialized_copyIPKP5LayerPS1_SaIS1_EET0_T_S7_S6_RT1_  renderer.o
    0x0800abcc   0x00000026   Code   RO         6654    t._ZSt18uninitialized_copyIPKSsPSsSaISsEET0_T_S5_S4_RT1_  usb.o
    0x0800abf2   0x00000016   Code   RO         5241    t._ZSt18uninitialized_copyIPP5LayerS2_SaIS1_EET0_T_S5_S4_RT1_  renderer.o
    0x0800ac08   0x00000026   Code   RO         6618    t._ZSt18uninitialized_copyIPSsS0_SaISsEET0_T_S3_S2_RT1_  usb.o
    0x0800ac2e   0x0000000c   Code   RO         5423    t._ZSt3maxIjERKT_S2_S2_  screen.o
    0x0800ac3a   0x00000010   Code   RO         6259    t._ZSt4copyIP12NotificationS1_ET0_T_S3_S2_  notification_center.o
    0x0800ac4a   0x00000010   Code   RO         5462    t._ZSt4copyIPK12NotificationPS0_ET0_T_S5_S4_  screen.o
    0x0800ac5a   0x0000000e   Code   RO         5444    t._ZSt4copyIPK4NewsPS0_ET0_T_S5_S4_  screen.o
    0x0800ac68   0x0000000e   Code   RO         5223    t._ZSt4copyIPKP5LayerPS1_ET0_T_S6_S5_  renderer.o
    0x0800ac76   0x0000001e   Code   RO         6660    t._ZSt4copyIPKSsPSsET0_T_S4_S3_  usb.o
    0x0800ac94   0x00000010   Data   RO            6    .constdata          system_stm32f4xx.o
    0x0800aca4   0x0000005c   Data   RO         7102    .constdata          cpp_ws.l(rwstdexcept.o)
    0x0800ad00   0x00000200   Data   RO         7694    .constdata          cpp_ws.l(char.o)
    0x0800af00   0x00000030   Data   RO         8202    .constdata          m_wm.l(cos_i.o)
    0x0800af30   0x000000c8   Data   RO         8220    .constdata          m_wm.l(rred.o)
    0x0800aff8   0x00000028   Data   RO         8224    .constdata          m_wm.l(sin_i.o)
    0x0800b020   0x00000081   Data   RO         8258    .constdata          mc_w.l(ctype_o.o)
    0x0800b0a1   0x00000003   PAD
    0x0800b0a4   0x00000004   Data   RO         8259    .constdata          mc_w.l(ctype_o.o)
    0x0800b0a8   0x00000018   Data   RO         5645    .constdata__ZTV10ScreenBoot  screen_boot.o
    0x0800b0c0   0x00000018   Data   RO         5827    .constdata__ZTV10ScreenHome  screen_home.o
    0x0800b0d8   0x00000018   Data   RO         5722    .constdata__ZTV11ScreenError  screen_error.o
    0x0800b0f0   0x00000018   Data   RO         5404    .constdata__ZTV6Screen  screen.o
    0x0800b108   0x00000014   Data   RO         7177    .constdata__ZTVNSt6locale5facetE  cpp_ws.l(rwstdexcept.o)
    0x0800b11c   0x00000034   Data   RO         7865    .constdata__ZTVSt12ctype_bynameIcE  cpp_ws.l(char.o)
    0x0800b150   0x00000014   Data   RO         7179    .constdata__ZTVSt14__rw_exception  cpp_ws.l(rwstdexcept.o)
    0x0800b164   0x00000034   Data   RO         7705    .constdata__ZTVSt5ctypeIcE  cpp_ws.l(char.o)
    0x0800b198   0x00000020   Data   RO         7115    .constdata__ZTVSt8messagesIcE  cpp_ws.l(rwstdexcept.o)
    0x0800b1b8   0x00000014   Data   RO         8170    .constdata__ZTVSt9exception  cpprt_w.l(exception_dtor.o)
    0x0800b1cc   0x00000001   Data   RO         7995    .constdata__ZZNK4__rw15__rw_locale_imp16_C_category_nameEiEs  cpp_ws.l(locale.o)
    0x0800b1cd   0x00000001   Data   RO         5829    .constdata__ZZNSs7replaceEjjPKcjjjEs  screen_home.o
    0x0800b1ce   0x00000001   Data   RO         5830    .constdata__ZZNSs9_C_getRepEjjEs  screen_home.o
    0x0800b1cf   0x00000001   Data   RO         5828    .constdata__ZZNSt6vectorI12NotificationSaIS0_EE2atEjEs  screen_home.o
    0x0800b1d0   0x00000001   Data   RO         5180    .constdata__ZZNSt6vectorIP5LayerSaIS1_EE2atEjEs  renderer.o
    0x0800b1d1   0x00000001   Data   RO         6545    .constdata__ZZNSt6vectorISsSaISsEE2atEjEs  usb.o
    0x0800b1d2   0x00000002   Data   RO         7116    .constdata__ZZNSt8messagesIcEC1EjEs  cpp_ws.l(rwstdexcept.o)
    0x0800b1d4   0x00000272   Data   RO         7103    .conststring        cpp_ws.l(rwstdexcept.o)
    0x0800b446   0x00000002   PAD
    0x0800b448   0x00000020   Data   RO         8588    Region$$Table       anon$$obj.o
    0x0800b468   0x00000004   Data   RO         4633    .init_array         event_horizon.o
    0x0800b46c   0x00000004   Data   RO         5372    .init_array         screen.o
    0x0800b470   0x00000004   Data   RO         5760    .init_array         screen_home.o
    0x0800b474   0x00000004   Data   RO         6514    .init_array         usb.o
    0x0800b478   0x00000000   Data   RO         7646    .init_array         mc_w.l(cpp_init.o)
    0x0800b478   0x00000004   Data   RO         7696    .init_array         cpp_ws.l(char.o)
    0x0800b47c   0x00000004   Data   RO         7978    .init_array         cpp_ws.l(locale.o)
    0x0800b480   0x00000004   Data   RO         8339    .init_array         cpp_ws.l(rwcats.o)


    Execution Region RW_IRAM1 (Base: 0x20000000, Size: 0x00010d80, Max: 0x00020000, ABSOLUTE, COMPRESSED[0x000002f0])

    Base Addr    Size         Type   Attr      Idx    E Section Name        Object

    0x20000000   0x00000004   Data   RW            8    .data               system_stm32f4xx.o
    0x20000004   0x00000010   Data   RW          225    .data               usbd_cdc_if.o
    0x20000014   0x00000020   Data   RW          482    .data               usbd_desc.o
    0x20000034   0x00000024   Data   RW          483    .data               usbd_desc.o
    0x20000058   0x00000001   Data   RW          780    .data               main.o
    0x20000059   0x00000003   PAD
    0x2000005c   0x00000004   Data   RW         1240    .data               stm32f4xx_hal.o
    0x20000060   0x000000db   Data   RW         4454    .data               usbd_cdc.o
    0x2000013b   0x00000001   PAD
    0x2000013c   0x0000003c   Data   RW         4455    .data               usbd_cdc.o
    0x20000178   0x00000001   Data   RW         4553    .data               usbd_ctlreq.o
    0x20000179   0x00000003   PAD
    0x2000017c   0x00000008   Data   RW         4632    .data               event_horizon.o
    0x20000184   0x000001e0   Data   RW         4960    .data               fonts.o
    0x20000364   0x000000f0   Data   RW         4962    .data               fonts.o
    0x20000454   0x00000004   Data   RW         5009    .data               layer.o
    0x20000458   0x00000010   Data   RW         5611    .data               screen_boot.o
    0x20000468   0x00000030   Data   RW         5759    .data               screen_home.o
    0x20000498   0x00000008   Data   RW         6111    .data               notification_center.o
    0x200004a0   0x00000001   Data   RW         6513    .data               usb.o
    0x200004a1   0x00000003   PAD
    0x200004a4   0x00000017   Data   RW         7104    .data               cpp_ws.l(rwstdexcept.o)
    0x200004bb   0x00000001   PAD
    0x200004bc   0x00000004   Data   RW         7345    .data               mc_w.l(strtok.o)
    0x200004c0   0x00000008   Data   RW         7695    .data               cpp_ws.l(char.o)
    0x200004c8   0x0000001c   Data   RW         7977    .data               cpp_ws.l(locale.o)
    0x200004e4   0x00000004   Data   RW         8136    .data               cpp_ws.l(rwthrowproc_noex.o)
    0x200004e8   0x00000004   Data   RW         8246    .data               mc_w.l(stderr.o)
    0x200004ec   0x00000004   Data   RW         8295    .data               mc_w.l(mvars.o)
    0x200004f0   0x00000004   Data   RW         8296    .data               mc_w.l(mvars.o)
    0x200004f4   0x00000004   Data   RW         8300    .data               mc_w.l(errno.o)
    0x200004f8   0x00000004   Data   RW         8310    .data               mc_w.l(cpp_dtor.o)
    0x200004fc   0x00000008   Data   RW         8338    .data               cpp_ws.l(rwcats.o)
    0x20000504   0x0000000c   Data   RW         8523    .data               mc_w.l(cpp_memory.o)
    0x20000510   0x00000004   Data   RW         8078    .data__ZZNKSt6locale2id7_C_initEvE9_C_id_gen  cpp_ws.l(locale.o)
    0x20000514   0x0000000c   Data   RW         8134    .data__ZZSt13__rw_get_catsvE11__open_cats  cpp_ws.l(messages.o)
    0x20000520   0x00000224   Zero   RW          153    .bss                usb_device.o
    0x20000744   0x00001000   Zero   RW          224    .bss                usbd_cdc_if.o
    0x20001744   0x000003fc   Zero   RW          307    .bss                usbd_conf.o
    0x20001b40   0x00000200   Zero   RW          481    .bss                usbd_desc.o
    0x20001d40   0x000000c0   Zero   RW          682    .bss                peripherals.o
    0x20001e00   0x000000fc   Zero   RW          779    .bss                main.o
    0x20001efc   0x00006024   Zero   RW         4631    .bss                event_horizon.o
    0x20007f20   0x00002028   Zero   RW         5371    .bss                screen.o
    0x20009f48   0x00002001   Zero   RW         5758    .bss                screen_home.o
    0x2000bf49   0x00000003   PAD
    0x2000bf4c   0x0000000c   Zero   RW         6512    .bss                usb.o
    0x2000bf58   0x00000018   Zero   RW         7101    .bss                cpp_ws.l(rwstdexcept.o)
    0x2000bf70   0x00000010   Zero   RW         8412    .bss__ZNSs9__nullrefE  cpp_ws.l(vendor.o)
    0x2000bf80   0x00002700   Zero   RW         4608    HEAP                startup_stm32f446xx.o
    0x2000e680   0x00002700   Zero   RW         4607    STACK               startup_stm32f446xx.o


==============================================================================

Image component sizes


      Code (inc. data)   RO Data    RW Data    ZI Data      Debug   Object Name

       398         12          0          0          0       2388   display.o
       360        122          4          8      24612      24493   event_horizon.o
         0          0          0        720          0        665   fonts.o
       988          8          0          4          0       7608   layer.o
       950         86          0          1        252     718972   main.o
         8          0          0          0          0       1028   news.o
        26          0          0          0          0       2680   notification.o
      1564         10          0          8          0      38026   notification_center.o
       620         80          0          0        192       8367   peripherals.o
       946          6          1          0          0      24399   renderer.o
       396         36         28          0       8232      10742   screen.o
       548         94         24         16          0      10332   screen_boot.o
       196         80         24          0          0       2608   screen_error.o
      2796        484         31         48       8193      29090   screen_home.o
        36          8        452          0      19968        804   startup_stm32f446xx.o
       148         22          0          4          0       4423   stm32f4xx_hal.o
      1080         48          0          0          0       5202   stm32f4xx_hal_adc.o
       228         14          0          0          0      32145   stm32f4xx_hal_cortex.o
       466         48          0          0          0       4251   stm32f4xx_hal_gpio.o
       336         48          0          0          0       3896   stm32f4xx_hal_msp.o
      2266         72          0          0          0      11421   stm32f4xx_hal_pcd.o
       116          6          0          0          0       2484   stm32f4xx_hal_pcd_ex.o
        24          4          0          0          0        547   stm32f4xx_hal_pwr.o
       140         14          0          0          0       1288   stm32f4xx_hal_pwr_ex.o
       392         22          0          0          0       2292   stm32f4xx_hal_rcc.o
      2428         68          0          0          0       4450   stm32f4xx_hal_rcc_ex.o
       912         26          0          0          0       7480   stm32f4xx_hal_rtc.o
        20          0          0          0          0       1723   stm32f4xx_hal_rtc_ex.o
      1124         88          0          0          0      10096   stm32f4xx_hal_tim.o
       138          0          0          0          0       2591   stm32f4xx_hal_tim_ex.o
       168         16          0          0          0       5215   stm32f4xx_it.o
      2440         56          0          0          0      20400   stm32f4xx_ll_usb.o
        84         18         16          4          0     735039   system_stm32f4xx.o
      1376         76          5          1         12      39938   usb.o
        56         18          0          0        548       6851   usb_device.o
       542         22          0        279          0      12332   usbd_cdc.o
       104         22          0         16       4096       3453   usbd_cdc_if.o
       822         40          0          0       1020      15127   usbd_conf.o
       626          0          0          0          0      12010   usbd_core.o
      1026         22          0          1          0       7984   usbd_ctlreq.o
       200         96          0         68        512       5731   usbd_desc.o
       132          0          0          0          0       4508   usbd_ioreq.o

    ----------------------------------------------------------------------
     27260       1892        617       1188      67640    1845079   Object Totals
         0          0         32          0          0          0   (incl. Generated)
        34          0          0         10          3          0   (incl. Padding)

    ----------------------------------------------------------------------

      Code (inc. data)   RO Data    RW Data    ZI Data      Debug   Library Member Name

      1868         72        620          8          0       1424   char.o
      1502         80          5         32          0       1760   locale.o
       482         34          0         12          0        784   messages.o
        36          0          0          0          0        144   rwalloc.o
       184         24          4          8          0        400   rwcats.o
      1000         68        792         23         24       1220   rwstdexcept.o
       152         94          0          0          0         72   rwthrowproc_impl_noex.o
         0          0          0          4          0          0   rwthrowproc_noex.o
         0          0          0          0         16          0   vendor.o
        28          0          0          0          0         84   ARM_vec_cleanup_noexceptions.o
        14          0          0          0          0         80   aeabi_vec_delete_noexceptions.o
        16          0          0          0          0         68   aeabi_vec_dtor_cookie.o
        34          0          0          0          0         84   aeabi_vec_dtor_noexceptions.o
        20          0          0          0          0         80   aeabi_vec_new_cookie.o
        80         12          0          0          0        104   arm_exceptions_globs.o
        60          0          0          0          0        108   arm_exceptions_mem.o
        26          0          0          0          0         76   arm_exceptions_terminate.o
         4          0          0          0          0         68   arm_newhandler_noexceptions.o
         2          0          0          0          0         68   arm_rethrow_noexceptions.o
         8          0          0          0          0         76   array_del.o
         8          0          0          0          0         76   array_new.o
       146          0          0          0          0         96   array_new_general.o
        16          0          0          0          0         68   cxa_guard_acquire.o
        24          6          0          0          0         84   cxa_vec_new.o
         8          0          0          0          0         76   delete.o
        12          6          0          0          0         68   exception_ctor.o
         0          0         20          0          0          0   exception_dtor.o
        40          6          0          0          0         76   new.o
         6          0          0          0          0         68   pure_virt.o
       200         20          0          0          0        164   cos.o
       368         46         48          0          0        200   cos_i.o
        84         16          0          0          0        372   dunder.o
        24          0          0          0          0        124   fabs.o
        48          0          0          0          0        124   fpclassify.o
       248          0          0          0          0        152   poly.o
      1080        142        200          0          0        188   rred.o
       200         20          0          0          0        164   sin.o
       304         24         40          0          0        208   sin_i.o
        86          0          0          0          0          0   __dczerorl2.o
        28          0          0          0          0         68   _chval.o
       812          4          0          0          0        112   _scanf.o
       332          0          0          0          0         96   _scanf_int.o
       342          0          0          0          0        100   _scanf_longlong.o
       224          0          0          0          0         96   _scanf_str.o
        64          0          0          0          0         84   _sgetc.o
       158          0          0          0          0         92   _strtoul.o
        46          0          0          0          0         84   aeabi_atexit.o
         8          4          0          4          0         68   cpp_dtor.o
         2          0          0          0          0         68   cpp_final.o
        32         10          0          0          0         80   cpp_init.o
        20          4          0         12          0        136   cpp_memory.o
         2          0          0          0          0         68   cpp_signal.o
         8          4        133          0          0         68   ctype_o.o
        66          0          0          0          0         84   cxa_finalize.o
         0          0          0          0          0          0   entry.o
         0          0          0          0          0          0   entry10a.o
         4          0          0          0          0          0   entry10b.o
         0          0          0          0          0          0   entry11a.o
         8          4          0          0          0          0   entry2.o
         4          0          0          0          0          0   entry5.o
         0          0          0          0          0          0   entry7b.o
         4          0          0          0          0          0   entry8a.o
         0          0          0          0          0          0   entry8b.o
         8          4          0          0          0          0   entry9a.o
        20         10          0          4          0        136   errno.o
        18          0          0          0          0         80   fputc.o
        30          0          0          0          0          0   handlers.o
        36          8          0          0          0         68   init.o
        18          0          0          0          0         76   isspace_o.o
         0          0          0          0          0          0   iusefp.o
         0          0          0          0          0          0   iusesemip.o
        30          0          0          0          0         68   llshl.o
        36          0          0          0          0         68   llsshr.o
        32          0          0          0          0         68   llushr.o
       188         20          0          0          0        160   malloc.o
        66          0          0          0          0         76   memmove.o
        64          0          0          0          0         76   memmovea.o
        36          0          0          0          0        108   memseta.o
         0          0          0          8          0          0   mvars.o
      2370         96          0          0          0        752   printfa.o
        40          8          0          0          0         84   scanf_char.o
       838         12          0          0          0        216   scanf_fp.o
         0          0          0          0          0          0   semi.o
        56          8          0          0          0         84   sscanf.o
         0          0          0          4          0          0   stderr.o
        24          0          0          0          0         68   strcat.o
        28          0          0          0          0         76   strcmp.o
        18          0          0          0          0         68   strcpy.o
        14          0          0          0          0         68   strlen.o
        32          0          0          0          0         68   strrchr.o
        36          0          0          0          0         80   strstr.o
        68          6          0          4          0         80   strtok.o
       114          0          0          0          0         92   strtoul.o
        44          0          0          0          0         80   uidiv.o
        98          0          0          0          0         92   uldiv.o
        48          0          0          0          0         68   cdcmple.o
        48          0          0          0          0         68   cdrcmple.o
        56          0          0          0          0         88   d2f.o
       334          0          0          0          0        148   dadd.o
       222          0          0          0          0        100   ddiv.o
       186          0          0          0          0        176   depilogue.o
        62          0          0          0          0         80   dfixi.o
        50          0          0          0          0         76   dfixui.o
        48          0          0          0          0         68   dfixul.o
        34          0          0          0          0         76   dflti.o
        26          0          0          0          0         76   dfltui.o
        24          0          0          0          0         76   dfltul.o
       228          0          0          0          0         96   dmul.o
       110          0          0          0          0        168   fepilogue.o

    ----------------------------------------------------------------------
     16468        872       1867        124         40      14568   Library Totals
        48          0          5          1          0          0   (incl. Padding)

    ----------------------------------------------------------------------

      Code (inc. data)   RO Data    RW Data    ZI Data      Debug   Library Name

      5224        372       1421         87         40       5804   cpp_ws.l
       552         30         20          0          0       1508   cpprt_w.l
      2556        268        288          0          0       1696   m_wm.l
      6612        202        133         36          0       4196   mc_w.l
      1476          0          0          0          0       1364   mf_w.l

    ----------------------------------------------------------------------
     16468        872       1867        124         40      14568   Library Totals

    ----------------------------------------------------------------------

==============================================================================


      Code (inc. data)   RO Data    RW Data    ZI Data      Debug   

     43728       2764       2484       1312      67680    1817075   Grand Totals
     43728       2764       2484        752      67680    1817075   ELF Image Totals (compressed)
     43728       2764       2484        752          0          0   ROM Totals

==============================================================================

    Total RO  Size (Code + RO Data)                46212 (  45.13kB)
    Total RW  Size (RW Data + ZI Data)             68992 (  67.38kB)
    Total ROM Size (Code + RO Data + RW Data)      46964 (  45.86kB)

==============================================================================

